******************************************************************************
               TMS320C6x Linker PC v7.3.1                      
******************************************************************************
>> Linked Wed May 16 10:05:02 2012

OUTPUT FILE NAME:   <vlfft_evmc6678l.out>
ENTRY POINT SYMBOL: "_c_int00"  address: 0c233220


MEMORY CONFIGURATION

         name            origin    length      used     unused   attr    fill
----------------------  --------  ---------  --------  --------  ----  --------
  L2SRAM                00800000   00026000  00025000  00001000  RW X
  L2SRAM_1              00826000   0005a000  0005a000  00000000  RW X
  MSMCSRAM              0c000000   00200000  00200000  00000000  RW X
  MSMCSRAM_1            0c200000   00100000  00039420  000c6be0  RW X
  MSMCSRAM_2            0c300000   00100000  00000000  00100000  RW X
  DDR                   80000000   00200000  00000000  00200000  RW X
  DDR_1                 80200000   04000000  02000000  02000000  RW X


SEGMENT ALLOCATION MAP

run origin  load origin   length   init length attrs members
----------  ----------- ---------- ----------- ----- -------
00800000    00800000    00008024   00000000    rw-
  00800000    00800000    00008024   00000000    rw- .far.1
00808030    00808030    0000f598   00000000    rw-
  00808030    00808030    0000f598   00000000    rw- .far.2
008175d0    008175d0    00000096   00000000    rw-
  008175d0    008175d0    00000096   00000000    rw- .far.3
00817670    00817670    00004948   00004948    rw-
  00817670    00817670    00004948   00004948    rw- .fardata.1
0081bfc0    0081bfc0    00000548   00000548    rw-
  0081bfc0    0081bfc0    00000548   00000548    rw- .fardata.2
0081c510    0081c510    00000078   00000078    rw-
  0081c510    0081c510    00000078   00000078    rw- .fardata.3
0081c590    0081c590    000004b8   000004b8    rw-
  0081c590    0081c590    000004b8   000004b8    rw- .fardata.4
0081ca50    0081ca50    00000018   00000018    rw-
  0081ca50    0081ca50    00000018   00000018    rw- .fardata.5
0081ca70    0081ca70    00000014   00000014    rw-
  0081ca70    0081ca70    00000014   00000014    rw- .fardata.6
0081ca90    0081ca90    00000014   00000014    rw-
  0081ca90    0081ca90    00000014   00000014    rw- .fardata.7
0081cab0    0081cab0    00000078   00000078    rw-
  0081cab0    0081cab0    00000078   00000078    rw- .fardata.8
0081cb30    0081cb30    00000008   00000008    rw-
  0081cb30    0081cb30    00000008   00000008    rw- .fardata.9
0081cb40    0081cb40    00000004   00000004    rw-
  0081cb40    0081cb40    00000004   00000004    rw- .fardata.10
0081cb50    0081cb50    00000004   00000004    rw-
  0081cb50    0081cb50    00000004   00000004    rw- .fardata.11
0081cb60    0081cb60    00000004   00000004    rw-
  0081cb60    0081cb60    00000004   00000004    rw- .fardata.12
0081cb70    0081cb70    00000004   00000004    rw-
  0081cb70    0081cb70    00000004   00000004    rw- .fardata.13
0081cb80    0081cb80    00000004   00000004    rw-
  0081cb80    0081cb80    00000004   00000004    rw- .fardata.14
0081cb90    0081cb90    00000004   00000004    rw-
  0081cb90    0081cb90    00000004   00000004    rw- .fardata.15
0081cba0    0081cba0    00000004   00000004    rw-
  0081cba0    0081cba0    00000004   00000004    rw- .fardata.16
0081cbb0    0081cbb0    00000004   00000004    rw-
  0081cbb0    0081cbb0    00000004   00000004    rw- .fardata.17
0081cbc0    0081cbc0    00000004   00000004    rw-
  0081cbc0    0081cbc0    00000004   00000004    rw- .fardata.18
0081cbd0    0081cbd0    00000004   00000004    rw-
  0081cbd0    0081cbd0    00000004   00000004    rw- .fardata.19
0081cbe0    0081cbe0    00000004   00000004    rw-
  0081cbe0    0081cbe0    00000004   00000004    rw- .fardata.20
0081cbf0    0081cbf0    00004a76   00004a76    r--
  0081cbf0    0081cbf0    00004a76   00004a76    r-- .const
00821668    00821668    00001120   00000000    rw-
  00821668    00821668    00001000   00000000    rw- .stack
  00822668    00822668    00000120   00000000    rw- .cio
00822788    00822788    000000d0   000000d0    r--
  00822788    00822788    000000d0   000000d0    r-- .switch
00822858    00822858    00000010   00000000    rw-
  00822858    00822858    00000010   00000000    rw- .bss
00822868    00822868    00000032   00000032    rw-
  00822868    00822868    00000032   00000032    rw- .neardata
0082289c    0082289c    00000008   00000008    r--
  0082289c    0082289c    00000008   00000008    r-- .rodata
008228a4    008228a4    00002850   00002850    r--
  008228a4    008228a4    00002850   00002850    r-- .cinit
00826000    00826000    0005a000   00000000    rw-
  00826000    00826000    0005a000   00000000    rw- .internalMEM
0c200000    0c200000    00039220   00039220    r-x
  0c200000    0c200000    00039220   00039220    r-x .text
0c239400    0c239400    00000200   00000200    r-x
  0c239400    0c239400    00000200   00000200    r-x .vecs
80200000    80200000    02000000   00000000    rw-
  80200000    80200000    02000000   00000000    rw- .externalMEM


SECTION ALLOCATION MAP

 output                                  attributes/
section   page    origin      length       input sections
--------  ----  ----------  ----------   ----------------
.init_array 
*          0    00800000    00000000     UNINITIALIZED

xdc.meta   0    00800000    00000128     COPY SECTION
                  00800000    00000128     vlfft_evmc6678l_pe66.oe66 (xdc.meta)

.far.1     0    00800000    00008024     UNINITIALIZED
                  00800000    00008024     vlfft_evmc6678l_pe66.oe66 (.far)

.far.2     0    00808030    0000f598     UNINITIALIZED
                  00808030    000079f0     edma3_lld_drv.ae66 : edma3_drv_init.oe66 (.far)
                  0080fa20    00004970     edma3_lld_rm.ae66 : edma3resmgr.oe66 (.far)
                  00814390    00002820                       : edma3_rm_gbl_data.oe66 (.far)
                  00816bb0    00000800     vlfft_evmc6678l_pe66.oe66 (.far:taskStackSection)
                  008173b0    00000140     rts6600_elf.lib : defs.obj (.far)
                  008174f0    000000d8                     : trgdrv.obj (.far)

.far.3     0    008175d0    00000096     UNINITIALIZED
                  008175d0    00000096     vlfftApps.obj (.far)

.fardata.1 
*          0    00817670    00004948     
                  00817670    00000fc0     edma3_lld_rm.ae66 : edma3_c6678_cfg.oe66 (.fardata:defInstInitConfig)
                  00818630    00000fc0     edma3_lld_drv_sample.ae66 : sample_c6678_cfg.oe66 (.fardata:sampleInstInitConfig)
                  008195f0    00000888     edma3_lld_rm.ae66 : edma3_c6678_cfg.oe66 (.fardata:edma3GblCfgParams)
                  00819e78    00000008     rts6600_elf.lib : _lock.obj (.fardata)
                  00819e80    00000888     edma3_lld_drv_sample.ae66 : sample_c6678_cfg.oe66 (.fardata:sampleEdma3GblCfgParams)
                  0081a708    00000004     rts6600_elf.lib : defs.obj (.fardata)
                  0081a70c    00000004                     : dtor_list.obj (.fardata)
                  0081a710    00000800     vlfft_evmc6678l_pe66.oe66 (.fardata:ti_sdo_ipc_GateMP_Module_State_0_remoteCustom1Gates__A)
                  0081af10    0000072c     vlfft_evmc6678l_pe66.oe66 (.fardata)
                  0081b63c    00000004     --HOLE--
                  0081b640    00000500     vlfft_evmc6678l_pe66.oe66 (.fardata:ti_sysbios_family_c66_tci66xx_CpIntc_Module_State_0_dispatchTab__A)
                  0081bb40    000001e0     rts6600_elf.lib : defs.obj (.fardata:_ftable)
                  0081bd20    00000180     vlfft_evmc6678l_pe66.oe66 (.fardata:ti_sysbios_timers_timer64_Timer_Module_State_0_device__A)
                  0081bea0    00000118     vlfft_evmc6678l_pe66.oe66 (.fardata:ti_sdo_utils_NameServer_Object__table__V)

.fardata.2 
*          0    0081bfc0    00000548     
                  0081bfc0    000000a0     rts6600_elf.lib : lowlev.obj (.fardata:_stream)
                  0081c060    000000a0     vlfft_evmc6678l_pe66.oe66 (.fardata:ti_sdo_ipc_Ipc_Module_State_0_procEntry__A)
                  0081c100    00000090     vlfft_evmc6678l_pe66.oe66 (.fardata:ti_sdo_ipc_SharedRegion_Module_State_0_regions__A)
                  0081c190    00000080     vlfft_evmc6678l_pe66.oe66 (.fardata:ti_sdo_ipc_GateMP_Module_State_0_remoteSystemGates__A)
                  0081c210    00000080     vlfft_evmc6678l_pe66.oe66 (.fardata:ti_sysbios_knl_Swi_Module_State_0_readyQ__A)
                  0081c290    00000080     vlfft_evmc6678l_pe66.oe66 (.fardata:ti_sysbios_knl_Task_Module_State_0_readyQ__A)
                  0081c310    00000080     vlfft_evmc6678l_pe66.oe66 (.fardata:ti_sysbios_timers_timer64_Timer_Module_State_0_gctrl__A)
                  0081c390    00000080     vlfft_evmc6678l_pe66.oe66 (.fardata:ti_sysbios_timers_timer64_Timer_Module_State_0_handles__A)
                  0081c410    00000080     vlfft_evmc6678l_pe66.oe66 (.fardata:ti_sysbios_timers_timer64_Timer_Module_State_0_intFreqs__A)
                  0081c490    00000078     rts6600_elf.lib : lowlev.obj (.fardata:_device)

.fardata.3 
*          0    0081c510    00000078     
                  0081c510    00000078     vlfft_evmc6678l_pe66.oe66 (.fardata:ti_sysbios_family_c64p_Hwi_Object__table__V)

.fardata.4 
*          0    0081c590    000004b8     
                  0081c590    00000060     edma3_lld_drv_sample.ae66 : sample_c6678_cfg.oe66 (.fardata:ccXferCompInt)
                  0081c5f0    00000060                               : sample_c6678_int_reg.oe66 (.fardata:ccXferHostInt)
                  0081c650    00000060                               : sample_c6678_int_reg.oe66 (.fardata:edma3ErrHostInt)
                  0081c6b0    00000060                               : sample_c6678_cfg.oe66 (.fardata:tcErrorInt)
                  0081c710    0000004c     vlfft_evmc6678l_pe66.oe66 (.fardata:ti_sysbios_family_c66_tci66xx_CpIntc_Module_State_0_hostIntToSysInt__A)
                  0081c75c    00000004     --HOLE--
                  0081c760    0000004c     vlfft_evmc6678l_pe66.oe66 (.fardata:ti_sysbios_timers_timer64_Timer_Object__table__V)
                  0081c7ac    00000004     --HOLE--
                  0081c7b0    00000044     vlfft_evmc6678l_pe66.oe66 (.fardata:ti_sysbios_knl_Task_Object__table__V)
                  0081c7f4    0000000c     rts6600_elf.lib : exit.obj (.fardata)
                  0081c800    00000040                     : cos.obj (.fardata:R$1)
                  0081c840    00000040                     : sin.obj (.fardata:R$1)
                  0081c880    00000040     vlfft_evmc6678l_pe66.oe66 (.fardata:ti_sdo_ipc_MessageQ_Module_State_0_transports__A)
                  0081c8c0    00000040     vlfft_evmc6678l_pe66.oe66 (.fardata:ti_sdo_ipc_family_c647x_Interrupt_Module_State_0_fxnTable__A)
                  0081c900    00000040     vlfft_evmc6678l_pe66.oe66 (.fardata:ti_sysbios_gates_GateMutex_Object__table__V)
                  0081c940    00000030     vlfft_evmc6678l_pe66.oe66 (.fardata:ti_sysbios_knl_Swi_Object__table__V)
                  0081c970    00000020     edma3_lld_drv_sample.ae66 : sample_c6678_cfg.oe66 (.fardata:gblCfgReqdArray)
                  0081c990    00000020                               : sample_c6678_int_reg.oe66 (.fardata:ptrEdma3TcIsrHandler)
                  0081c9b0    00000020     vlfft_evmc6678l_pe66.oe66 (.fardata:ti_sdo_ipc_MessageQ_Module_State_0_heaps__A)
                  0081c9d0    00000020     vlfft_evmc6678l_pe66.oe66 (.fardata:ti_sdo_ipc_Notify_Module_State_0_notifyHandles__A)
                  0081c9f0    00000020     vlfft_evmc6678l_pe66.oe66 (.fardata:ti_sdo_ipc_transports_TransportShmNotifySetup_Module_State_0_handles__A)
                  0081ca10    00000020     vlfft_evmc6678l_pe66.oe66 (.fardata:xdc_runtime_System_Module_State_0_atexitHandlers__A)
                  0081ca30    00000018     edma3_lld_rm.ae66 : edma3resmgr.oe66 (.fardata:allocatedTCCs)

.fardata.5 
*          0    0081ca50    00000018     
                  0081ca50    00000018     vlfft_evmc6678l_pe66.oe66 (.fardata:ti_sysbios_gates_GateMutexPri_Object__table__V)

.fardata.6 
*          0    0081ca70    00000014     
                  0081ca70    00000014     vlfft_evmc6678l_pe66.oe66 (.fardata:ti_sysbios_family_c66_tci66xx_CpIntc_Module_State_0_initSIER__A)

.fardata.7 
*          0    0081ca90    00000014     
                  0081ca90    00000014     vlfft_evmc6678l_pe66.oe66 (.fardata:ti_sysbios_heaps_HeapMem_Object__table__V)

.fardata.8 
*          0    0081cab0    00000078     
                  0081cab0    00000010     vlfft_evmc6678l_pe66.oe66 (.fardata:ti_sysbios_family_c66_tci66xx_CpIntc_Module_State_0_controller__A)
                  0081cac0    00000010     vlfft_evmc6678l_pe66.oe66 (.fardata:ti_sysbios_gates_GateAll_Object__table__V)
                  0081cad0    0000000c     edma3_lld_drv_sample.ae66 : sample_c6678_cfg.oe66 (.fardata:ccErrorInt)
                  0081cadc    00000004     --HOLE--
                  0081cae0    0000000c     edma3_lld_rm.ae66 : edma3resmgr.oe66 (.fardata:masterExists)
                  0081caec    00000004     --HOLE--
                  0081caf0    0000000c     edma3_lld_drv_sample.ae66 : sample_c6678_cfg.oe66 (.fardata:numEdma3Tc)
                  0081cafc    00000004     --HOLE--
                  0081cb00    0000000c                               : sample_c6678_cfg.oe66 (.fardata:semHandle)
                  0081cb0c    00000004     --HOLE--
                  0081cb10    0000000c     vlfft_evmc6678l_pe66.oe66 (.fardata:ti_sysbios_gates_GateSwi_Object__table__V)
                  0081cb1c    00000004     --HOLE--
                  0081cb20    00000008     vlfft_evmc6678l_pe66.oe66 (.fardata:ti_sysbios_hal_Hwi_Object__table__V)

.fardata.9 
*          0    0081cb30    00000008     
                  0081cb30    00000008     vlfft_evmc6678l_pe66.oe66 (.fardata:ti_sysbios_hal_Timer_Object__table__V)

.fardata.10 
*          0    0081cb40    00000004     
                  0081cb40    00000004     vlfft_evmc6678l_pe66.oe66 (.fardata:ti_sdo_ipc_GateMP_Module_State_0_remoteCustom2Gates__A)

.fardata.11 
*          0    0081cb50    00000004     
                  0081cb50    00000004     vlfft_evmc6678l_pe66.oe66 (.fardata:ti_sdo_ipc_Notify_Module_State_0_notifyHandles_0__A)

.fardata.12 
*          0    0081cb60    00000004     
                  0081cb60    00000004     vlfft_evmc6678l_pe66.oe66 (.fardata:ti_sdo_ipc_Notify_Module_State_0_notifyHandles_1__A)

.fardata.13 
*          0    0081cb70    00000004     
                  0081cb70    00000004     vlfft_evmc6678l_pe66.oe66 (.fardata:ti_sdo_ipc_Notify_Module_State_0_notifyHandles_2__A)

.fardata.14 
*          0    0081cb80    00000004     
                  0081cb80    00000004     vlfft_evmc6678l_pe66.oe66 (.fardata:ti_sdo_ipc_Notify_Module_State_0_notifyHandles_3__A)

.fardata.15 
*          0    0081cb90    00000004     
                  0081cb90    00000004     vlfft_evmc6678l_pe66.oe66 (.fardata:ti_sdo_ipc_Notify_Module_State_0_notifyHandles_4__A)

.fardata.16 
*          0    0081cba0    00000004     
                  0081cba0    00000004     vlfft_evmc6678l_pe66.oe66 (.fardata:ti_sdo_ipc_Notify_Module_State_0_notifyHandles_5__A)

.fardata.17 
*          0    0081cbb0    00000004     
                  0081cbb0    00000004     vlfft_evmc6678l_pe66.oe66 (.fardata:ti_sdo_ipc_Notify_Module_State_0_notifyHandles_6__A)

.fardata.18 
*          0    0081cbc0    00000004     
                  0081cbc0    00000004     vlfft_evmc6678l_pe66.oe66 (.fardata:ti_sdo_ipc_Notify_Module_State_0_notifyHandles_7__A)

.fardata.19 
*          0    0081cbd0    00000004     
                  0081cbd0    00000004     vlfft_evmc6678l_pe66.oe66 (.fardata:ti_sysbios_gates_GateHwi_Object__table__V)

.fardata.20 
*          0    0081cbe0    00000004     
                  0081cbe0    00000004     vlfft_evmc6678l_pe66.oe66 (.fardata:xdc_runtime_GateNull_Object__table__V)

.const     0    0081cbf0    00004a76     
                  0081cbf0    000025b4     vlfft_evmc6678l_pe66.oe66 (.const:xdc_runtime_Text_charTab__A)
                  0081f1a4    0000042c     sysbios.lib : BIOS.obj (.const:.string)
                  0081f5d0    00000400     vlfft_evmc6678l_pe66.oe66 (.const:ti_sysbios_family_c66_Cache_marvalues__C)
                  0081f9d0    000001ab     vlfftApps.obj (.const)
                  0081fb7b    00000001     --HOLE-- [fill = 0]
                  0081fb7c    00000004     ti.targets.rts6000.ae66 : Assert.oe66 (.const:.string)
                  0081fb80    00000180     vlfft_evmc6678l_pe66.oe66 (.const:xdc_runtime_Text_nodeTab__A)
                  0081fd00    00000101     rts6600_elf.lib : ctype.obj (.const:_ctypes_)
                  0081fe01    000000fd     edma3_lld_rm.ae66 : edma3resmgr.oe66 (.const:.string)
                  0081fefe    00000002     --HOLE-- [fill = 0]
                  0081ff00    000000cf     vlfft_evmc6678l_pe66.oe66 (.const)
                  0081ffcf    00000001     --HOLE-- [fill = 0]
                  0081ffd0    000000a0     vlfft_evmc6678l_pe66.oe66 (.const:ti_sysbios_family_c66_tci66xx_CpIntc_sysIntToHostInt__A)
                  00820070    00000081     edma3_lld_drv.ae66 : edma3_drv_init.oe66 (.const:.string)
                  008200f1    00000068                        : edma3_drv_basic.oe66 (.const:.string)
                  00820159    00000066     STMHelper.obj (.const)
                  008201bf    0000005a     messgQUtil.obj (.const)
                  00820219    00000059     vlfftUtil.obj (.const)
                  00820272    00000002     --HOLE-- [fill = 0]
                  00820274    00000058     ti.targets.rts6000.ae66 : Error.oe66 (.const:.string)
                  008202cc    00000004     vlfft_evmc6678l_pe66.oe66 (.const:ti_sdo_ipc_GateMP_A_invalidClose__C)
                  008202d0    0000004c     vlfft_evmc6678l_pe66.oe66 (.const:ti_sysbios_family_c66_tci66xx_CpIntc_hostIntToEventId__A)
                  0082031c    00000004     vlfft_evmc6678l_pe66.oe66 (.const:ti_sdo_ipc_GateMP_A_invalidDelete__C)
                  00820320    00000048     vlfft_evmc6678l_pe66.oe66 (.const:xdc_runtime_Startup_sfxnTab__A)
                  00820368    00000040     ti.targets.rts6000.ae66 : Text.oe66 (.const:.string)
                  008203a8    0000003e     vlfftEdmaConfig.obj (.const)
                  008203e6    00000002     --HOLE-- [fill = 0]
                  008203e8    00000038     vlfft_evmc6678l_pe66.oe66 (.const:ti_sdo_ipc_heaps_HeapBufMP_Object__PARAMS__C)
                  00820420    00000038     vlfft_evmc6678l_pe66.oe66 (.const:ti_sdo_ipc_notifyDrivers_NotifyDriverCirc_Module__FXNS__C)
                  00820458    00000038     vlfft_evmc6678l_pe66.oe66 (.const:ti_sysbios_knl_Task_Object__PARAMS__C)
                  00820490    00000034     vlfft_evmc6678l_pe66.oe66 (.const:ti_sdo_ipc_GateMP_Object__PARAMS__C)
                  008204c4    00000034     vlfft_evmc6678l_pe66.oe66 (.const:ti_sdo_ipc_notifyDrivers_NotifyDriverCirc_Object__PARAMS__C)
                  008204f8    00000030     vlfft_evmc6678l_pe66.oe66 (.const:ti_sdo_ipc_heaps_HeapMemMP_Object__PARAMS__C)
                  00820528    00000030     vlfft_evmc6678l_pe66.oe66 (.const:ti_sysbios_family_c64p_Hwi_Object__PARAMS__C)
                  00820558    0000002c     ti.targets.rts6000.ae66 : Startup.oe66 (.const:.string)
                  00820584    0000002c     vlfft_evmc6678l_pe66.oe66 (.const:ti_sdo_ipc_ListMP_Object__PARAMS__C)
                  008205b0    0000002c     vlfft_evmc6678l_pe66.oe66 (.const:ti_sdo_ipc_gates_GateHWSem_Module__FXNS__C)
                  008205dc    0000002c     vlfft_evmc6678l_pe66.oe66 (.const:ti_sdo_ipc_gates_GateMPSupportNull_Module__FXNS__C)
                  00820608    0000002c     vlfft_evmc6678l_pe66.oe66 (.const:ti_sdo_ipc_gates_GatePeterson_Module__FXNS__C)
                  00820634    00000028     vlfft_evmc6678l_pe66.oe66 (.const:ti_sdo_ipc_heaps_HeapBufMP_Module__FXNS__C)
                  0082065c    00000028     vlfft_evmc6678l_pe66.oe66 (.const:ti_sdo_ipc_heaps_HeapMemMP_Module__FXNS__C)
                  00820684    00000028     vlfft_evmc6678l_pe66.oe66 (.const:ti_sdo_ipc_nsremote_NameServerRemoteNotify_Module__FXNS__C)
                  008206ac    00000028     vlfft_evmc6678l_pe66.oe66 (.const:ti_sdo_ipc_transports_TransportShmNotify_Module__FXNS__C)
                  008206d4    00000028     vlfft_evmc6678l_pe66.oe66 (.const:ti_sysbios_heaps_HeapMem_Module__FXNS__C)
                  008206fc    00000028     vlfft_evmc6678l_pe66.oe66 (.const:ti_sysbios_knl_Swi_Object__PARAMS__C)
                  00820724    00000024     vlfft_evmc6678l_pe66.oe66 (.const:ti_sdo_ipc_gates_GateHWSem_Object__PARAMS__C)
                  00820748    00000024     vlfft_evmc6678l_pe66.oe66 (.const:ti_sdo_ipc_gates_GateMPSupportNull_Object__PARAMS__C)
                  0082076c    00000024     vlfft_evmc6678l_pe66.oe66 (.const:ti_sdo_ipc_gates_GatePeterson_Object__PARAMS__C)
                  00820790    00000024     vlfft_evmc6678l_pe66.oe66 (.const:ti_sysbios_gates_GateAll_Module__FXNS__C)
                  008207b4    00000024     vlfft_evmc6678l_pe66.oe66 (.const:ti_sysbios_gates_GateHwi_Module__FXNS__C)
                  008207d8    00000024     vlfft_evmc6678l_pe66.oe66 (.const:ti_sysbios_gates_GateMutexPri_Module__FXNS__C)
                  008207fc    00000024     vlfft_evmc6678l_pe66.oe66 (.const:ti_sysbios_gates_GateMutex_Module__FXNS__C)
                  00820820    00000024     vlfft_evmc6678l_pe66.oe66 (.const:ti_sysbios_gates_GateSwi_Module__FXNS__C)
                  00820844    00000024     vlfft_evmc6678l_pe66.oe66 (.const:ti_sysbios_knl_Clock_Object__PARAMS__C)
                  00820868    00000024     vlfft_evmc6678l_pe66.oe66 (.const:ti_sysbios_knl_Semaphore_Object__PARAMS__C)
                  0082088c    00000024     vlfft_evmc6678l_pe66.oe66 (.const:ti_sysbios_syncs_SyncSem_Module__FXNS__C)
                  008208b0    00000024     vlfft_evmc6678l_pe66.oe66 (.const:xdc_runtime_GateNull_Module__FXNS__C)
                  008208d4    0000000c     vlfft_evmc6678l_pe66.oe66 (.const:ti_sysbios_family_c66_Cache_initSize__C)
                  008208e0    00000024     vlfft_evmc6678l_pe66.oe66 (.const:xdc_runtime_Startup_sfxnRts__A)
                  00820904    00000024     vlfft_evmc6678l_pe66.oe66 (.const:xdc_runtime_knl_GateThread_Module__FXNS__C)
                  00820928    00000023     rts6600_elf.lib : _printfi.obj (.const)
                  0082094b    00000001     --HOLE-- [fill = 0]
                  0082094c    00000020     ti.targets.rts6000.ae66 : Core-mem.oe66 (.const:.string)
                  0082096c    00000020     vlfft_evmc6678l_pe66.oe66 (.const:ti_sdo_ipc_GateMP_Object__DESC__C)
                  0082098c    00000020     vlfft_evmc6678l_pe66.oe66 (.const:ti_sdo_ipc_ListMP_Object__DESC__C)
                  008209ac    00000020     vlfft_evmc6678l_pe66.oe66 (.const:ti_sdo_ipc_MessageQ_Object__DESC__C)
                  008209cc    00000020     vlfft_evmc6678l_pe66.oe66 (.const:ti_sdo_ipc_Notify_Object__DESC__C)
                  008209ec    00000020     vlfft_evmc6678l_pe66.oe66 (.const:ti_sdo_ipc_gates_GateHWSem_Object__DESC__C)
                  00820a0c    00000020     vlfft_evmc6678l_pe66.oe66 (.const:ti_sdo_ipc_gates_GateMPSupportNull_Object__DESC__C)
                  00820a2c    00000020     vlfft_evmc6678l_pe66.oe66 (.const:ti_sdo_ipc_gates_GatePeterson_Object__DESC__C)
                  00820a4c    00000020     vlfft_evmc6678l_pe66.oe66 (.const:ti_sdo_ipc_heaps_HeapBufMP_Object__DESC__C)
                  00820a6c    00000020     vlfft_evmc6678l_pe66.oe66 (.const:ti_sdo_ipc_heaps_HeapMemMP_Object__DESC__C)
                  00820a8c    00000020     vlfft_evmc6678l_pe66.oe66 (.const:ti_sdo_ipc_notifyDrivers_NotifyDriverCirc_Object__DESC__C)
                  00820aac    00000020     vlfft_evmc6678l_pe66.oe66 (.const:ti_sdo_ipc_nsremote_NameServerRemoteNotify_Object__DESC__C)
                  00820acc    00000020     vlfft_evmc6678l_pe66.oe66 (.const:ti_sdo_ipc_nsremote_NameServerRemoteNotify_Object__PARAMS__C)
                  00820aec    00000020     vlfft_evmc6678l_pe66.oe66 (.const:ti_sdo_ipc_transports_TransportShmNotify_Object__DESC__C)
                  00820b0c    00000020     vlfft_evmc6678l_pe66.oe66 (.const:ti_sdo_utils_List_Object__DESC__C)
                  00820b2c    00000004     vlfft_evmc6678l_pe66.oe66 (.const:ti_sdo_ipc_GateMP_E_gateUnavailable__C)
                  00820b30    00000020     vlfft_evmc6678l_pe66.oe66 (.const:ti_sdo_utils_MultiProc_nameList__A)
                  00820b50    00000020     vlfft_evmc6678l_pe66.oe66 (.const:ti_sysbios_family_c64p_Hwi_Object__DESC__C)
                  00820b70    00000020     vlfft_evmc6678l_pe66.oe66 (.const:ti_sysbios_gates_GateAll_Object__DESC__C)
                  00820b90    00000020     vlfft_evmc6678l_pe66.oe66 (.const:ti_sysbios_gates_GateHwi_Object__DESC__C)
                  00820bb0    00000020     vlfft_evmc6678l_pe66.oe66 (.const:ti_sysbios_gates_GateMutexPri_Object__DESC__C)
                  00820bd0    00000020     vlfft_evmc6678l_pe66.oe66 (.const:ti_sysbios_gates_GateMutex_Object__DESC__C)
                  00820bf0    00000020     vlfft_evmc6678l_pe66.oe66 (.const:ti_sysbios_gates_GateSwi_Object__DESC__C)
                  00820c10    00000020     vlfft_evmc6678l_pe66.oe66 (.const:ti_sysbios_heaps_HeapMem_Object__DESC__C)
                  00820c30    00000020     vlfft_evmc6678l_pe66.oe66 (.const:ti_sysbios_heaps_HeapMem_Object__PARAMS__C)
                  00820c50    00000020     vlfft_evmc6678l_pe66.oe66 (.const:ti_sysbios_knl_Clock_Object__DESC__C)
                  00820c70    00000020     vlfft_evmc6678l_pe66.oe66 (.const:ti_sysbios_knl_Queue_Object__DESC__C)
                  00820c90    00000020     vlfft_evmc6678l_pe66.oe66 (.const:ti_sysbios_knl_Semaphore_Object__DESC__C)
                  00820cb0    00000020     vlfft_evmc6678l_pe66.oe66 (.const:ti_sysbios_knl_Swi_Object__DESC__C)
                  00820cd0    00000020     vlfft_evmc6678l_pe66.oe66 (.const:ti_sysbios_knl_Task_Object__DESC__C)
                  00820cf0    00000020     vlfft_evmc6678l_pe66.oe66 (.const:ti_sysbios_syncs_SyncSem_Object__DESC__C)
                  00820d10    00000020     vlfft_evmc6678l_pe66.oe66 (.const:ti_sysbios_xdcruntime_GateThreadSupport_Object__DESC__C)
                  00820d30    00000020     vlfft_evmc6678l_pe66.oe66 (.const:xdc_runtime_GateNull_Object__DESC__C)
                  00820d50    00000020     vlfft_evmc6678l_pe66.oe66 (.const:xdc_runtime_knl_GateThread_Object__DESC__C)
                  00820d70    0000001c     vlfft_evmc6678l_pe66.oe66 (.const:ti_sdo_ipc_MessageQ_Object__PARAMS__C)
                  00820d8c    0000001c     vlfft_evmc6678l_pe66.oe66 (.const:ti_sdo_ipc_transports_TransportShmNotify_Object__PARAMS__C)
                  00820da8    0000001c     vlfft_evmc6678l_pe66.oe66 (.const:ti_sysbios_syncs_SyncSem_Object__PARAMS__C)
                  00820dc4    00000018     vlfft_evmc6678l_pe66.oe66 (.const:ti_sdo_ipc_Notify_Object__PARAMS__C)
                  00820ddc    00000018     vlfft_evmc6678l_pe66.oe66 (.const:ti_sdo_utils_List_Object__PARAMS__C)
                  00820df4    00000018     vlfft_evmc6678l_pe66.oe66 (.const:ti_sysbios_gates_GateAll_Object__PARAMS__C)
                  00820e0c    00000018     vlfft_evmc6678l_pe66.oe66 (.const:ti_sysbios_gates_GateHwi_Object__PARAMS__C)
                  00820e24    00000018     vlfft_evmc6678l_pe66.oe66 (.const:ti_sysbios_gates_GateMutexPri_Object__PARAMS__C)
                  00820e3c    00000018     vlfft_evmc6678l_pe66.oe66 (.const:ti_sysbios_gates_GateMutex_Object__PARAMS__C)
                  00820e54    00000018     vlfft_evmc6678l_pe66.oe66 (.const:ti_sysbios_gates_GateSwi_Object__PARAMS__C)
                  00820e6c    00000018     vlfft_evmc6678l_pe66.oe66 (.const:ti_sysbios_knl_Queue_Object__PARAMS__C)
                  00820e84    00000008     ti.targets.rts6000.ae66 : System.oe66 (.const:.string)
                  00820e8c    00000004     vlfft_evmc6678l_pe66.oe66 (.const:ti_sdo_ipc_GateMP_E_localGate__C)
                  00820e90    00000018     vlfft_evmc6678l_pe66.oe66 (.const:ti_sysbios_knl_Task_hooks__A)
                  00820ea8    00000018     vlfft_evmc6678l_pe66.oe66 (.const:ti_sysbios_xdcruntime_GateThreadSupport_Object__PARAMS__C)
                  00820ec0    00000018     vlfft_evmc6678l_pe66.oe66 (.const:xdc_runtime_GateNull_Object__PARAMS__C)
                  00820ed8    00000018     vlfft_evmc6678l_pe66.oe66 (.const:xdc_runtime_knl_GateThread_Object__PARAMS__C)
                  00820ef0    00000014     stm_d.c66xx_elf.lib : StmLibrary.obj (.const:__FUNCTION__$2)
                  00820f04    00000008     vlfft_evmc6678l_pe66.oe66 (.const:ti_sysbios_knl_Idle_funcList__C)
                  00820f0c    00000004     vlfft_evmc6678l_pe66.oe66 (.const:ti_sdo_ipc_GateMP_LM_create__C)
                  00820f10    00000012     stm_d.c66xx_elf.lib : StmLibrary.obj (.const:__FUNCTION__$4)
                  00820f22    00000002     --HOLE-- [fill = 0]
                  00820f24    00000008     vlfft_evmc6678l_pe66.oe66 (.const:ti_sysbios_knl_Task_hooks__C)
                  00820f2c    00000004     vlfft_evmc6678l_pe66.oe66 (.const:ti_sdo_ipc_GateMP_LM_delete__C)
                  00820f30    00000012     stm_d.c66xx_elf.lib : StmLibrary.obj (.const:__FUNCTION__$7)
                  00820f42    00000002     --HOLE-- [fill = 0]
                  00820f44    00000008     vlfft_evmc6678l_pe66.oe66 (.const:xdc_runtime_Startup_firstFxns__C)
                  00820f4c    00000004     vlfft_evmc6678l_pe66.oe66 (.const:ti_sdo_ipc_GateMP_LM_enter__C)
                  00820f50    00000011     stm_d.c66xx_elf.lib : StmLibrary.obj (.const:__FUNCTION__$10)
                  00820f61    00000003     rts6600_elf.lib : assert.obj (.const)
                  00820f64    00000008     vlfft_evmc6678l_pe66.oe66 (.const:xdc_runtime_Startup_lastFxns__C)
                  00820f6c    00000004     vlfft_evmc6678l_pe66.oe66 (.const:ti_sdo_ipc_GateMP_LM_leave__C)
                  00820f70    00000011     stm_d.c66xx_elf.lib : StmLibrary.obj (.const:__FUNCTION__$11)
                  00820f81    00000003     --HOLE-- [fill = 0]
                  00820f84    00000004     vlfft_evmc6678l_pe66.oe66 (.const:ti_sdo_ipc_GateMP_LM_open__C)
                  00820f88    00000004     vlfft_evmc6678l_pe66.oe66 (.const:ti_sdo_ipc_GateMP_Module__diagsEnabled__C)
                  00820f8c    00000004     vlfft_evmc6678l_pe66.oe66 (.const:ti_sdo_ipc_GateMP_Module__diagsIncluded__C)
                  00820f90    00000011     stm_d.c66xx_elf.lib : StmLibrary.obj (.const:__FUNCTION__$12)
                  00820fa1    00000003     --HOLE-- [fill = 0]
                  00820fa4    00000004     vlfft_evmc6678l_pe66.oe66 (.const:ti_sdo_ipc_GateMP_Module__diagsMask__C)
                  00820fa8    00000004     vlfft_evmc6678l_pe66.oe66 (.const:ti_sdo_ipc_GateMP_Module__loggerFxn2__C)
                  00820fac    00000004     vlfft_evmc6678l_pe66.oe66 (.const:ti_sdo_ipc_GateMP_Module__loggerFxn4__C)
                  00820fb0    00000011     stm_d.c66xx_elf.lib : StmLibrary.obj (.const:__FUNCTION__$6)
                  00820fc1    00000003     --HOLE-- [fill = 0]
                  00820fc4    00000004     vlfft_evmc6678l_pe66.oe66 (.const:ti_sdo_ipc_GateMP_Module__loggerObj__C)
                  00820fc8    00000004     vlfft_evmc6678l_pe66.oe66 (.const:ti_sdo_ipc_Ipc_A_addrNotCacheAligned__C)
                  00820fcc    00000004     vlfft_evmc6678l_pe66.oe66 (.const:ti_sdo_ipc_Ipc_A_addrNotInSharedRegion__C)
                  00820fd0    00000011     stm_d.c66xx_elf.lib : StmLibrary.obj (.const:__FUNCTION__$8)
                  00820fe1    00000003     --HOLE-- [fill = 0]
                  00820fe4    00000004     vlfft_evmc6678l_pe66.oe66 (.const:ti_sdo_ipc_Ipc_A_internal__C)
                  00820fe8    00000004     vlfft_evmc6678l_pe66.oe66 (.const:ti_sdo_ipc_Ipc_A_invArgument__C)
                  00820fec    00000004     vlfft_evmc6678l_pe66.oe66 (.const:ti_sdo_ipc_Ipc_A_invParam__C)
                  00820ff0    00000011     ti.targets.rts6000.ae66 : System.oe66 (.const:digtohex)
                  00821001    00000003     --HOLE-- [fill = 0]
                  00821004    00000004     vlfft_evmc6678l_pe66.oe66 (.const:ti_sdo_ipc_Ipc_A_nullArgument__C)
                  00821008    00000004     vlfft_evmc6678l_pe66.oe66 (.const:ti_sdo_ipc_Ipc_A_nullPointer__C)
                  0082100c    00000004     vlfft_evmc6678l_pe66.oe66 (.const:ti_sdo_ipc_Ipc_E_internal__C)
                  00821010    00000010     stm_d.c66xx_elf.lib : StmLibrary.obj (.const:__FUNCTION__$3)
                  00821020    00000010                         : StmLibrary.obj (.const:__FUNCTION__$5)
                  00821030    00000010                         : StmLibrary.obj (.const:__FUNCTION__$9)
                  00821040    00000010     vlfft_evmc6678l_pe66.oe66 (.const:ti_sdo_ipc_family_c647x_MultiProcSetup_procMap__A)
                  00821050    00000010     vlfft_evmc6678l_pe66.oe66 (.const:ti_sdo_utils_MultiProc_procIdList__A)
                  00821060    00000010     vlfft_evmc6678l_pe66.oe66 (.const:ti_sysbios_family_c64p_EventCombiner_EVTMASK__C)
                  00821070    0000000f     stm_d.c66xx_elf.lib : StmLibrary.obj (.const:__FUNCTION__$13)
                  0082107f    00000001     --HOLE-- [fill = 0]
                  00821080    0000000c                         : StmLibrary.obj (.const:__FUNCTION__$1)
                  0082108c    00000004     vlfft_evmc6678l_pe66.oe66 (.const:ti_sdo_ipc_Ipc_E_nameFailed__C)
                  00821090    0000000c     vlfft_evmc6678l_pe66.oe66 (.const:xdc_runtime_Startup_firstFxns__A)
                  0082109c    00000004     vlfft_evmc6678l_pe66.oe66 (.const:ti_sdo_ipc_Ipc_E_versionMismatch__C)
                  008210a0    0000000b     stm_d.c66xx_elf.lib : StmLibrary.obj (.const:__FUNCTION__$14)
                  008210ab    00000001     --HOLE-- [fill = 0]
                  008210ac    00000004     vlfft_evmc6678l_pe66.oe66 (.const:ti_sdo_ipc_Ipc_Module__diagsEnabled__C)
                  008210b0    00000004     vlfft_evmc6678l_pe66.oe66 (.const:ti_sdo_ipc_Ipc_Module__diagsIncluded__C)
                  008210b4    00000004     vlfft_evmc6678l_pe66.oe66 (.const:ti_sdo_ipc_Ipc_Module__diagsMask__C)
                  008210b8    00000004     vlfft_evmc6678l_pe66.oe66 (.const:ti_sdo_ipc_Ipc_numUserFxns__C)
                  008210bc    00000004     vlfft_evmc6678l_pe66.oe66 (.const:ti_sdo_ipc_Ipc_procSync__C)
                  008210c0    00000004     vlfft_evmc6678l_pe66.oe66 (.const:ti_sdo_ipc_Ipc_userFxns__C)
                  008210c4    00000004     vlfft_evmc6678l_pe66.oe66 (.const:ti_sdo_ipc_ListMP_Module__diagsEnabled__C)
                  008210c8    00000004     vlfft_evmc6678l_pe66.oe66 (.const:ti_sdo_ipc_ListMP_Module__diagsIncluded__C)
                  008210cc    00000004     vlfft_evmc6678l_pe66.oe66 (.const:ti_sdo_ipc_ListMP_Module__diagsMask__C)
                  008210d0    00000004     vlfft_evmc6678l_pe66.oe66 (.const:ti_sdo_ipc_MessageQ_A_heapIdInvalid__C)
                  008210d4    00000004     vlfft_evmc6678l_pe66.oe66 (.const:ti_sdo_ipc_MessageQ_A_invalidMsg__C)
                  008210d8    00000004     vlfft_evmc6678l_pe66.oe66 (.const:ti_sdo_ipc_MessageQ_A_invalidObj__C)
                  008210dc    00000004     vlfft_evmc6678l_pe66.oe66 (.const:ti_sdo_ipc_MessageQ_A_invalidParam__C)
                  008210e0    00000004     vlfft_evmc6678l_pe66.oe66 (.const:ti_sdo_ipc_MessageQ_A_invalidQueueId__C)
                  008210e4    00000004     vlfft_evmc6678l_pe66.oe66 (.const:ti_sdo_ipc_MessageQ_A_procIdInvalid__C)
                  008210e8    00000004     vlfft_evmc6678l_pe66.oe66 (.const:ti_sdo_ipc_MessageQ_A_unregisteredTransport__C)
                  008210ec    00000004     vlfft_evmc6678l_pe66.oe66 (.const:ti_sdo_ipc_MessageQ_E_maxReached__C)
                  008210f0    00000004     vlfft_evmc6678l_pe66.oe66 (.const:ti_sdo_ipc_MessageQ_E_nameFailed__C)
                  008210f4    00000004     vlfft_evmc6678l_pe66.oe66 (.const:ti_sdo_ipc_MessageQ_Instance_State_highList__O)
                  008210f8    00000004     vlfft_evmc6678l_pe66.oe66 (.const:ti_sdo_ipc_MessageQ_Instance_State_normalList__O)
                  008210fc    00000004     vlfft_evmc6678l_pe66.oe66 (.const:ti_sdo_ipc_MessageQ_LM_alloc__C)
                  00821100    00000004     vlfft_evmc6678l_pe66.oe66 (.const:ti_sdo_ipc_MessageQ_LM_get__C)
                  00821104    00000004     vlfft_evmc6678l_pe66.oe66 (.const:ti_sdo_ipc_MessageQ_LM_putLocal__C)
                  00821108    00000004     vlfft_evmc6678l_pe66.oe66 (.const:ti_sdo_ipc_MessageQ_Module__diagsEnabled__C)
                  0082110c    00000004     vlfft_evmc6678l_pe66.oe66 (.const:ti_sdo_ipc_MessageQ_Module__diagsIncluded__C)
                  00821110    00000004     vlfft_evmc6678l_pe66.oe66 (.const:ti_sdo_ipc_MessageQ_Module__diagsMask__C)
                  00821114    00000004     vlfft_evmc6678l_pe66.oe66 (.const:ti_sdo_ipc_MessageQ_Module__loggerFxn4__C)
                  00821118    00000004     vlfft_evmc6678l_pe66.oe66 (.const:ti_sdo_ipc_MessageQ_Module__loggerObj__C)
                  0082111c    00000004     vlfft_evmc6678l_pe66.oe66 (.const:ti_sdo_ipc_MessageQ_Object__count__C)
                  00821120    00000004     vlfft_evmc6678l_pe66.oe66 (.const:ti_sdo_ipc_MessageQ_Object__heap__C)
                  00821124    00000004     vlfft_evmc6678l_pe66.oe66 (.const:ti_sdo_ipc_MessageQ_maxRuntimeEntries__C)
                  00821128    00000004     vlfft_evmc6678l_pe66.oe66 (.const:ti_sdo_ipc_Notify_A_alreadyRegistered__C)
                  0082112c    00000004     vlfft_evmc6678l_pe66.oe66 (.const:ti_sdo_ipc_Notify_A_internal__C)
                  00821130    00000004     vlfft_evmc6678l_pe66.oe66 (.const:ti_sdo_ipc_Notify_A_invArgument__C)
                  00821134    00000004     vlfft_evmc6678l_pe66.oe66 (.const:ti_sdo_ipc_Notify_A_notRegistered__C)
                  00821138    00000004     vlfft_evmc6678l_pe66.oe66 (.const:ti_sdo_ipc_Notify_A_reservedEvent__C)
                  0082113c    00000004     vlfft_evmc6678l_pe66.oe66 (.const:ti_sdo_ipc_Notify_Module__diagsEnabled__C)
                  00821140    00000004     vlfft_evmc6678l_pe66.oe66 (.const:ti_sdo_ipc_Notify_Module__diagsIncluded__C)
                  00821144    00000004     vlfft_evmc6678l_pe66.oe66 (.const:ti_sdo_ipc_Notify_Module__diagsMask__C)
                  00821148    00000004     vlfft_evmc6678l_pe66.oe66 (.const:ti_sdo_ipc_Notify_Module__gateObj__C)
                  0082114c    00000004     vlfft_evmc6678l_pe66.oe66 (.const:ti_sdo_ipc_Notify_Object__heap__C)
                  00821150    00000004     vlfft_evmc6678l_pe66.oe66 (.const:ti_sdo_ipc_Notify_numEvents__C)
                  00821154    00000004     vlfft_evmc6678l_pe66.oe66 (.const:ti_sdo_ipc_SharedRegion_A_addrOutOfRange__C)
                  00821158    00000004     vlfft_evmc6678l_pe66.oe66 (.const:ti_sdo_ipc_SharedRegion_A_idTooLarge__C)
                  0082115c    00000004     vlfft_evmc6678l_pe66.oe66 (.const:ti_sdo_ipc_SharedRegion_A_noHeap__C)
                  00821160    00000004     vlfft_evmc6678l_pe66.oe66 (.const:ti_sdo_ipc_SharedRegion_A_region0Invalid__C)
                  00821164    00000004     vlfft_evmc6678l_pe66.oe66 (.const:ti_sdo_ipc_SharedRegion_A_regionInvalid__C)
                  00821168    00000004     vlfft_evmc6678l_pe66.oe66 (.const:ti_sdo_ipc_SharedRegion_A_reserveTooMuch__C)
                  0082116c    00000004     vlfft_evmc6678l_pe66.oe66 (.const:ti_sdo_ipc_SharedRegion_INVALIDSRPTR__C)
                  00821170    00000004     vlfft_evmc6678l_pe66.oe66 (.const:ti_sdo_ipc_SharedRegion_Module__diagsEnabled__C)
                  00821174    00000004     vlfft_evmc6678l_pe66.oe66 (.const:ti_sdo_ipc_SharedRegion_Module__diagsIncluded__C)
                  00821178    00000004     vlfft_evmc6678l_pe66.oe66 (.const:ti_sdo_ipc_SharedRegion_Module__diagsMask__C)
                  0082117c    00000004     vlfft_evmc6678l_pe66.oe66 (.const:ti_sdo_ipc_SharedRegion_cacheLineSize__C)
                  00821180    00000004     vlfft_evmc6678l_pe66.oe66 (.const:ti_sdo_ipc_SharedRegion_numOffsetBits__C)
                  00821184    00000004     vlfft_evmc6678l_pe66.oe66 (.const:ti_sdo_ipc_SharedRegion_offsetMask__C)
                  00821188    00000004     vlfft_evmc6678l_pe66.oe66 (.const:ti_sdo_ipc_family_c647x_Interrupt_INTERDSPINT__C)
                  0082118c    00000004     vlfft_evmc6678l_pe66.oe66 (.const:ti_sdo_ipc_family_c647x_Interrupt_IPCAR0__C)
                  00821190    00000004     vlfft_evmc6678l_pe66.oe66 (.const:ti_sdo_ipc_family_c647x_Interrupt_IPCGR0__C)
                  00821194    00000004     vlfft_evmc6678l_pe66.oe66 (.const:ti_sdo_ipc_family_c647x_Interrupt_KICK0__C)
                  00821198    00000004     vlfft_evmc6678l_pe66.oe66 (.const:ti_sdo_ipc_family_c647x_Interrupt_KICK1__C)
                  0082119c    00000004     vlfft_evmc6678l_pe66.oe66 (.const:ti_sdo_ipc_family_c647x_MultiProcSetup_A_invalidProcessor__C)
                  008211a0    00000004     vlfft_evmc6678l_pe66.oe66 (.const:ti_sdo_ipc_family_c647x_MultiProcSetup_Module__diagsEnabled__C)
                  008211a4    00000004     vlfft_evmc6678l_pe66.oe66 (.const:ti_sdo_ipc_family_c647x_MultiProcSetup_Module__diagsIncluded__C)
                  008211a8    00000004     vlfft_evmc6678l_pe66.oe66 (.const:ti_sdo_ipc_family_c647x_MultiProcSetup_Module__diagsMask__C)
                  008211ac    00000004     vlfft_evmc6678l_pe66.oe66 (.const:ti_sdo_ipc_family_c647x_MultiProcSetup_procMap__C)
                  008211b0    00000004     vlfft_evmc6678l_pe66.oe66 (.const:ti_sdo_ipc_family_c647x_NotifyCircSetup_dspIntVectId__C)
                  008211b4    00000004     vlfft_evmc6678l_pe66.oe66 (.const:ti_sdo_ipc_gates_GateHWSem_A_invSemNum__C)
                  008211b8    00000004     vlfft_evmc6678l_pe66.oe66 (.const:ti_sdo_ipc_gates_GateHWSem_Module__diagsEnabled__C)
                  008211bc    00000004     vlfft_evmc6678l_pe66.oe66 (.const:ti_sdo_ipc_gates_GateHWSem_Module__diagsIncluded__C)
                  008211c0    00000004     vlfft_evmc6678l_pe66.oe66 (.const:ti_sdo_ipc_gates_GateHWSem_Module__diagsMask__C)
                  008211c4    00000004     vlfft_evmc6678l_pe66.oe66 (.const:ti_sdo_ipc_gates_GateHWSem_baseAddr__C)
                  008211c8    00000004     vlfft_evmc6678l_pe66.oe66 (.const:ti_sdo_ipc_gates_GateHWSem_numSems__C)
                  008211cc    00000004     vlfft_evmc6678l_pe66.oe66 (.const:ti_sdo_ipc_gates_GateHWSem_reservedMaskArr__C)
                  008211d0    00000004     vlfft_evmc6678l_pe66.oe66 (.const:ti_sdo_ipc_gates_GateHWSem_reservedMaskArr__A)
                  008211d4    00000004     vlfft_evmc6678l_pe66.oe66 (.const:ti_sdo_ipc_gates_GateMPSupportNull_A_invalidAction__C)
                  008211d8    00000004     vlfft_evmc6678l_pe66.oe66 (.const:ti_sdo_ipc_gates_GateMPSupportNull_Module__diagsEnabled__C)
                  008211dc    00000004     vlfft_evmc6678l_pe66.oe66 (.const:ti_sdo_ipc_gates_GateMPSupportNull_Module__diagsIncluded__C)
                  008211e0    00000004     vlfft_evmc6678l_pe66.oe66 (.const:ti_sdo_ipc_gates_GateMPSupportNull_Module__diagsMask__C)
                  008211e4    00000004     vlfft_evmc6678l_pe66.oe66 (.const:ti_sdo_ipc_gates_GateMPSupportNull_action__C)
                  008211e8    00000004     vlfft_evmc6678l_pe66.oe66 (.const:ti_sdo_ipc_gates_GatePeterson_E_gateRemotelyOpened__C)
                  008211ec    00000004     vlfft_evmc6678l_pe66.oe66 (.const:ti_sdo_ipc_gates_GatePeterson_Module__diagsEnabled__C)
                  008211f0    00000004     vlfft_evmc6678l_pe66.oe66 (.const:ti_sdo_ipc_gates_GatePeterson_Module__diagsIncluded__C)
                  008211f4    00000004     vlfft_evmc6678l_pe66.oe66 (.const:ti_sdo_ipc_gates_GatePeterson_Module__diagsMask__C)
                  008211f8    00000004     vlfft_evmc6678l_pe66.oe66 (.const:ti_sdo_ipc_gates_GatePeterson_numInstances__C)
                  008211fc    00000004     vlfft_evmc6678l_pe66.oe66 (.const:ti_sdo_ipc_heaps_HeapBufMP_A_badAlignment__C)
                  00821200    00000004     vlfft_evmc6678l_pe66.oe66 (.const:ti_sdo_ipc_heaps_HeapBufMP_A_invBlockFreed__C)
                  00821204    00000004     vlfft_evmc6678l_pe66.oe66 (.const:ti_sdo_ipc_heaps_HeapBufMP_E_alignTooLarge__C)
                  00821208    00000004     vlfft_evmc6678l_pe66.oe66 (.const:ti_sdo_ipc_heaps_HeapBufMP_E_exactFail__C)
                  0082120c    00000004     vlfft_evmc6678l_pe66.oe66 (.const:ti_sdo_ipc_heaps_HeapBufMP_E_noBlocksLeft__C)
                  00821210    00000004     vlfft_evmc6678l_pe66.oe66 (.const:ti_sdo_ipc_heaps_HeapBufMP_E_sizeTooLarge__C)
                  00821214    00000004     vlfft_evmc6678l_pe66.oe66 (.const:ti_sdo_ipc_heaps_HeapBufMP_Module__diagsEnabled__C)
                  00821218    00000004     vlfft_evmc6678l_pe66.oe66 (.const:ti_sdo_ipc_heaps_HeapBufMP_Module__diagsIncluded__C)
                  0082121c    00000004     vlfft_evmc6678l_pe66.oe66 (.const:ti_sdo_ipc_heaps_HeapBufMP_Module__diagsMask__C)
                  00821220    00000004     vlfft_evmc6678l_pe66.oe66 (.const:ti_sdo_ipc_heaps_HeapMemMP_A_align__C)
                  00821224    00000004     vlfft_evmc6678l_pe66.oe66 (.const:ti_sdo_ipc_heaps_HeapMemMP_A_heapSize__C)
                  00821228    00000004     vlfft_evmc6678l_pe66.oe66 (.const:ti_sdo_ipc_heaps_HeapMemMP_A_invalidFree__C)
                  0082122c    00000004     vlfft_evmc6678l_pe66.oe66 (.const:ti_sdo_ipc_heaps_HeapMemMP_A_zeroBlock__C)
                  00821230    00000004     vlfft_evmc6678l_pe66.oe66 (.const:ti_sdo_ipc_heaps_HeapMemMP_E_memory__C)
                  00821234    00000004     vlfft_evmc6678l_pe66.oe66 (.const:ti_sdo_ipc_heaps_HeapMemMP_Module__diagsEnabled__C)
                  00821238    00000004     vlfft_evmc6678l_pe66.oe66 (.const:ti_sdo_ipc_heaps_HeapMemMP_Module__diagsIncluded__C)
                  0082123c    00000004     vlfft_evmc6678l_pe66.oe66 (.const:ti_sdo_ipc_heaps_HeapMemMP_Module__diagsMask__C)
                  00821240    00000004     vlfft_evmc6678l_pe66.oe66 (.const:ti_sdo_ipc_interfaces_IGateMPSupport_Interface__BASE__C)
                  00821244    00000004     vlfft_evmc6678l_pe66.oe66 (.const:ti_sdo_ipc_interfaces_IMessageQTransport_Interface__BASE__C)
                  00821248    00000004     vlfft_evmc6678l_pe66.oe66 (.const:ti_sdo_ipc_interfaces_INotifyDriver_Interface__BASE__C)
                  0082124c    00000004     vlfft_evmc6678l_pe66.oe66 (.const:ti_sdo_ipc_notifyDrivers_NotifyDriverCirc_A_notSupported__C)
                  00821250    00000004     vlfft_evmc6678l_pe66.oe66 (.const:ti_sdo_ipc_notifyDrivers_NotifyDriverCirc_Module__diagsEnabled__C)
                  00821254    00000004     vlfft_evmc6678l_pe66.oe66 (.const:ti_sdo_ipc_notifyDrivers_NotifyDriverCirc_Module__diagsIncluded__C)
                  00821258    00000004     vlfft_evmc6678l_pe66.oe66 (.const:ti_sdo_ipc_notifyDrivers_NotifyDriverCirc_Module__diagsMask__C)
                  0082125c    00000004     vlfft_evmc6678l_pe66.oe66 (.const:ti_sdo_ipc_notifyDrivers_NotifyDriverCirc_maxIndex__C)
                  00821260    00000004     vlfft_evmc6678l_pe66.oe66 (.const:ti_sdo_ipc_notifyDrivers_NotifyDriverCirc_modIndex__C)
                  00821264    00000004     vlfft_evmc6678l_pe66.oe66 (.const:ti_sdo_ipc_notifyDrivers_NotifyDriverCirc_numMsgs__C)
                  00821268    00000004     vlfft_evmc6678l_pe66.oe66 (.const:ti_sdo_ipc_nsremote_NameServerRemoteNotify_A_invalidValueLen__C)
                  0082126c    00000004     vlfft_evmc6678l_pe66.oe66 (.const:ti_sdo_ipc_nsremote_NameServerRemoteNotify_Instance_State_semMultiBlock__O)
                  00821270    00000004     vlfft_evmc6678l_pe66.oe66 (.const:ti_sdo_ipc_nsremote_NameServerRemoteNotify_Instance_State_semRemoteWait__O)
                  00821274    00000004     vlfft_evmc6678l_pe66.oe66 (.const:ti_sdo_ipc_nsremote_NameServerRemoteNotify_Instance_State_swiObj__O)
                  00821278    00000004     vlfft_evmc6678l_pe66.oe66 (.const:ti_sdo_ipc_nsremote_NameServerRemoteNotify_Module__diagsEnabled__C)
                  0082127c    00000004     vlfft_evmc6678l_pe66.oe66 (.const:ti_sdo_ipc_nsremote_NameServerRemoteNotify_Module__diagsIncluded__C)
                  00821280    00000004     vlfft_evmc6678l_pe66.oe66 (.const:ti_sdo_ipc_nsremote_NameServerRemoteNotify_Module__diagsMask__C)
                  00821284    00000004     vlfft_evmc6678l_pe66.oe66 (.const:ti_sdo_ipc_nsremote_NameServerRemoteNotify_notifyEventId__C)
                  00821288    00000004     vlfft_evmc6678l_pe66.oe66 (.const:ti_sdo_ipc_nsremote_NameServerRemoteNotify_timeout__C)
                  0082128c    00000004     vlfft_evmc6678l_pe66.oe66 (.const:ti_sdo_ipc_transports_TransportShmNotifySetup_priority__C)
                  00821290    00000004     vlfft_evmc6678l_pe66.oe66 (.const:ti_sdo_utils_INameServerRemote_Interface__BASE__C)
                  00821294    00000004     vlfft_evmc6678l_pe66.oe66 (.const:ti_sdo_utils_MultiProc_A_invalidMultiProcId__C)
                  00821298    00000004     vlfft_evmc6678l_pe66.oe66 (.const:ti_sdo_utils_MultiProc_A_invalidProcName__C)
                  0082129c    00000004     vlfft_evmc6678l_pe66.oe66 (.const:ti_sdo_utils_MultiProc_Module__diagsEnabled__C)
                  008212a0    00000004     vlfft_evmc6678l_pe66.oe66 (.const:ti_sdo_utils_MultiProc_Module__diagsIncluded__C)
                  008212a4    00000004     vlfft_evmc6678l_pe66.oe66 (.const:ti_sdo_utils_MultiProc_Module__diagsMask__C)
                  008212a8    00000004     vlfft_evmc6678l_pe66.oe66 (.const:ti_sdo_utils_MultiProc_nameList__C)
                  008212ac    00000004     vlfft_evmc6678l_pe66.oe66 (.const:ti_sdo_utils_MultiProc_procIdList__C)
                  008212b0    00000004     vlfft_evmc6678l_pe66.oe66 (.const:ti_sdo_utils_NameServer_A_invArgument__C)
                  008212b4    00000004     vlfft_evmc6678l_pe66.oe66 (.const:ti_sdo_utils_NameServer_A_invalidLen__C)
                  008212b8    00000004     vlfft_evmc6678l_pe66.oe66 (.const:ti_sdo_utils_NameServer_E_entryExists__C)
                  008212bc    00000004     vlfft_evmc6678l_pe66.oe66 (.const:ti_sdo_utils_NameServer_E_maxReached__C)
                  008212c0    00000004     vlfft_evmc6678l_pe66.oe66 (.const:ti_sdo_utils_NameServer_Instance_State_freeList__O)
                  008212c4    00000004     vlfft_evmc6678l_pe66.oe66 (.const:ti_sdo_utils_NameServer_Instance_State_nameList__O)
                  008212c8    00000004     vlfft_evmc6678l_pe66.oe66 (.const:ti_sdo_utils_NameServer_Module__diagsEnabled__C)
                  008212cc    00000004     vlfft_evmc6678l_pe66.oe66 (.const:ti_sdo_utils_NameServer_Module__diagsIncluded__C)
                  008212d0    00000004     vlfft_evmc6678l_pe66.oe66 (.const:ti_sdo_utils_NameServer_Module__diagsMask__C)
                  008212d4    00000004     vlfft_evmc6678l_pe66.oe66 (.const:ti_sdo_utils_NameServer_Object__count__C)
                  008212d8    00000004     vlfft_evmc6678l_pe66.oe66 (.const:ti_sysbios_BIOS_Module__diagsEnabled__C)
                  008212dc    00000004     vlfft_evmc6678l_pe66.oe66 (.const:ti_sysbios_BIOS_Module__diagsIncluded__C)
                  008212e0    00000004     vlfft_evmc6678l_pe66.oe66 (.const:ti_sysbios_BIOS_Module__diagsMask__C)
                  008212e4    00000004     vlfft_evmc6678l_pe66.oe66 (.const:ti_sysbios_BIOS_installedErrorHook__C)
                  008212e8    00000004     vlfft_evmc6678l_pe66.oe66 (.const:ti_sysbios_family_c62_TaskSupport_stackAlignment__C)
                  008212ec    00000004     vlfft_evmc6678l_pe66.oe66 (.const:ti_sysbios_family_c64p_EventCombiner_E_unpluggedEvent__C)
                  008212f0    00000004     vlfft_evmc6678l_pe66.oe66 (.const:ti_sysbios_family_c64p_Exception_E_exceptionMin__C)
                  008212f4    00000004     vlfft_evmc6678l_pe66.oe66 (.const:ti_sysbios_family_c64p_Exception_exceptionHook__C)
                  008212f8    00000004     vlfft_evmc6678l_pe66.oe66 (.const:ti_sysbios_family_c64p_Exception_externalHook__C)
                  008212fc    00000004     vlfft_evmc6678l_pe66.oe66 (.const:ti_sysbios_family_c64p_Exception_internalHook__C)
                  00821300    00000004     vlfft_evmc6678l_pe66.oe66 (.const:ti_sysbios_family_c64p_Exception_nmiHook__C)
                  00821304    00000004     vlfft_evmc6678l_pe66.oe66 (.const:ti_sysbios_family_c64p_Hwi_E_alreadyDefined__C)
                  00821308    00000004     vlfft_evmc6678l_pe66.oe66 (.const:ti_sysbios_family_c64p_Hwi_LD_end__C)
                  0082130c    00000004     vlfft_evmc6678l_pe66.oe66 (.const:ti_sysbios_family_c64p_Hwi_LM_begin__C)
                  00821310    00000004     vlfft_evmc6678l_pe66.oe66 (.const:ti_sysbios_family_c64p_Hwi_Module__diagsEnabled__C)
                  00821314    00000004     vlfft_evmc6678l_pe66.oe66 (.const:ti_sysbios_family_c64p_Hwi_Module__diagsIncluded__C)
                  00821318    00000004     vlfft_evmc6678l_pe66.oe66 (.const:ti_sysbios_family_c64p_Hwi_Module__diagsMask__C)
                  0082131c    00000004     vlfft_evmc6678l_pe66.oe66 (.const:ti_sysbios_family_c64p_Hwi_Module__loggerFxn1__C)
                  00821320    00000004     vlfft_evmc6678l_pe66.oe66 (.const:ti_sysbios_family_c64p_Hwi_Module__loggerFxn8__C)
                  00821324    00000004     vlfft_evmc6678l_pe66.oe66 (.const:ti_sysbios_family_c64p_Hwi_Module__loggerObj__C)
                  00821328    00000004     vlfft_evmc6678l_pe66.oe66 (.const:ti_sysbios_family_c66_Cache_atomicBlockSize__C)
                  0082132c    00000004     vlfft_evmc6678l_pe66.oe66 (.const:ti_sysbios_family_c66_tci66xx_CpIntc_E_unpluggedSysInt__C)
                  00821330    00000004     vlfft_evmc6678l_pe66.oe66 (.const:ti_sysbios_family_c66_tci66xx_CpIntc_hostIntToEventId__C)
                  00821334    00000004     vlfft_evmc6678l_pe66.oe66 (.const:ti_sysbios_family_c66_tci66xx_CpIntc_numStatusRegs__C)
                  00821338    00000004     vlfft_evmc6678l_pe66.oe66 (.const:ti_sysbios_family_c66_tci66xx_CpIntc_numSysInts__C)
                  0082133c    00000004     vlfft_evmc6678l_pe66.oe66 (.const:ti_sysbios_family_c66_tci66xx_CpIntc_sysIntToHostInt__C)
                  00821340    00000004     vlfft_evmc6678l_pe66.oe66 (.const:ti_sysbios_gates_GateMutexPri_A_badContext__C)
                  00821344    00000004     vlfft_evmc6678l_pe66.oe66 (.const:ti_sysbios_gates_GateMutexPri_Instance_State_pendQ__O)
                  00821348    00000004     vlfft_evmc6678l_pe66.oe66 (.const:ti_sysbios_gates_GateMutexPri_Module__diagsEnabled__C)
                  0082134c    00000004     vlfft_evmc6678l_pe66.oe66 (.const:ti_sysbios_gates_GateMutexPri_Module__diagsIncluded__C)
                  00821350    00000004     vlfft_evmc6678l_pe66.oe66 (.const:ti_sysbios_gates_GateMutexPri_Module__diagsMask__C)
                  00821354    00000004     vlfft_evmc6678l_pe66.oe66 (.const:ti_sysbios_gates_GateMutex_A_badContext__C)
                  00821358    00000004     vlfft_evmc6678l_pe66.oe66 (.const:ti_sysbios_gates_GateMutex_Instance_State_sem__O)
                  0082135c    00000004     vlfft_evmc6678l_pe66.oe66 (.const:ti_sysbios_gates_GateMutex_Module__diagsEnabled__C)
                  00821360    00000004     vlfft_evmc6678l_pe66.oe66 (.const:ti_sysbios_gates_GateMutex_Module__diagsIncluded__C)
                  00821364    00000004     vlfft_evmc6678l_pe66.oe66 (.const:ti_sysbios_gates_GateMutex_Module__diagsMask__C)
                  00821368    00000004     vlfft_evmc6678l_pe66.oe66 (.const:ti_sysbios_gates_GateSwi_A_badContext__C)
                  0082136c    00000004     vlfft_evmc6678l_pe66.oe66 (.const:ti_sysbios_gates_GateSwi_Module__diagsEnabled__C)
                  00821370    00000004     vlfft_evmc6678l_pe66.oe66 (.const:ti_sysbios_gates_GateSwi_Module__diagsIncluded__C)
                  00821374    00000004     vlfft_evmc6678l_pe66.oe66 (.const:ti_sysbios_gates_GateSwi_Module__diagsMask__C)
                  00821378    00000004     vlfft_evmc6678l_pe66.oe66 (.const:ti_sysbios_hal_Hwi_E_stackOverflow__C)
                  0082137c    00000004     vlfft_evmc6678l_pe66.oe66 (.const:ti_sysbios_heaps_HeapMem_A_align__C)
                  00821380    00000004     vlfft_evmc6678l_pe66.oe66 (.const:ti_sysbios_heaps_HeapMem_A_heapSize__C)
                  00821384    00000004     vlfft_evmc6678l_pe66.oe66 (.const:ti_sysbios_heaps_HeapMem_A_invalidFree__C)
                  00821388    00000004     vlfft_evmc6678l_pe66.oe66 (.const:ti_sysbios_heaps_HeapMem_A_zeroBlock__C)
                  0082138c    00000004     vlfft_evmc6678l_pe66.oe66 (.const:ti_sysbios_heaps_HeapMem_E_memory__C)
                  00821390    00000004     vlfft_evmc6678l_pe66.oe66 (.const:ti_sysbios_heaps_HeapMem_Module__diagsEnabled__C)
                  00821394    00000004     vlfft_evmc6678l_pe66.oe66 (.const:ti_sysbios_heaps_HeapMem_Module__diagsIncluded__C)
                  00821398    00000004     vlfft_evmc6678l_pe66.oe66 (.const:ti_sysbios_heaps_HeapMem_Module__diagsMask__C)
                  0082139c    00000004     vlfft_evmc6678l_pe66.oe66 (.const:ti_sysbios_heaps_HeapMem_Module__gateObj__C)
                  008213a0    00000004     vlfft_evmc6678l_pe66.oe66 (.const:ti_sysbios_heaps_HeapMem_Object__count__C)
                  008213a4    00000004     vlfft_evmc6678l_pe66.oe66 (.const:ti_sysbios_heaps_HeapMem_reqAlignMask__C)
                  008213a8    00000004     vlfft_evmc6678l_pe66.oe66 (.const:ti_sysbios_heaps_HeapMem_reqAlign__C)
                  008213ac    00000004     vlfft_evmc6678l_pe66.oe66 (.const:ti_sysbios_knl_Clock_A_badThreadType__C)
                  008213b0    00000004     vlfft_evmc6678l_pe66.oe66 (.const:ti_sysbios_knl_Clock_LM_begin__C)
                  008213b4    00000004     vlfft_evmc6678l_pe66.oe66 (.const:ti_sysbios_knl_Clock_LM_tick__C)
                  008213b8    00000004     vlfft_evmc6678l_pe66.oe66 (.const:ti_sysbios_knl_Clock_LW_delayed__C)
                  008213bc    00000004     vlfft_evmc6678l_pe66.oe66 (.const:ti_sysbios_knl_Clock_Module_State_clockQ__O)
                  008213c0    00000004     vlfft_evmc6678l_pe66.oe66 (.const:ti_sysbios_knl_Clock_Module__diagsEnabled__C)
                  008213c4    00000004     vlfft_evmc6678l_pe66.oe66 (.const:ti_sysbios_knl_Clock_Module__diagsIncluded__C)
                  008213c8    00000004     vlfft_evmc6678l_pe66.oe66 (.const:ti_sysbios_knl_Clock_Module__diagsMask__C)
                  008213cc    00000004     vlfft_evmc6678l_pe66.oe66 (.const:ti_sysbios_knl_Clock_Module__loggerFxn1__C)
                  008213d0    00000004     vlfft_evmc6678l_pe66.oe66 (.const:ti_sysbios_knl_Clock_Module__loggerFxn2__C)
                  008213d4    00000004     vlfft_evmc6678l_pe66.oe66 (.const:ti_sysbios_knl_Clock_Module__loggerObj__C)
                  008213d8    00000004     vlfft_evmc6678l_pe66.oe66 (.const:ti_sysbios_knl_Clock_tickMode__C)
                  008213dc    00000004     vlfft_evmc6678l_pe66.oe66 (.const:ti_sysbios_knl_Clock_tickPeriod__C)
                  008213e0    00000004     vlfft_evmc6678l_pe66.oe66 (.const:ti_sysbios_knl_Clock_tickSource__C)
                  008213e4    00000004     vlfft_evmc6678l_pe66.oe66 (.const:ti_sysbios_knl_Semaphore_A_badContext__C)
                  008213e8    00000004     vlfft_evmc6678l_pe66.oe66 (.const:ti_sysbios_knl_Semaphore_A_noEvents__C)
                  008213ec    00000004     vlfft_evmc6678l_pe66.oe66 (.const:ti_sysbios_knl_Semaphore_Instance_State_pendQ__O)
                  008213f0    00000004     vlfft_evmc6678l_pe66.oe66 (.const:ti_sysbios_knl_Idle_funcList__A)
                  008213f4    00000004     vlfft_evmc6678l_pe66.oe66 (.const:ti_sysbios_knl_Semaphore_LM_pend__C)
                  008213f8    00000004     vlfft_evmc6678l_pe66.oe66 (.const:ti_sysbios_knl_Semaphore_LM_post__C)
                  008213fc    00000004     vlfft_evmc6678l_pe66.oe66 (.const:ti_sysbios_knl_Semaphore_Module__diagsEnabled__C)
                  00821400    00000004     vlfft_evmc6678l_pe66.oe66 (.const:ti_sysbios_knl_Semaphore_Module__diagsIncluded__C)
                  00821404    00000004     vlfft_evmc6678l_pe66.oe66 (.const:ti_sysbios_knl_Semaphore_Module__diagsMask__C)
                  00821408    00000004     vlfft_evmc6678l_pe66.oe66 (.const:ti_sysbios_knl_Semaphore_Module__loggerFxn2__C)
                  0082140c    00000004     vlfft_evmc6678l_pe66.oe66 (.const:ti_sysbios_knl_Semaphore_Module__loggerFxn4__C)
                  00821410    00000004     vlfft_evmc6678l_pe66.oe66 (.const:ti_sysbios_knl_Semaphore_Module__loggerObj__C)
                  00821414    00000004     vlfft_evmc6678l_pe66.oe66 (.const:ti_sysbios_knl_Swi_A_badPriority__C)
                  00821418    00000004     vlfft_evmc6678l_pe66.oe66 (.const:ti_sysbios_knl_Swi_LD_end__C)
                  0082141c    00000004     vlfft_evmc6678l_pe66.oe66 (.const:ti_sysbios_knl_Swi_LM_begin__C)
                  00821420    00000004     vlfft_evmc6678l_pe66.oe66 (.const:ti_sysbios_knl_Swi_LM_post__C)
                  00821424    00000004     vlfft_evmc6678l_pe66.oe66 (.const:ti_sysbios_knl_Swi_Module__diagsEnabled__C)
                  00821428    00000004     vlfft_evmc6678l_pe66.oe66 (.const:ti_sysbios_knl_Swi_Module__diagsIncluded__C)
                  0082142c    00000004     vlfft_evmc6678l_pe66.oe66 (.const:ti_sysbios_knl_Swi_Module__diagsMask__C)
                  00821430    00000004     vlfft_evmc6678l_pe66.oe66 (.const:ti_sysbios_knl_Swi_Module__loggerFxn1__C)
                  00821434    00000004     vlfft_evmc6678l_pe66.oe66 (.const:ti_sysbios_knl_Swi_Module__loggerFxn4__C)
                  00821438    00000004     vlfft_evmc6678l_pe66.oe66 (.const:ti_sysbios_knl_Swi_Module__loggerObj__C)
                  0082143c    00000004     vlfft_evmc6678l_pe66.oe66 (.const:ti_sysbios_knl_Swi_Object__count__C)
                  00821440    00000004     vlfft_evmc6678l_pe66.oe66 (.const:ti_sysbios_knl_Task_A_badPriority__C)
                  00821444    00000004     vlfft_evmc6678l_pe66.oe66 (.const:ti_sysbios_knl_Task_A_badTaskState__C)
                  00821448    00000004     vlfft_evmc6678l_pe66.oe66 (.const:ti_sysbios_knl_Task_A_badThreadType__C)
                  0082144c    00000004     vlfft_evmc6678l_pe66.oe66 (.const:ti_sysbios_knl_Task_A_noPendElem__C)
                  00821450    00000004     vlfft_evmc6678l_pe66.oe66 (.const:ti_sysbios_knl_Task_E_spOutOfBounds__C)
                  00821454    00000004     vlfft_evmc6678l_pe66.oe66 (.const:ti_sysbios_knl_Task_E_stackOverflow__C)
                  00821458    00000004     vlfft_evmc6678l_pe66.oe66 (.const:ti_sysbios_knl_Task_LD_block__C)
                  0082145c    00000004     vlfft_evmc6678l_pe66.oe66 (.const:ti_sysbios_knl_Task_LD_exit__C)
                  00821460    00000004     vlfft_evmc6678l_pe66.oe66 (.const:ti_sysbios_knl_Task_LD_ready__C)
                  00821464    00000004     vlfft_evmc6678l_pe66.oe66 (.const:ti_sysbios_knl_Task_LM_setPri__C)
                  00821468    00000004     vlfft_evmc6678l_pe66.oe66 (.const:ti_sysbios_knl_Task_LM_switch__C)
                  0082146c    00000004     vlfft_evmc6678l_pe66.oe66 (.const:ti_sysbios_knl_Task_LM_yield__C)
                  00821470    00000004     vlfft_evmc6678l_pe66.oe66 (.const:ti_sysbios_knl_Task_Module_State_inactiveQ__O)
                  00821474    00000004     vlfft_evmc6678l_pe66.oe66 (.const:ti_sysbios_knl_Task_Module_State_terminatedQ__O)
                  00821478    00000004     vlfft_evmc6678l_pe66.oe66 (.const:ti_sysbios_knl_Task_Module__diagsEnabled__C)
                  0082147c    00000004     vlfft_evmc6678l_pe66.oe66 (.const:ti_sysbios_knl_Task_Module__diagsIncluded__C)
                  00821480    00000004     vlfft_evmc6678l_pe66.oe66 (.const:ti_sysbios_knl_Task_Module__diagsMask__C)
                  00821484    00000004     vlfft_evmc6678l_pe66.oe66 (.const:ti_sysbios_knl_Task_Module__loggerFxn2__C)
                  00821488    00000004     vlfft_evmc6678l_pe66.oe66 (.const:ti_sysbios_knl_Task_Module__loggerFxn4__C)
                  0082148c    00000004     vlfft_evmc6678l_pe66.oe66 (.const:ti_sysbios_knl_Task_Module__loggerObj__C)
                  00821490    00000004     vlfft_evmc6678l_pe66.oe66 (.const:ti_sysbios_knl_Task_Object__count__C)
                  00821494    00000004     vlfft_evmc6678l_pe66.oe66 (.const:ti_sysbios_knl_Task_Object__heap__C)
                  00821498    00000004     vlfft_evmc6678l_pe66.oe66 (.const:ti_sysbios_knl_Task_allBlockedFunc__C)
                  0082149c    00000004     vlfft_evmc6678l_pe66.oe66 (.const:ti_sysbios_knl_Task_defaultStackHeap__C)
                  008214a0    00000004     vlfft_evmc6678l_pe66.oe66 (.const:ti_sysbios_knl_Task_defaultStackSize__C)
                  008214a4    00000004     vlfft_evmc6678l_pe66.oe66 (.const:ti_sysbios_knl_Task_numConstructedTasks__C)
                  008214a8    00000004     vlfft_evmc6678l_pe66.oe66 (.const:ti_sysbios_knl_Task_numPriorities__C)
                  008214ac    00000004     vlfft_evmc6678l_pe66.oe66 (.const:ti_sysbios_syncs_SyncSem_Module__diagsEnabled__C)
                  008214b0    00000004     vlfft_evmc6678l_pe66.oe66 (.const:ti_sysbios_syncs_SyncSem_Module__diagsIncluded__C)
                  008214b4    00000004     vlfft_evmc6678l_pe66.oe66 (.const:ti_sysbios_syncs_SyncSem_Module__diagsMask__C)
                  008214b8    00000004     vlfft_evmc6678l_pe66.oe66 (.const:ti_sysbios_timers_timer64_Timer_A_notAvailable__C)
                  008214bc    00000004     vlfft_evmc6678l_pe66.oe66 (.const:ti_sysbios_timers_timer64_Timer_E_cannotSupport__C)
                  008214c0    00000004     vlfft_evmc6678l_pe66.oe66 (.const:ti_sysbios_timers_timer64_Timer_Module__diagsEnabled__C)
                  008214c4    00000004     vlfft_evmc6678l_pe66.oe66 (.const:ti_sysbios_timers_timer64_Timer_Module__diagsIncluded__C)
                  008214c8    00000004     vlfft_evmc6678l_pe66.oe66 (.const:ti_sysbios_timers_timer64_Timer_Module__diagsMask__C)
                  008214cc    00000004     vlfft_evmc6678l_pe66.oe66 (.const:ti_sysbios_timers_timer64_Timer_anyMask__C)
                  008214d0    00000004     vlfft_evmc6678l_pe66.oe66 (.const:ti_sysbios_timers_timer64_Timer_freqDivisor__C)
                  008214d4    00000004     vlfft_evmc6678l_pe66.oe66 (.const:ti_sysbios_timers_timer64_Timer_numLocalTimers__C)
                  008214d8    00000004     vlfft_evmc6678l_pe66.oe66 (.const:ti_sysbios_timers_timer64_Timer_numTimerDevices__C)
                  008214dc    00000004     vlfft_evmc6678l_pe66.oe66 (.const:ti_sysbios_xdcruntime_GateThreadSupport_Instance_State_gate__O)
                  008214e0    00000004     vlfft_evmc6678l_pe66.oe66 (.const:xdc_runtime_Assert_E_assertFailed__C)
                  008214e4    00000004     vlfft_evmc6678l_pe66.oe66 (.const:xdc_runtime_Core_A_initializedParams__C)
                  008214e8    00000004     vlfft_evmc6678l_pe66.oe66 (.const:xdc_runtime_Core_Module__diagsEnabled__C)
                  008214ec    00000004     vlfft_evmc6678l_pe66.oe66 (.const:xdc_runtime_Core_Module__diagsIncluded__C)
                  008214f0    00000004     vlfft_evmc6678l_pe66.oe66 (.const:xdc_runtime_Core_Module__diagsMask__C)
                  008214f4    00000004     vlfft_evmc6678l_pe66.oe66 (.const:xdc_runtime_Error_E_generic__C)
                  008214f8    00000004     vlfft_evmc6678l_pe66.oe66 (.const:xdc_runtime_Error_E_memory__C)
                  008214fc    00000004     vlfft_evmc6678l_pe66.oe66 (.const:xdc_runtime_Error_Module__diagsEnabled__C)
                  00821500    00000004     vlfft_evmc6678l_pe66.oe66 (.const:xdc_runtime_Error_Module__diagsIncluded__C)
                  00821504    00000004     vlfft_evmc6678l_pe66.oe66 (.const:xdc_runtime_Error_Module__diagsMask__C)
                  00821508    00000004     vlfft_evmc6678l_pe66.oe66 (.const:xdc_runtime_Error_Module__loggerFxn8__C)
                  0082150c    00000004     vlfft_evmc6678l_pe66.oe66 (.const:xdc_runtime_Error_Module__loggerObj__C)
                  00821510    00000004     vlfft_evmc6678l_pe66.oe66 (.const:xdc_runtime_Error_policy__C)
                  00821514    00000004     vlfft_evmc6678l_pe66.oe66 (.const:xdc_runtime_Error_raiseHook__C)
                  00821518    00000004     vlfft_evmc6678l_pe66.oe66 (.const:xdc_runtime_IGateProvider_Interface__BASE__C)
                  0082151c    00000004     vlfft_evmc6678l_pe66.oe66 (.const:xdc_runtime_IHeap_Interface__BASE__C)
                  00821520    00000004     vlfft_evmc6678l_pe66.oe66 (.const:xdc_runtime_IModule_Interface__BASE__C)
                  00821524    00000004     vlfft_evmc6678l_pe66.oe66 (.const:xdc_runtime_Log_L_error__C)
                  00821528    00000004     vlfft_evmc6678l_pe66.oe66 (.const:xdc_runtime_Memory_defaultHeapInstance__C)
                  0082152c    00000004     vlfft_evmc6678l_pe66.oe66 (.const:xdc_runtime_Startup_execImpl__C)
                  00821530    00000004     vlfft_evmc6678l_pe66.oe66 (.const:xdc_runtime_Startup_lastFxns__A)
                  00821534    00000004     vlfft_evmc6678l_pe66.oe66 (.const:xdc_runtime_Startup_maxPasses__C)
                  00821538    00000004     vlfft_evmc6678l_pe66.oe66 (.const:xdc_runtime_Startup_sfxnRts__C)
                  0082153c    00000004     vlfft_evmc6678l_pe66.oe66 (.const:xdc_runtime_Startup_sfxnTab__C)
                  00821540    00000004     vlfft_evmc6678l_pe66.oe66 (.const:xdc_runtime_System_Module__gateObj__C)
                  00821544    00000004     vlfft_evmc6678l_pe66.oe66 (.const:xdc_runtime_System_extendFxn__C)
                  00821548    00000004     vlfft_evmc6678l_pe66.oe66 (.const:xdc_runtime_System_maxAtexitHandlers__C)
                  0082154c    00000004     vlfft_evmc6678l_pe66.oe66 (.const:xdc_runtime_Text_charTab__C)
                  00821550    00000004     vlfft_evmc6678l_pe66.oe66 (.const:xdc_runtime_Text_nameEmpty__C)
                  00821554    00000004     vlfft_evmc6678l_pe66.oe66 (.const:xdc_runtime_Text_nameStatic__C)
                  00821558    00000004     vlfft_evmc6678l_pe66.oe66 (.const:xdc_runtime_Text_nameUnknown__C)
                  0082155c    00000004     vlfft_evmc6678l_pe66.oe66 (.const:xdc_runtime_Text_nodeTab__C)
                  00821560    00000004     vlfft_evmc6678l_pe66.oe66 (.const:xdc_runtime_Text_visitRopeFxn__C)
                  00821564    00000004     vlfft_evmc6678l_pe66.oe66 (.const:xdc_runtime_knl_ISync_Interface__BASE__C)
                  00821568    00000002     vlfft_evmc6678l_pe66.oe66 (.const:ti_sdo_ipc_GateMP_Module__id__C)
                  0082156a    00000002     --HOLE-- [fill = 0]
                  0082156c    00000002     vlfft_evmc6678l_pe66.oe66 (.const:ti_sdo_ipc_GateMP_Module__loggerDefined__C)
                  0082156e    00000002     --HOLE-- [fill = 0]
                  00821570    00000002     vlfft_evmc6678l_pe66.oe66 (.const:ti_sdo_ipc_Ipc_Module__id__C)
                  00821572    00000002     --HOLE-- [fill = 0]
                  00821574    00000002     vlfft_evmc6678l_pe66.oe66 (.const:ti_sdo_ipc_Ipc_generateSlaveDataForHost__C)
                  00821576    00000002     --HOLE-- [fill = 0]
                  00821578    00000002     vlfft_evmc6678l_pe66.oe66 (.const:ti_sdo_ipc_ListMP_Module__id__C)
                  0082157a    00000002     --HOLE-- [fill = 0]
                  0082157c    00000002     vlfft_evmc6678l_pe66.oe66 (.const:ti_sdo_ipc_MessageQ_Module__id__C)
                  0082157e    00000002     --HOLE-- [fill = 0]
                  00821580    00000002     vlfft_evmc6678l_pe66.oe66 (.const:ti_sdo_ipc_MessageQ_Module__loggerDefined__C)
                  00821582    00000002     --HOLE-- [fill = 0]
                  00821584    00000002     vlfft_evmc6678l_pe66.oe66 (.const:ti_sdo_ipc_Notify_Module__id__C)
                  00821586    00000002     --HOLE-- [fill = 0]
                  00821588    00000002     vlfft_evmc6678l_pe66.oe66 (.const:ti_sdo_ipc_Notify_numLines__C)
                  0082158a    00000002     --HOLE-- [fill = 0]
                  0082158c    00000002     vlfft_evmc6678l_pe66.oe66 (.const:ti_sdo_ipc_Notify_reservedEvents__C)
                  0082158e    00000002     --HOLE-- [fill = 0]
                  00821590    00000002     vlfft_evmc6678l_pe66.oe66 (.const:ti_sdo_ipc_SharedRegion_Module__id__C)
                  00821592    00000002     --HOLE-- [fill = 0]
                  00821594    00000002     vlfft_evmc6678l_pe66.oe66 (.const:ti_sdo_ipc_SharedRegion_numEntries__C)
                  00821596    00000002     --HOLE-- [fill = 0]
                  00821598    00000002     vlfft_evmc6678l_pe66.oe66 (.const:ti_sdo_ipc_SharedRegion_translate__C)
                  0082159a    00000002     --HOLE-- [fill = 0]
                  0082159c    00000002     vlfft_evmc6678l_pe66.oe66 (.const:ti_sdo_ipc_family_c647x_Interrupt_enableKick__C)
                  0082159e    00000002     --HOLE-- [fill = 0]
                  008215a0    00000002     vlfft_evmc6678l_pe66.oe66 (.const:ti_sdo_ipc_family_c647x_MultiProcSetup_Module__id__C)
                  008215a2    00000002     --HOLE-- [fill = 0]
                  008215a4    00000002     vlfft_evmc6678l_pe66.oe66 (.const:ti_sdo_ipc_gates_GateHWSem_Module__id__C)
                  008215a6    00000002     --HOLE-- [fill = 0]
                  008215a8    00000002     vlfft_evmc6678l_pe66.oe66 (.const:ti_sdo_ipc_gates_GateMPSupportNull_Module__id__C)
                  008215aa    00000002     --HOLE-- [fill = 0]
                  008215ac    00000002     vlfft_evmc6678l_pe66.oe66 (.const:ti_sdo_ipc_gates_GatePeterson_Module__id__C)
                  008215ae    00000002     --HOLE-- [fill = 0]
                  008215b0    00000002     vlfft_evmc6678l_pe66.oe66 (.const:ti_sdo_ipc_heaps_HeapBufMP_Module__id__C)
                  008215b2    00000002     --HOLE-- [fill = 0]
                  008215b4    00000002     vlfft_evmc6678l_pe66.oe66 (.const:ti_sdo_ipc_heaps_HeapBufMP_trackAllocs__C)
                  008215b6    00000002     --HOLE-- [fill = 0]
                  008215b8    00000002     vlfft_evmc6678l_pe66.oe66 (.const:ti_sdo_ipc_heaps_HeapMemMP_Module__id__C)
                  008215ba    00000002     --HOLE-- [fill = 0]
                  008215bc    00000002     vlfft_evmc6678l_pe66.oe66 (.const:ti_sdo_ipc_notifyDrivers_NotifyDriverCirc_Module__id__C)
                  008215be    00000002     --HOLE-- [fill = 0]
                  008215c0    00000002     vlfft_evmc6678l_pe66.oe66 (.const:ti_sdo_ipc_notifyDrivers_NotifyDriverCirc_enableStats__C)
                  008215c2    00000002     --HOLE-- [fill = 0]
                  008215c4    00000002     vlfft_evmc6678l_pe66.oe66 (.const:ti_sdo_ipc_nsremote_NameServerRemoteNotify_Module__id__C)
                  008215c6    00000002     --HOLE-- [fill = 0]
                  008215c8    00000002     vlfft_evmc6678l_pe66.oe66 (.const:ti_sdo_ipc_transports_TransportShmNotify_alwaysWriteBackMsg__C)
                  008215ca    00000002     --HOLE-- [fill = 0]
                  008215cc    00000002     vlfft_evmc6678l_pe66.oe66 (.const:ti_sdo_ipc_transports_TransportShmNotify_notifyEventId__C)
                  008215ce    00000002     --HOLE-- [fill = 0]
                  008215d0    00000002     vlfft_evmc6678l_pe66.oe66 (.const:ti_sdo_utils_MultiProc_Module__id__C)
                  008215d2    00000002     --HOLE-- [fill = 0]
                  008215d4    00000002     vlfft_evmc6678l_pe66.oe66 (.const:ti_sdo_utils_MultiProc_numProcessors__C)
                  008215d6    00000002     --HOLE-- [fill = 0]
                  008215d8    00000002     vlfft_evmc6678l_pe66.oe66 (.const:ti_sdo_utils_MultiProc_numProcsInCluster__C)
                  008215da    00000002     --HOLE-- [fill = 0]
                  008215dc    00000002     vlfft_evmc6678l_pe66.oe66 (.const:ti_sdo_utils_NameServer_Module__id__C)
                  008215de    00000002     --HOLE-- [fill = 0]
                  008215e0    00000002     vlfft_evmc6678l_pe66.oe66 (.const:ti_sdo_utils_NameServer_singleProcessor__C)
                  008215e2    00000002     --HOLE-- [fill = 0]
                  008215e4    00000002     vlfft_evmc6678l_pe66.oe66 (.const:ti_sysbios_BIOS_Module__id__C)
                  008215e6    00000002     --HOLE-- [fill = 0]
                  008215e8    00000002     vlfft_evmc6678l_pe66.oe66 (.const:ti_sysbios_family_c64p_EventCombiner_Module__id__C)
                  008215ea    00000002     --HOLE-- [fill = 0]
                  008215ec    00000002     vlfft_evmc6678l_pe66.oe66 (.const:ti_sysbios_family_c64p_Exception_Module__id__C)
                  008215ee    00000002     --HOLE-- [fill = 0]
                  008215f0    00000002     vlfft_evmc6678l_pe66.oe66 (.const:ti_sysbios_family_c64p_Hwi_Module__id__C)
                  008215f2    00000002     --HOLE-- [fill = 0]
                  008215f4    00000002     vlfft_evmc6678l_pe66.oe66 (.const:ti_sysbios_family_c64p_Hwi_Module__loggerDefined__C)
                  008215f6    00000002     --HOLE-- [fill = 0]
                  008215f8    00000002     vlfft_evmc6678l_pe66.oe66 (.const:ti_sysbios_family_c66_tci66xx_CpIntc_Module__id__C)
                  008215fa    00000002     --HOLE-- [fill = 0]
                  008215fc    00000002     vlfft_evmc6678l_pe66.oe66 (.const:ti_sysbios_gates_GateMutexPri_Module__id__C)
                  008215fe    00000002     --HOLE-- [fill = 0]
                  00821600    00000002     vlfft_evmc6678l_pe66.oe66 (.const:ti_sysbios_gates_GateMutex_Module__id__C)
                  00821602    00000002     --HOLE-- [fill = 0]
                  00821604    00000002     vlfft_evmc6678l_pe66.oe66 (.const:ti_sysbios_gates_GateSwi_Module__id__C)
                  00821606    00000002     --HOLE-- [fill = 0]
                  00821608    00000002     vlfft_evmc6678l_pe66.oe66 (.const:ti_sysbios_hal_Hwi_Module__id__C)
                  0082160a    00000002     --HOLE-- [fill = 0]
                  0082160c    00000002     vlfft_evmc6678l_pe66.oe66 (.const:ti_sysbios_heaps_HeapMem_Module__id__C)
                  0082160e    00000002     --HOLE-- [fill = 0]
                  00821610    00000002     vlfft_evmc6678l_pe66.oe66 (.const:ti_sysbios_knl_Clock_Module__id__C)
                  00821612    00000002     --HOLE-- [fill = 0]
[...]
0c236b20   llabs
0c236ba0   strchr
0c236be0   strlen
0c236c20   ti_sdo_ipc_family_c647x_Interrupt_intClear__E
0c236c20   ti_sdo_ipc_notifyDrivers_NotifyDriverCirc_InterruptProxy_intClear__E
0c236c60   ti_sdo_ipc_family_c647x_Interrupt_intSend__E
0c236c60   ti_sdo_ipc_notifyDrivers_NotifyDriverCirc_InterruptProxy_intSend__E
0c236ca0   ti_sdo_ipc_GateMP_RemoteSystemProxy_Handle__label__S
0c236ca0   ti_sdo_ipc_gates_GateHWSem_Handle__label__S
0c236ce0   ti_sdo_ipc_GateMP_RemoteCustom2Proxy_Handle__label__S
0c236ce0   ti_sdo_ipc_gates_GateMPSupportNull_Handle__label__S
0c236d20   ti_sdo_ipc_GateMP_RemoteCustom1Proxy_Handle__label__S
0c236d20   ti_sdo_ipc_gates_GatePeterson_Handle__label__S
0c236d60   ti_sdo_ipc_heaps_HeapBufMP_Handle__label__S
0c236da0   ti_sdo_ipc_heaps_HeapMemMP_Handle__label__S
0c236de0   ti_sdo_ipc_notifyDrivers_NotifyDriverCirc_Handle__label__S
0c236e20   ti_sdo_ipc_notifyDrivers_NotifyDriverCirc_disable__E
0c236e60   ti_sdo_ipc_notifyDrivers_NotifyDriverCirc_enableEvent__E
0c236ea0   ti_sdo_ipc_notifyDrivers_NotifyDriverCirc_registerEvent__E
0c236ee0   ti_sdo_ipc_notifyDrivers_NotifyDriverCirc_unregisterEvent__E
0c236f20   ti_sdo_ipc_nsremote_NameServerRemoteNotify_Handle__label__S
0c236f20   ti_sdo_utils_NameServer_SetupProxy_Handle__label__S
0c236f60   ti_sdo_ipc_nsremote_NameServerRemoteNotify_sharedMemReq__E
0c236f60   ti_sdo_utils_NameServer_SetupProxy_sharedMemReq__E
0c236fa0   ti_sdo_ipc_transports_TransportShmNotify_Handle__label__S
0c236fe0   ti_sdo_utils_NameServer_Module__startupDone__F
0c236fe0   ti_sdo_utils_NameServer_Module__startupDone__S
0c237020   ti_sdo_utils_NameServer_Object__get__S
0c237060   ti_sysbios_BIOS_startFunc__I
0c2370a0   ti_sysbios_BIOS_start__E
0c2370e0   ti_sysbios_family_c64p_EventCombiner_disableEvent__E
0c2370e0   ti_sysbios_family_c64p_EventCombiner_disableEvent__F
0c237120   ti_sysbios_family_c64p_EventCombiner_enableEvent__E
0c237120   ti_sysbios_family_c64p_EventCombiner_enableEvent__F
0c237160   ti_sysbios_family_c64p_Hwi_Module__startupDone__F
0c237160   ti_sysbios_family_c64p_Hwi_Module__startupDone__S
0c237160   ti_sysbios_hal_Hwi_HwiProxy_Module__startupDone__S
0c2371a0   ti_sysbios_family_c64p_Hwi_disableInterrupt__E
0c2371a0   ti_sysbios_hal_Hwi_HwiProxy_disableInterrupt__E
0c2371a0   ti_sysbios_hal_Hwi_disableInterrupt__E
0c2371e0   ti_sysbios_family_c64p_Hwi_enableInterrupt__E
0c2371e0   ti_sysbios_hal_Hwi_HwiProxy_enableInterrupt__E
0c2371e0   ti_sysbios_hal_Hwi_enableInterrupt__E
0c237220   ti_sysbios_family_c66_Cache_wait__E
0c237220   ti_sysbios_hal_Cache_CacheProxy_wait__E
0c237220   ti_sysbios_hal_Cache_wait__E
0c237260   ti_sysbios_family_c66_tci66xx_CpIntc_dispatchPlug__E
0c237260   ti_sysbios_family_c66_tci66xx_CpIntc_dispatchPlug__F
0c2372a0   ti_sysbios_family_c66_tci66xx_CpIntc_enableAllHostInts__E
0c2372a0   ti_sysbios_family_c66_tci66xx_CpIntc_enableAllHostInts__F
0c2372e0   ti_sysbios_gates_GateAll_Handle__label__S
0c237320   ti_sysbios_gates_GateHwi_Handle__label__S
0c237320   xdc_runtime_Main_Module_GateProxy_Handle__label__S
0c237320   xdc_runtime_System_Module_GateProxy_Handle__label__S
0c237360   ti_sysbios_gates_GateMutexPri_Handle__label__S
0c2373a0   ti_sysbios_gates_GateMutexPri_Instance_finalize__F
0c2373e0   ti_sysbios_gates_GateMutexPri_Instance_init__F
0c237420   ti_sysbios_gates_GateMutexPri_Object__destruct__S
0c237460   ti_sysbios_BIOS_RtsGateProxy_Handle__label__S
0c237460   ti_sysbios_gates_GateMutex_Handle__label__S
0c237460   ti_sysbios_heaps_HeapMem_Module_GateProxy_Handle__label__S
0c2374a0   ti_sysbios_gates_GateMutex_Instance_finalize__F
0c2374e0   ti_sysbios_gates_GateMutex_leave__E
0c237520   ti_sdo_ipc_Notify_Module_GateProxy_Handle__label__S
0c237520   ti_sysbios_gates_GateSwi_Handle__label__S
0c237560   ti_sysbios_hal_Timer_Module__startupDone__F
0c237560   ti_sysbios_hal_Timer_Module__startupDone__S
0c2375a0   ti_sysbios_heaps_HeapMem_Handle__label__S
0c2375a0   xdc_runtime_Memory_HeapProxy_Handle__label__S
0c2375e0   ti_sysbios_heaps_HeapMem_Object__get__S
0c237620   ti_sysbios_knl_Clock_Object__destruct__S
0c237660   ti_sysbios_knl_Semaphore_Instance_finalize__F
0c2376a0   ti_sysbios_knl_Semaphore_Object__destruct__S
0c2376e0   ti_sysbios_knl_Swi_Object__destruct__S
0c237720   ti_sysbios_knl_Swi_Object__get__S
0c237760   ti_sysbios_knl_Task_Object__get__S
0c2377a0   ti_sysbios_syncs_SyncSem_Handle__label__S
0c2377e0   ti_sysbios_syncs_SyncSem_Instance_finalize__F
0c237820   ti_sysbios_hal_Timer_TimerProxy_Module__startupDone__S
0c237820   ti_sysbios_timers_timer64_Timer_Module__startupDone__F
0c237820   ti_sysbios_timers_timer64_Timer_Module__startupDone__S
0c237860   ti_sysbios_xdcruntime_GateThreadSupport_Instance_finalize__F
0c2378a0   ti_sysbios_xdcruntime_GateThreadSupport_Instance_init__F
0c2378e0   ti_sysbios_xdcruntime_GateThreadSupport_enter__E
0c2378e0   ti_sysbios_xdcruntime_GateThreadSupport_enter__F
0c237920   TSC_enable
0c237928   TSC_read
0c237960   xdc_runtime_Error_check__E
0c237960   xdc_runtime_Error_check__F
0c2379a0   xdc_runtime_Error_init__E
0c2379a0   xdc_runtime_Error_init__F
0c2379e0   xdc_runtime_GateNull_Handle__label__S
0c237a20   xdc_runtime_Gate_leaveSystem__E
0c237a20   xdc_runtime_Gate_leaveSystem__F
0c237a60   xdc_runtime_Memory_free__E
0c237a60   xdc_runtime_Memory_free__F
0c237aa0   xdc_runtime_Registry_findById__E
0c237aa0   xdc_runtime_Registry_findById__F
0c237ae0   xdc_runtime_System_abort__E
0c237ae0   xdc_runtime_System_abort__F
0c237b20   xdc_runtime_System_aprintf__E
0c237b60   xdc_runtime_System_printf__E
0c237ba0   xdc_runtime_System_sprintf__E
0c237be0   xdc_runtime_Text_ropeText__E
0c237be0   xdc_runtime_Text_ropeText__F
0c237c20   xdc_runtime_knl_GateThread_Handle__label__S
0c237c60   xdc_runtime_knl_GateThread_Instance_finalize__F
0c237ca0   xdc_runtime_knl_GateThread_Instance_init__F
0c237ce0   MultiProc_self
0c237d00   __c6xabi_negll
0c237d20   __c6xabi_trunc
0c237d40   __cxa_ia64_exit
0c237d60   __xdc__init
0c237d80   _nop
0c237e20   _register_lock
0c237e40   _register_unlock
0c237e60   ti_sysbios_family_c62_TaskSupport_glue
0c237e80   ti_sysbios_family_xxx_Hwi_switchToTaskStack
0c237ea0   C$$EXIT
0c237ea0   abort
0c237ec0   atexit
0c237ee0   __TI_decompress_none
0c237f00   __TI_decompress_rle24
0c237f20   determineProcId
0c237f40   edma3MemZero
0c237f60   edma3ParamCpy
0c237f80   isGblConfigRequired
0c237fa0   lisrEdma3CCErrHandler0
0c237fc0   lisrEdma3ComplHandler0
0c237fe0   lisrEdma3TC0ErrHandler0
0c238000   lisrEdma3TC1ErrHandler0
0c238020   lisrEdma3TC2ErrHandler0
0c238040   lisrEdma3TC3ErrHandler0
0c238060   lisrEdma3TC4ErrHandler0
0c238080   lisrEdma3TC5ErrHandler0
0c2380a0   lisrEdma3TC6ErrHandler0
0c2380c0   lisrEdma3TC7ErrHandler0
0c238100   putchar
0c238120   ti_sdo_ipc_GateMP_Params__init__S
0c238140   ti_sdo_ipc_GateMP_RemoteCustom1Proxy_Object__create__S
0c238160   ti_sdo_ipc_GateMP_RemoteCustom1Proxy_Proxy__abstract__S
0c238180   ti_sdo_ipc_GateMP_RemoteCustom1Proxy_Proxy__delegate__S
0c2381a0   ti_sdo_ipc_GateMP_RemoteCustom2Proxy_Object__create__S
0c2381c0   ti_sdo_ipc_GateMP_RemoteCustom2Proxy_Proxy__abstract__S
0c2381e0   ti_sdo_ipc_GateMP_RemoteCustom2Proxy_Proxy__delegate__S
0c238200   ti_sdo_ipc_GateMP_RemoteSystemProxy_Object__create__S
0c238220   ti_sdo_ipc_GateMP_RemoteSystemProxy_Proxy__abstract__S
0c238240   ti_sdo_ipc_GateMP_RemoteSystemProxy_Proxy__delegate__S
0c238260   ti_sdo_ipc_GateMP_getSharedAddr__E
0c238260   ti_sdo_ipc_GateMP_getSharedAddr__F
0c238280   ti_sdo_ipc_ListMP_Params__init__S
0c2382a0   ti_sdo_ipc_MessageQ_Object__get__S
0c2382c0   ti_sdo_ipc_MessageQ_Params__init__S
0c2382e0   ti_sdo_ipc_Notify_Module_GateProxy_enter__E
0c238300   ti_sdo_ipc_Notify_Module_GateProxy_leave__E
0c238320   ti_sdo_ipc_family_c647x_Interrupt_intDisable__E
0c238320   ti_sdo_ipc_notifyDrivers_NotifyDriverCirc_InterruptProxy_intDisable__E
0c238340   ti_sdo_ipc_family_c647x_Interrupt_intEnable__E
0c238340   ti_sdo_ipc_notifyDrivers_NotifyDriverCirc_InterruptProxy_intEnable__E
0c238360   ti_sdo_ipc_Notify_SetupProxy_numIntLines__E
0c238360   ti_sdo_ipc_family_c647x_NotifyCircSetup_numIntLines__E
0c238380   ti_sdo_ipc_GateMP_RemoteSystemProxy_Params__init__S
0c238380   ti_sdo_ipc_gates_GateHWSem_Params__init__S
0c2383a0   ti_sdo_ipc_GateMP_RemoteSystemProxy_getReservedMask__E
0c2383a0   ti_sdo_ipc_gates_GateHWSem_getReservedMask__E
0c2383c0   ti_sdo_ipc_GateMP_RemoteSystemProxy_query__E
0c2383c0   ti_sdo_ipc_gates_GateHWSem_query__E
0c2383c0   ti_sdo_ipc_gates_GateHWSem_query__F
0c2383e0   ti_sdo_ipc_GateMP_RemoteSystemProxy_sharedMemReq__E
0c2383e0   ti_sdo_ipc_gates_GateHWSem_sharedMemReq__E
0c238400   ti_sdo_ipc_gates_GateMPSupportNull_Instance_init__F
0c238420   ti_sdo_ipc_GateMP_RemoteCustom2Proxy_Params__init__S
0c238420   ti_sdo_ipc_gates_GateMPSupportNull_Params__init__S
0c238440   ti_sdo_ipc_GateMP_RemoteCustom2Proxy_getReservedMask__E
0c238440   ti_sdo_ipc_gates_GateMPSupportNull_getReservedMask__E
0c238460   ti_sdo_ipc_GateMP_RemoteCustom2Proxy_query__E
0c238460   ti_sdo_ipc_gates_GateMPSupportNull_query__E
0c238460   ti_sdo_ipc_gates_GateMPSupportNull_query__F
0c238480   ti_sdo_ipc_GateMP_RemoteCustom2Proxy_sharedMemReq__E
0c238480   ti_sdo_ipc_gates_GateMPSupportNull_sharedMemReq__E
0c2384a0   ti_sdo_ipc_GateMP_RemoteCustom1Proxy_Params__init__S
0c2384a0   ti_sdo_ipc_gates_GatePeterson_Params__init__S
0c2384c0   ti_sdo_ipc_GateMP_RemoteCustom1Proxy_getReservedMask__E
0c2384c0   ti_sdo_ipc_gates_GatePeterson_getReservedMask__E
0c2384e0   ti_sdo_ipc_GateMP_RemoteCustom1Proxy_query__E
0c2384e0   ti_sdo_ipc_gates_GatePeterson_query__E
0c2384e0   ti_sdo_ipc_gates_GatePeterson_query__F
0c238500   ti_sdo_ipc_heaps_HeapBufMP_Params__init__S
0c238520   ti_sdo_ipc_heaps_HeapBufMP_isBlocking__E
0c238520   ti_sdo_ipc_heaps_HeapBufMP_isBlocking__F
0c238540   ti_sdo_ipc_heaps_HeapMemMP_Params__init__S
0c238560   ti_sdo_ipc_heaps_HeapMemMP_isBlocking__E
0c238560   ti_sdo_ipc_heaps_HeapMemMP_isBlocking__F
0c238580   ti_sdo_ipc_notifyDrivers_NotifyDriverCirc_Params__init__S
0c2385a0   ti_sdo_ipc_notifyDrivers_NotifyDriverCirc_setNotifyHandle__E
0c2385c0   ti_sdo_ipc_nsremote_NameServerRemoteNotify_Object__first__S
0c2385e0   ti_sdo_ipc_nsremote_NameServerRemoteNotify_Object__next__S
0c238600   ti_sdo_ipc_nsremote_NameServerRemoteNotify_Params__init__S
0c238600   ti_sdo_utils_NameServer_SetupProxy_Params__init__S
0c238620   ti_sdo_ipc_nsremote_NameServerRemoteNotify_cbFxn__I
0c238640   ti_sdo_ipc_MessageQ_SetupTransportProxy_isRegistered__E
0c238640   ti_sdo_ipc_transports_TransportShmNotifySetup_isRegistered__E
0c238660   ti_sdo_ipc_MessageQ_SetupTransportProxy_sharedMemReq__E
0c238660   ti_sdo_ipc_transports_TransportShmNotifySetup_sharedMemReq__E
0c238680   ti_sdo_ipc_transports_TransportShmNotify_Params__init__S
0c2386a0   ti_sdo_ipc_transports_TransportShmNotify_control__E
0c2386c0   ti_sdo_ipc_transports_TransportShmNotify_getStatus__E
0c2386e0   ti_sdo_ipc_transports_TransportShmNotify_setErrFxn__E
0c2386e0   ti_sdo_ipc_transports_TransportShmNotify_setErrFxn__F
0c238700   ti_sdo_utils_List_Instance_init__F
0c238720   ti_sdo_utils_List_Object__destruct__S
0c238740   ti_sdo_utils_List_Object__get__S
0c238760   ti_sdo_utils_MultiProc_getClusterId__E
0c238760   ti_sdo_utils_MultiProc_getClusterId__F
0c238780   ti_sdo_utils_NameServer_Object__first__S
0c2387a0   ti_sdo_utils_NameServer_Object__next__S
0c2387c0   ti_sysbios_BIOS_RtsGateProxy_enter__E
0c2387e0   ti_sysbios_BIOS_RtsGateProxy_leave__E
0c238800   ti_sysbios_BIOS_getThreadType__E
0c238820   ti_sysbios_BIOS_setThreadType__E
0c238840   ti_sysbios_family_c62_TaskSupport_Module__startupDone__S
0c238840   ti_sysbios_knl_Task_SupportProxy_Module__startupDone__S
0c238860   ti_sysbios_family_c62_TaskSupport_checkStack__E
0c238860   ti_sysbios_knl_Task_SupportProxy_checkStack__E
0c238880   ti_sysbios_family_c62_TaskSupport_getStackAlignment__E
0c238880   ti_sysbios_knl_Task_SupportProxy_getStackAlignment__E
0c2388a0   ti_sysbios_family_c64p_Hwi_Params__init__S
0c2388a0   ti_sysbios_hal_Hwi_HwiProxy_Params__init__S
0c2388c0   ti_sysbios_family_c64p_Hwi_clearInterrupt__E
0c2388c0   ti_sysbios_hal_Hwi_HwiProxy_clearInterrupt__E
0c2388c0   ti_sysbios_hal_Hwi_clearInterrupt__E
0c2388e0   ti_sysbios_family_c64p_Hwi_getHandle__E
0c238900   ti_sysbios_family_c64p_Hwi_startup__E
0c238900   ti_sysbios_hal_Hwi_HwiProxy_startup__E
0c238900   ti_sysbios_hal_Hwi_startup__E
0c238920   ti_sysbios_family_c64p_Hwi_switchFromBootStack__E
0c238920   ti_sysbios_hal_Hwi_HwiProxy_switchFromBootStack__E
0c238920   ti_sysbios_hal_Hwi_switchFromBootStack__E
0c238940   ti_sysbios_family_c64p_Hwi_unPluggedInterrupt__I
0c238960   ti_sysbios_family_c64p_TimestampProvider_Module_startup__E
0c238960   ti_sysbios_family_c64p_TimestampProvider_Module_startup__F
0c238980   ti_sysbios_family_c64p_TimestampProvider_get32__E
0c238980   xdc_runtime_Timestamp_SupportProxy_get32__E
0c238980   xdc_runtime_Timestamp_get32__E
0c238980   xdc_runtime_Timestamp_get32__F
0c2389a0   ti_sysbios_family_c64p_tci6488_TimerSupport_enable__E
0c2389a0   ti_sysbios_timers_timer64_Timer_TimerSupportProxy_enable__E
0c2389c0   ti_sysbios_family_c66_Cache_inv__E
0c2389c0   ti_sysbios_hal_Cache_CacheProxy_inv__E
0c2389c0   ti_sysbios_hal_Cache_inv__E
0c2389e0   ti_sysbios_family_c66_Cache_wbInv__E
0c2389e0   ti_sysbios_hal_Cache_CacheProxy_wbInv__E
0c2389e0   ti_sysbios_hal_Cache_wbInv__E
0c238a00   ti_sysbios_family_c66_Cache_wb__E
0c238a00   ti_sysbios_hal_Cache_CacheProxy_wb__E
0c238a00   ti_sysbios_hal_Cache_wb__E
0c238a20   ti_sysbios_family_c66_tci66xx_CpIntc_enableHostInt__E
0c238a20   ti_sysbios_family_c66_tci66xx_CpIntc_enableHostInt__F
0c238a40   ti_sysbios_family_c66_tci66xx_CpIntc_getEventId__E
0c238a40   ti_sysbios_family_c66_tci66xx_CpIntc_getEventId__F
0c238a60   ti_sysbios_gates_GateAll_Instance_init__F
0c238a80   ti_sysbios_gates_GateAll_query__E
0c238a80   ti_sysbios_gates_GateAll_query__F
0c238aa0   ti_sysbios_gates_GateHwi_Instance_init__F
0c238ac0   ti_sysbios_gates_GateHwi_enter__E
0c238ae0   ti_sysbios_gates_GateHwi_leave__E
0c238b00   ti_sysbios_gates_GateHwi_query__E
0c238b00   ti_sysbios_gates_GateHwi_query__F
0c238b00   xdc_runtime_Main_Module_GateProxy_query__E
0c238b00   xdc_runtime_System_Module_GateProxy_query__E
0c238b20   ti_sysbios_gates_GateMutexPri_query__E
0c238b20   ti_sysbios_gates_GateMutexPri_query__F
0c238b20   ti_sysbios_xdcruntime_GateProcessSupport_query__F
0c238b20   ti_sysbios_xdcruntime_GateThreadSupport_query__E
0c238b20   ti_sysbios_xdcruntime_GateThreadSupport_query__F
0c238b20   xdc_runtime_knl_GateThread_Proxy_query__E
0c238b20   xdc_runtime_knl_GateThread_query__E
0c238b20   xdc_runtime_knl_GateThread_query__F
0c238b40   ti_sysbios_BIOS_RtsGateProxy_query__E
0c238b40   ti_sysbios_gates_GateMutex_query__E
0c238b40   ti_sysbios_gates_GateMutex_query__F
0c238b40   ti_sysbios_heaps_HeapMem_Module_GateProxy_query__E
0c238b60   ti_sysbios_gates_GateSwi_Instance_init__F
0c238b80   ti_sdo_ipc_Notify_Module_GateProxy_query__E
0c238b80   ti_sysbios_gates_GateSwi_query__E
0c238b80   ti_sysbios_gates_GateSwi_query__F
0c238ba0   ti_sysbios_hal_Hwi_Module_startup__E
0c238ba0   ti_sysbios_hal_Hwi_Module_startup__F
0c238bc0   ti_sysbios_hal_Timer_Module_startup__E
0c238bc0   ti_sysbios_hal_Timer_Module_startup__F
0c238be0   ti_sysbios_hal_Timer_TimerProxy_getExpiredCounts__E
0c238c00   ti_sysbios_hal_Timer_TimerProxy_getPeriod__E
0c238c20   ti_sysbios_hal_Timer_TimerProxy_setNextTick__E
0c238c40   ti_sysbios_heaps_HeapMem_Module_GateProxy_enter__E
0c238c60   ti_sysbios_heaps_HeapMem_Module_GateProxy_leave__E
0c238c80   ti_sysbios_heaps_HeapMem_isBlocking__E
0c238ca0   ti_sysbios_knl_Clock_Params__init__S
0c238cc0   ti_sysbios_knl_Queue_Instance_init__F
0c238ce0   ti_sysbios_knl_Queue_Object__destruct__S
0c238d00   ti_sysbios_knl_Queue_Object__get__S
0c238d20   ti_sysbios_knl_Queue_empty__E
0c238d40   ti_sysbios_knl_Semaphore_Params__init__S
0c238d60   ti_sysbios_knl_Swi_Params__init__S
0c238d80   ti_sysbios_knl_Swi_disable__E
0c238da0   ti_sysbios_knl_Task_Object__first__S
0c238dc0   ti_sysbios_knl_Task_Object__next__S
0c238de0   ti_sysbios_knl_Task_Params__init__S
0c238e00   ti_sysbios_knl_Task_disable__E
0c238e20   ti_sysbios_knl_Task_enable__E
0c238e40   ti_sysbios_knl_Task_getPri__E
0c238e60   ti_sysbios_knl_Task_self__E
0c238e80   ti_sysbios_syncs_SyncSem_query__E
0c238e80   ti_sysbios_syncs_SyncSem_query__F
0c238ea0   ti_sysbios_syncs_SyncSem_signal__E
0c238ea0   ti_sysbios_syncs_SyncSem_signal__F
0c238ec0   ti_sysbios_timers_timer64_Timer_setNextTick__E
0c238ee0   xdc_runtime_GateNull_enter__E
0c238ee0   xdc_runtime_GateNull_enter__F
0c238f00   xdc_runtime_GateNull_leave__E
0c238f00   xdc_runtime_GateNull_leave__F
0c238f20   xdc_runtime_GateNull_query__E
0c238f20   xdc_runtime_GateNull_query__F
0c238f40   xdc_runtime_Gate_enterSystem__E
0c238f40   xdc_runtime_Gate_enterSystem__F
0c238f60   xdc_runtime_IHeap_alloc
0c238f60   xdc_runtime_Memory_HeapProxy_alloc__E
0c238f80   xdc_runtime_IHeap_free
0c238f80   xdc_runtime_Memory_HeapProxy_free__E
0c238fa0   xdc_runtime_Memory_getMaxDefaultTypeAlign__E
0c238fa0   xdc_runtime_Memory_getMaxDefaultTypeAlign__F
0c238fc0   xdc_runtime_Startup_Module__startupDone__S
0c238fe0   xdc_runtime_Startup_exec__I
0c239000   xdc_runtime_Startup_rtsDone__E
0c239000   xdc_runtime_Startup_rtsDone__F
0c239020   xdc_runtime_SysStd_exit__E
0c239020   xdc_runtime_SysStd_exit__F
0c239020   xdc_runtime_System_SupportProxy_exit__E
0c239040   xdc_runtime_SysStd_putch__E
0c239040   xdc_runtime_SysStd_putch__F
0c239040   xdc_runtime_System_SupportProxy_putch__E
0c239060   xdc_runtime_SysStd_ready__E
0c239060   xdc_runtime_SysStd_ready__F
0c239060   xdc_runtime_System_SupportProxy_ready__E
0c239080   xdc_runtime_System_Module_GateProxy_enter__E
0c2390a0   xdc_runtime_System_Module_GateProxy_leave__E
0c2390c0   xdc_runtime_System_Module_startup__E
0c2390c0   xdc_runtime_System_Module_startup__F
0c2390e0   xdc_runtime_System_exit__E
0c2390e0   xdc_runtime_System_exit__F
0c239100   xdc_runtime_System_lastFxn__I
0c239120   xdc_runtime_System_sprintf_va__E
0c239120   xdc_runtime_System_sprintf_va__F
0c239120   xdc_runtime_System_vsprintf__E
0c239120   xdc_runtime_System_vsprintf__F
0c239140   xdc_runtime_Text_visitRope__I
0c239160   xdc_runtime_knl_GateThread_Module__startupDone__S
0c239180   xdc_runtime_knl_GateThread_Proxy_Object__create__S
0c2391a0   xdc_runtime_knl_GateThread_Proxy_enter__E
0c2391c0   xdc_runtime_knl_GateThread_Proxy_leave__E
0c2391e0   xdc_runtime_knl_GateThread_enter__E
0c2391e0   xdc_runtime_knl_GateThread_enter__F
0c239200   xdc_runtime_knl_GateThread_leave__E
0c239200   xdc_runtime_knl_GateThread_leave__F
0c239400   ti_sysbios_family_c64p_Hwi0
0c239420   ti_sysbios_family_c64p_Hwi1
0c239440   ti_sysbios_family_c64p_Hwi2
0c239460   ti_sysbios_family_c64p_Hwi3
0c239480   ti_sysbios_family_c64p_Hwi4
0c2394a0   ti_sysbios_family_c64p_Hwi5
0c2394c0   ti_sysbios_family_c64p_Hwi6
0c2394e0   ti_sysbios_family_c64p_Hwi7
0c239500   ti_sysbios_family_c64p_Hwi8
0c239520   ti_sysbios_family_c64p_Hwi9
0c239540   ti_sysbios_family_c64p_Hwi10
0c239560   ti_sysbios_family_c64p_Hwi11
0c239580   ti_sysbios_family_c64p_Hwi12
0c2395a0   ti_sysbios_family_c64p_Hwi13
0c2395c0   ti_sysbios_family_c64p_Hwi14
0c2395e0   ti_sysbios_family_c64p_Hwi15
80200000   inData
80a00000   outData
81200000   workBufExternal
81a00000   testData
ffffffff   __TI_pprof_out_hndl
ffffffff   __TI_prof_data_size
ffffffff   __TI_prof_data_start
ffffffff   __binit__
ffffffff   __c_args__
ffffffff   binit

[1619 symbols]
