******************************************************************************
               TMS320C6x Linker PC v7.3.5                      
******************************************************************************
>> Linked Fri Aug 24 13:09:30 2012

OUTPUT FILE NAME:   <vlfft_evmc6678l.out>
ENTRY POINT SYMBOL: "_c_int00"  address: 0c22fcc0


MEMORY CONFIGURATION

         name            origin    length      used     unused   attr    fill
----------------------  --------  ---------  --------  --------  ----  --------
  L2SRAM                00800000   00026000  00024d44  000012bc  RW X
  L2SRAM_1              00826000   0005a000  0005a000  00000000  RW X
  MSMCSRAM              0c000000   00200000  00200000  00000000  RW X
  MSMCSRAM_1            0c200000   00100000  000375e0  000c8a20  RW X
  MSMCSRAM_2            0c300000   00100000  00000000  00100000  RW X
  DDR                   80000000   00200000  00000000  00200000  RW X
  DDR_1                 80200000   04000000  02000000  02000000  RW X


SEGMENT ALLOCATION MAP

run origin  load origin   length   init length attrs members
----------  ----------- ---------- ----------- ----- -------
00800000    00800000    00008024   00000000    rw-
  00800000    00800000    00008024   00000000    rw- .far.1
00808030    00808030    0000f598   00000000    rw-
  00808030    00808030    0000f598   00000000    rw- .far.2
008175d0    008175d0    00000096   00000000    rw-
  008175d0    008175d0    00000096   00000000    rw- .far.3
00817670    00817670    00004948   00004948    rw-
  00817670    00817670    00004948   00004948    rw- .fardata.1
0081bfc0    0081bfc0    00000548   00000548    rw-
  0081bfc0    0081bfc0    00000548   00000548    rw- .fardata.2
0081c510    0081c510    00000078   00000078    rw-
  0081c510    0081c510    00000078   00000078    rw- .fardata.3
0081c590    0081c590    000004b8   000004b8    rw-
  0081c590    0081c590    000004b8   000004b8    rw- .fardata.4
0081ca50    0081ca50    00000018   00000018    rw-
  0081ca50    0081ca50    00000018   00000018    rw- .fardata.5
0081ca70    0081ca70    00000014   00000014    rw-
  0081ca70    0081ca70    00000014   00000014    rw- .fardata.6
0081ca90    0081ca90    00000014   00000014    rw-
  0081ca90    0081ca90    00000014   00000014    rw- .fardata.7
0081cab0    0081cab0    00000078   00000078    rw-
  0081cab0    0081cab0    00000078   00000078    rw- .fardata.8
0081cb30    0081cb30    00000008   00000008    rw-
  0081cb30    0081cb30    00000008   00000008    rw- .fardata.9
0081cb40    0081cb40    00000004   00000004    rw-
  0081cb40    0081cb40    00000004   00000004    rw- .fardata.10
0081cb50    0081cb50    00000004   00000004    rw-
  0081cb50    0081cb50    00000004   00000004    rw- .fardata.11
0081cb60    0081cb60    00000004   00000004    rw-
  0081cb60    0081cb60    00000004   00000004    rw- .fardata.12
0081cb70    0081cb70    00000004   00000004    rw-
  0081cb70    0081cb70    00000004   00000004    rw- .fardata.13
0081cb80    0081cb80    00000004   00000004    rw-
  0081cb80    0081cb80    00000004   00000004    rw- .fardata.14
0081cb90    0081cb90    00000004   00000004    rw-
  0081cb90    0081cb90    00000004   00000004    rw- .fardata.15
0081cba0    0081cba0    00000004   00000004    rw-
  0081cba0    0081cba0    00000004   00000004    rw- .fardata.16
0081cbb0    0081cbb0    00000004   00000004    rw-
  0081cbb0    0081cbb0    00000004   00000004    rw- .fardata.17
0081cbc0    0081cbc0    00000004   00000004    rw-
  0081cbc0    0081cbc0    00000004   00000004    rw- .fardata.18
0081cbd0    0081cbd0    00000004   00000004    rw-
  0081cbd0    0081cbd0    00000004   00000004    rw- .fardata.19
0081cbe0    0081cbe0    00000004   00000004    rw-
  0081cbe0    0081cbe0    00000004   00000004    rw- .fardata.20
0081cbf0    0081cbf0    0000479e   0000479e    r--
  0081cbf0    0081cbf0    0000479e   0000479e    r-- .const
00821390    00821390    00001120   00000000    rw-
  00821390    00821390    00001000   00000000    rw- .stack
  00822390    00822390    00000120   00000000    rw- .cio
008224b0    008224b0    00000058   00000058    r--
  008224b0    008224b0    00000058   00000058    r-- .switch
00822508    00822508    0000000c   00000000    rw-
  00822508    00822508    0000000c   00000000    rw- .bss
00822514    00822514    0000002a   0000002a    rw-
  00822514    00822514    0000002a   0000002a    rw- .neardata
00822540    00822540    00000008   00000008    r--
  00822540    00822540    00000008   00000008    r-- .rodata
00822548    00822548    000028f0   000028f0    r--
  00822548    00822548    000028f0   000028f0    r-- .cinit
00826000    00826000    0005a000   00000000    rw-
  00826000    00826000    0005a000   00000000    rw- .internalMEM
0c200000    0c200000    000373e0   000373e0    r-x
  0c200000    0c200000    000373e0   000373e0    r-x .text
0c237400    0c237400    00000200   00000200    r-x
  0c237400    0c237400    00000200   00000200    r-x .vecs
80200000    80200000    02000000   00000000    rw-
  80200000    80200000    02000000   00000000    rw- .externalMEM


SECTION ALLOCATION MAP

 output                                  attributes/
section   page    origin      length       input sections
--------  ----  ----------  ----------   ----------------
.init_array 
*          0    00800000    00000000     UNINITIALIZED

xdc.meta   0    00800000    00000128     COPY SECTION
                  00800000    00000128     vlfft_evmc6678l_pe66.oe66 (xdc.meta)

.far.1     0    00800000    00008024     UNINITIALIZED
                  00800000    00008024     vlfft_evmc6678l_pe66.oe66 (.far)

.far.2     0    00808030    0000f598     UNINITIALIZED
                  00808030    000079f0     edma3_lld_drv.ae66 : edma3_drv_init.oe66 (.far)
                  0080fa20    00004970     edma3_lld_rm.ae66 : edma3resmgr.oe66 (.far)
                  00814390    00002820                       : edma3_rm_gbl_data.oe66 (.far)
                  00816bb0    00000800     vlfft_evmc6678l_pe66.oe66 (.far:taskStackSection)
                  008173b0    00000140     rts6600_elf.lib : defs.obj (.far)
                  008174f0    000000d8                     : trgdrv.obj (.far)

.far.3     0    008175d0    00000096     UNINITIALIZED
                  008175d0    00000096     vlfftApps.obj (.far)

.fardata.1 
*          0    00817670    00004948     
                  00817670    00000fc0     edma3_lld_rm.ae66 : edma3_c6678_cfg.oe66 (.fardata:defInstInitConfig)
                  00818630    00000fc0     edma3_lld_drv_sample.ae66 : sample_c6678_cfg.oe66 (.fardata:sampleInstInitConfig)
                  008195f0    00000888     edma3_lld_rm.ae66 : edma3_c6678_cfg.oe66 (.fardata:edma3GblCfgParams)
                  00819e78    00000008     rts6600_elf.lib : _lock.obj (.fardata)
                  00819e80    00000888     edma3_lld_drv_sample.ae66 : sample_c6678_cfg.oe66 (.fardata:sampleEdma3GblCfgParams)
                  0081a708    00000004     rts6600_elf.lib : defs.obj (.fardata)
                  0081a70c    00000004                     : dtor_list.obj (.fardata)
                  0081a710    00000800     vlfft_evmc6678l_pe66.oe66 (.fardata:ti_sdo_ipc_GateMP_Module_State_0_remoteCustom1Gates__A)
                  0081af10    0000072c     vlfft_evmc6678l_pe66.oe66 (.fardata)
                  0081b63c    00000004     --HOLE--
                  0081b640    00000500     vlfft_evmc6678l_pe66.oe66 (.fardata:ti_sysbios_family_c66_tci66xx_CpIntc_Module_State_0_dispatchTab__A)
                  0081bb40    000001e0     rts6600_elf.lib : defs.obj (.fardata:_ftable)
                  0081bd20    00000180     vlfft_evmc6678l_pe66.oe66 (.fardata:ti_sysbios_timers_timer64_Timer_Module_State_0_device__A)
                  0081bea0    00000118     vlfft_evmc6678l_pe66.oe66 (.fardata:ti_sdo_utils_NameServer_Object__table__V)

.fardata.2 
*          0    0081bfc0    00000548     
                  0081bfc0    000000a0     rts6600_elf.lib : lowlev.obj (.fardata:_stream)
                  0081c060    000000a0     vlfft_evmc6678l_pe66.oe66 (.fardata:ti_sdo_ipc_Ipc_Module_State_0_procEntry__A)
                  0081c100    00000090     vlfft_evmc6678l_pe66.oe66 (.fardata:ti_sdo_ipc_SharedRegion_Module_State_0_regions__A)
                  0081c190    00000080     vlfft_evmc6678l_pe66.oe66 (.fardata:ti_sdo_ipc_GateMP_Module_State_0_remoteSystemGates__A)
                  0081c210    00000080     vlfft_evmc6678l_pe66.oe66 (.fardata:ti_sysbios_knl_Swi_Module_State_0_readyQ__A)
                  0081c290    00000080     vlfft_evmc6678l_pe66.oe66 (.fardata:ti_sysbios_knl_Task_Module_State_0_readyQ__A)
                  0081c310    00000080     vlfft_evmc6678l_pe66.oe66 (.fardata:ti_sysbios_timers_timer64_Timer_Module_State_0_gctrl__A)
                  0081c390    00000080     vlfft_evmc6678l_pe66.oe66 (.fardata:ti_sysbios_timers_timer64_Timer_Module_State_0_handles__A)
                  0081c410    00000080     vlfft_evmc6678l_pe66.oe66 (.fardata:ti_sysbios_timers_timer64_Timer_Module_State_0_intFreqs__A)
                  0081c490    00000078     rts6600_elf.lib : lowlev.obj (.fardata:_device)

.fardata.3 
*          0    0081c510    00000078     
                  0081c510    00000078     vlfft_evmc6678l_pe66.oe66 (.fardata:ti_sysbios_family_c64p_Hwi_Object__table__V)

.fardata.4 
*          0    0081c590    000004b8     
                  0081c590    00000060     edma3_lld_drv_sample.ae66 : sample_c6678_cfg.oe66 (.fardata:ccXferCompInt)
                  0081c5f0    00000060                               : sample_c6678_int_reg.oe66 (.fardata:ccXferHostInt)
                  0081c650    00000060                               : sample_c6678_int_reg.oe66 (.fardata:edma3ErrHostInt)
                  0081c6b0    00000060                               : sample_c6678_cfg.oe66 (.fardata:tcErrorInt)
                  0081c710    0000004c     vlfft_evmc6678l_pe66.oe66 (.fardata:ti_sysbios_family_c66_tci66xx_CpIntc_Module_State_0_hostIntToSysInt__A)
                  0081c75c    00000004     --HOLE--
                  0081c760    0000004c     vlfft_evmc6678l_pe66.oe66 (.fardata:ti_sysbios_timers_timer64_Timer_Object__table__V)
                  0081c7ac    00000004     --HOLE--
                  0081c7b0    00000044     vlfft_evmc6678l_pe66.oe66 (.fardata:ti_sysbios_knl_Task_Object__table__V)
                  0081c7f4    0000000c     rts6600_elf.lib : exit.obj (.fardata)
                  0081c800    00000040                     : cos.obj (.fardata:R$1)
                  0081c840    00000040                     : sin.obj (.fardata:R$1)
                  0081c880    00000040     vlfft_evmc6678l_pe66.oe66 (.fardata:ti_sdo_ipc_MessageQ_Module_State_0_transports__A)
                  0081c8c0    00000040     vlfft_evmc6678l_pe66.oe66 (.fardata:ti_sdo_ipc_family_c647x_Interrupt_Module_State_0_fxnTable__A)
                  0081c900    00000040     vlfft_evmc6678l_pe66.oe66 (.fardata:ti_sysbios_gates_GateMutex_Object__table__V)
                  0081c940    00000030     vlfft_evmc6678l_pe66.oe66 (.fardata:ti_sysbios_knl_Swi_Object__table__V)
                  0081c970    00000020     edma3_lld_drv_sample.ae66 : sample_c6678_cfg.oe66 (.fardata:gblCfgReqdArray)
                  0081c990    00000020                               : sample_c6678_int_reg.oe66 (.fardata:ptrEdma3TcIsrHandler)
                  0081c9b0    00000020     vlfft_evmc6678l_pe66.oe66 (.fardata:ti_sdo_ipc_MessageQ_Module_State_0_heaps__A)
                  0081c9d0    00000020     vlfft_evmc6678l_pe66.oe66 (.fardata:ti_sdo_ipc_Notify_Module_State_0_notifyHandles__A)
                  0081c9f0    00000020     vlfft_evmc6678l_pe66.oe66 (.fardata:ti_sdo_ipc_transports_TransportShmNotifySetup_Module_State_0_handles__A)
                  0081ca10    00000020     vlfft_evmc6678l_pe66.oe66 (.fardata:xdc_runtime_System_Module_State_0_atexitHandlers__A)
                  0081ca30    00000018     edma3_lld_rm.ae66 : edma3resmgr.oe66 (.fardata:allocatedTCCs)

.fardata.5 
*          0    0081ca50    00000018     
                  0081ca50    00000018     vlfft_evmc6678l_pe66.oe66 (.fardata:ti_sysbios_gates_GateMutexPri_Object__table__V)

.fardata.6 
*          0    0081ca70    00000014     
                  0081ca70    00000014     vlfft_evmc6678l_pe66.oe66 (.fardata:ti_sysbios_family_c66_tci66xx_CpIntc_Module_State_0_initSIER__A)

.fardata.7 
*          0    0081ca90    00000014     
                  0081ca90    00000014     vlfft_evmc6678l_pe66.oe66 (.fardata:ti_sysbios_heaps_HeapMem_Object__table__V)

.fardata.8 
*          0    0081cab0    00000078     
                  0081cab0    00000010     vlfft_evmc6678l_pe66.oe66 (.fardata:ti_sysbios_family_c66_tci66xx_CpIntc_Module_State_0_controller__A)
                  0081cac0    00000010     vlfft_evmc6678l_pe66.oe66 (.fardata:ti_sysbios_gates_GateAll_Object__table__V)
                  0081cad0    0000000c     edma3_lld_drv_sample.ae66 : sample_c6678_cfg.oe66 (.fardata:ccErrorInt)
                  0081cadc    00000004     --HOLE--
                  0081cae0    0000000c     edma3_lld_rm.ae66 : edma3resmgr.oe66 (.fardata:masterExists)
                  0081caec    00000004     --HOLE--
                  0081caf0    0000000c     edma3_lld_drv_sample.ae66 : sample_c6678_cfg.oe66 (.fardata:numEdma3Tc)
                  0081cafc    00000004     --HOLE--
                  0081cb00    0000000c                               : sample_c6678_cfg.oe66 (.fardata:semHandle)
                  0081cb0c    00000004     --HOLE--
                  0081cb10    0000000c     vlfft_evmc6678l_pe66.oe66 (.fardata:ti_sysbios_gates_GateSwi_Object__table__V)
                  0081cb1c    00000004     --HOLE--
                  0081cb20    00000008     vlfft_evmc6678l_pe66.oe66 (.fardata:ti_sysbios_hal_Hwi_Object__table__V)

.fardata.9 
*          0    0081cb30    00000008     
                  0081cb30    00000008     vlfft_evmc6678l_pe66.oe66 (.fardata:ti_sysbios_hal_Timer_Object__table__V)

.fardata.10 
*          0    0081cb40    00000004     
                  0081cb40    00000004     vlfft_evmc6678l_pe66.oe66 (.fardata:ti_sdo_ipc_GateMP_Module_State_0_remoteCustom2Gates__A)

.fardata.11 
*          0    0081cb50    00000004     
                  0081cb50    00000004     vlfft_evmc6678l_pe66.oe66 (.fardata:ti_sdo_ipc_Notify_Module_State_0_notifyHandles_0__A)

.fardata.12 
*          0    0081cb60    00000004     
                  0081cb60    00000004     vlfft_evmc6678l_pe66.oe66 (.fardata:ti_sdo_ipc_Notify_Module_State_0_notifyHandles_1__A)

.fardata.13 
*          0    0081cb70    00000004     
                  0081cb70    00000004     vlfft_evmc6678l_pe66.oe66 (.fardata:ti_sdo_ipc_Notify_Module_State_0_notifyHandles_2__A)

.fardata.14 
*          0    0081cb80    00000004     
                  0081cb80    00000004     vlfft_evmc6678l_pe66.oe66 (.fardata:ti_sdo_ipc_Notify_Module_State_0_notifyHandles_3__A)

.fardata.15 
*          0    0081cb90    00000004     
                  0081cb90    00000004     vlfft_evmc6678l_pe66.oe66 (.fardata:ti_sdo_ipc_Notify_Module_State_0_notifyHandles_4__A)

.fardata.16 
*          0    0081cba0    00000004     
                  0081cba0    00000004     vlfft_evmc6678l_pe66.oe66 (.fardata:ti_sdo_ipc_Notify_Module_State_0_notifyHandles_5__A)

.fardata.17 
*          0    0081cbb0    00000004     
                  0081cbb0    00000004     vlfft_evmc6678l_pe66.oe66 (.fardata:ti_sdo_ipc_Notify_Module_State_0_notifyHandles_6__A)

.fardata.18 
*          0    0081cbc0    00000004     
                  0081cbc0    00000004     vlfft_evmc6678l_pe66.oe66 (.fardata:ti_sdo_ipc_Notify_Module_State_0_notifyHandles_7__A)

.fardata.19 
*          0    0081cbd0    00000004     
                  0081cbd0    00000004     vlfft_evmc6678l_pe66.oe66 (.fardata:ti_sysbios_gates_GateHwi_Object__table__V)

.fardata.20 
*          0    0081cbe0    00000004     
                  0081cbe0    00000004     vlfft_evmc6678l_pe66.oe66 (.fardata:xdc_runtime_GateNull_Object__table__V)

.const     0    0081cbf0    0000479e     
                  0081cbf0    000025b4     vlfft_evmc6678l_pe66.oe66 (.const:xdc_runtime_Text_charTab__A)
                  0081f1a4    0000042c     sysbios.lib : BIOS.obj (.const:.string)
                  0081f5d0    00000400     vlfft_evmc6678l_pe66.oe66 (.const:ti_sysbios_family_c66_Cache_marvalues__C)
                  0081f9d0    00000180     vlfft_evmc6678l_pe66.oe66 (.const:xdc_runtime_Text_nodeTab__A)
                  0081fb50    00000101     rts6600_elf.lib : ctype.obj (.const:_ctypes_)
                  0081fc51    000000fd     edma3_lld_rm.ae66 : edma3resmgr.oe66 (.const:.string)
                  0081fd4e    00000002     --HOLE-- [fill = 0]
                  0081fd50    000000d0     vlfft_evmc6678l_pe66.oe66 (.const:.string)
                  0081fe20    000000a0     vlfft_evmc6678l_pe66.oe66 (.const:ti_sysbios_family_c66_tci66xx_CpIntc_sysIntToHostInt__A)
                  0081fec0    00000081     edma3_lld_drv.ae66 : edma3_drv_init.oe66 (.const:.string)
                  0081ff41    00000068                        : edma3_drv_basic.oe66 (.const:.string)
                  0081ffa9    00000064     vlfftApps.obj (.const:.string)
                  0082000d    00000059     vlfftUtil.obj (.const:.string)
                  00820066    00000002     --HOLE-- [fill = 0]
                  00820068    00000058     ti.targets.rts6000.ae66 : Error.oe66 (.const:.string)
                  008200c0    0000004c     vlfft_evmc6678l_pe66.oe66 (.const:ti_sysbios_family_c66_tci66xx_CpIntc_hostIntToEventId__A)
                  0082010c    00000004     ti.targets.rts6000.ae66 : Assert.oe66 (.const:.string)
                  00820110    00000048     vlfft_evmc6678l_pe66.oe66 (.const:xdc_runtime_Startup_sfxnTab__A)
                  00820158    00000040     ti.targets.rts6000.ae66 : Text.oe66 (.const:.string)
                  00820198    0000003e     vlfftEdmaConfig.obj (.const:.string)
                  008201d6    00000002     --HOLE-- [fill = 0]
                  008201d8    00000038     vlfft_evmc6678l_pe66.oe66 (.const:ti_sdo_ipc_heaps_HeapBufMP_Object__PARAMS__C)
                  00820210    00000038     vlfft_evmc6678l_pe66.oe66 (.const:ti_sdo_ipc_notifyDrivers_NotifyDriverCirc_Module__FXNS__C)
                  00820248    00000038     vlfft_evmc6678l_pe66.oe66 (.const:ti_sysbios_knl_Task_Object__PARAMS__C)
                  00820280    00000034     vlfft_evmc6678l_pe66.oe66 (.const:ti_sdo_ipc_GateMP_Object__PARAMS__C)
                  008202b4    00000034     vlfft_evmc6678l_pe66.oe66 (.const:ti_sdo_ipc_notifyDrivers_NotifyDriverCirc_Object__PARAMS__C)
                  008202e8    00000030     vlfft_evmc6678l_pe66.oe66 (.const:ti_sdo_ipc_heaps_HeapMemMP_Object__PARAMS__C)
                  00820318    00000030     vlfft_evmc6678l_pe66.oe66 (.const:ti_sysbios_family_c64p_Hwi_Object__PARAMS__C)
                  00820348    0000002c     ti.targets.rts6000.ae66 : Startup.oe66 (.const:.string)
                  00820374    0000002c     vlfft_evmc6678l_pe66.oe66 (.const:ti_sdo_ipc_ListMP_Object__PARAMS__C)
                  008203a0    0000002c     vlfft_evmc6678l_pe66.oe66 (.const:ti_sdo_ipc_gates_GateHWSem_Module__FXNS__C)
                  008203cc    0000002c     vlfft_evmc6678l_pe66.oe66 (.const:ti_sdo_ipc_gates_GateMPSupportNull_Module__FXNS__C)
                  008203f8    0000002c     vlfft_evmc6678l_pe66.oe66 (.const:ti_sdo_ipc_gates_GatePeterson_Module__FXNS__C)
                  00820424    00000028     vlfft_evmc6678l_pe66.oe66 (.const:ti_sdo_ipc_heaps_HeapBufMP_Module__FXNS__C)
                  0082044c    00000028     vlfft_evmc6678l_pe66.oe66 (.const:ti_sdo_ipc_heaps_HeapMemMP_Module__FXNS__C)
                  00820474    00000028     vlfft_evmc6678l_pe66.oe66 (.const:ti_sdo_ipc_nsremote_NameServerRemoteNotify_Module__FXNS__C)
                  0082049c    00000028     vlfft_evmc6678l_pe66.oe66 (.const:ti_sdo_ipc_transports_TransportShmNotify_Module__FXNS__C)
                  008204c4    00000028     vlfft_evmc6678l_pe66.oe66 (.const:ti_sysbios_heaps_HeapMem_Module__FXNS__C)
                  008204ec    00000028     vlfft_evmc6678l_pe66.oe66 (.const:ti_sysbios_knl_Swi_Object__PARAMS__C)
                  00820514    00000024     vlfft_evmc6678l_pe66.oe66 (.const:ti_sdo_ipc_gates_GateHWSem_Object__PARAMS__C)
                  00820538    00000024     vlfft_evmc6678l_pe66.oe66 (.const:ti_sdo_ipc_gates_GateMPSupportNull_Object__PARAMS__C)
                  0082055c    00000024     vlfft_evmc6678l_pe66.oe66 (.const:ti_sdo_ipc_gates_GatePeterson_Object__PARAMS__C)
                  00820580    00000024     vlfft_evmc6678l_pe66.oe66 (.const:ti_sysbios_gates_GateAll_Module__FXNS__C)
                  008205a4    00000024     vlfft_evmc6678l_pe66.oe66 (.const:ti_sysbios_gates_GateHwi_Module__FXNS__C)
                  008205c8    00000024     vlfft_evmc6678l_pe66.oe66 (.const:ti_sysbios_gates_GateMutexPri_Module__FXNS__C)
                  008205ec    00000024     vlfft_evmc6678l_pe66.oe66 (.const:ti_sysbios_gates_GateMutex_Module__FXNS__C)
                  00820610    00000024     vlfft_evmc6678l_pe66.oe66 (.const:ti_sysbios_gates_GateSwi_Module__FXNS__C)
                  00820634    00000024     vlfft_evmc6678l_pe66.oe66 (.const:ti_sysbios_knl_Clock_Object__PARAMS__C)
                  00820658    00000024     vlfft_evmc6678l_pe66.oe66 (.const:ti_sysbios_knl_Semaphore_Object__PARAMS__C)
                  0082067c    00000024     vlfft_evmc6678l_pe66.oe66 (.const:ti_sysbios_syncs_SyncSem_Module__FXNS__C)
                  008206a0    00000024     vlfft_evmc6678l_pe66.oe66 (.const:xdc_runtime_GateNull_Module__FXNS__C)
                  008206c4    0000000c     vlfft_evmc6678l_pe66.oe66 (.const:ti_sysbios_family_c66_Cache_initSize__C)
                  008206d0    00000024     vlfft_evmc6678l_pe66.oe66 (.const:xdc_runtime_Startup_sfxnRts__A)
                  008206f4    00000024     vlfft_evmc6678l_pe66.oe66 (.const:xdc_runtime_knl_GateThread_Module__FXNS__C)
                  00820718    00000023     rts6600_elf.lib : _printfi.obj (.const:.string)
                  0082073b    00000001     --HOLE-- [fill = 0]
                  0082073c    00000020     ti.targets.rts6000.ae66 : Core-mem.oe66 (.const:.string)
                  0082075c    00000020     vlfft_evmc6678l_pe66.oe66 (.const:ti_sdo_ipc_GateMP_Object__DESC__C)
                  0082077c    00000020     vlfft_evmc6678l_pe66.oe66 (.const:ti_sdo_ipc_ListMP_Object__DESC__C)
                  0082079c    00000020     vlfft_evmc6678l_pe66.oe66 (.const:ti_sdo_ipc_MessageQ_Object__DESC__C)
                  008207bc    00000020     vlfft_evmc6678l_pe66.oe66 (.const:ti_sdo_ipc_Notify_Object__DESC__C)
                  008207dc    00000020     vlfft_evmc6678l_pe66.oe66 (.const:ti_sdo_ipc_gates_GateHWSem_Object__DESC__C)
                  008207fc    00000020     vlfft_evmc6678l_pe66.oe66 (.const:ti_sdo_ipc_gates_GateMPSupportNull_Object__DESC__C)
                  0082081c    00000020     vlfft_evmc6678l_pe66.oe66 (.const:ti_sdo_ipc_gates_GatePeterson_Object__DESC__C)
                  0082083c    00000020     vlfft_evmc6678l_pe66.oe66 (.const:ti_sdo_ipc_heaps_HeapBufMP_Object__DESC__C)
                  0082085c    00000020     vlfft_evmc6678l_pe66.oe66 (.const:ti_sdo_ipc_heaps_HeapMemMP_Object__DESC__C)
                  0082087c    00000020     vlfft_evmc6678l_pe66.oe66 (.const:ti_sdo_ipc_notifyDrivers_NotifyDriverCirc_Object__DESC__C)
                  0082089c    00000020     vlfft_evmc6678l_pe66.oe66 (.const:ti_sdo_ipc_nsremote_NameServerRemoteNotify_Object__DESC__C)
                  008208bc    00000020     vlfft_evmc6678l_pe66.oe66 (.const:ti_sdo_ipc_nsremote_NameServerRemoteNotify_Object__PARAMS__C)
                  008208dc    00000020     vlfft_evmc6678l_pe66.oe66 (.const:ti_sdo_ipc_transports_TransportShmNotify_Object__DESC__C)
                  008208fc    00000020     vlfft_evmc6678l_pe66.oe66 (.const:ti_sdo_utils_List_Object__DESC__C)
                  0082091c    00000004     vlfft_evmc6678l_pe66.oe66 (.const:ti_sdo_ipc_GateMP_A_invalidClose__C)
                  00820920    00000020     vlfft_evmc6678l_pe66.oe66 (.const:ti_sdo_utils_MultiProc_nameList__A)
                  00820940    00000020     vlfft_evmc6678l_pe66.oe66 (.const:ti_sysbios_family_c64p_Hwi_Object__DESC__C)
                  00820960    00000020     vlfft_evmc6678l_pe66.oe66 (.const:ti_sysbios_gates_GateAll_Object__DESC__C)
                  00820980    00000020     vlfft_evmc6678l_pe66.oe66 (.const:ti_sysbios_gates_GateHwi_Object__DESC__C)
                  008209a0    00000020     vlfft_evmc6678l_pe66.oe66 (.const:ti_sysbios_gates_GateMutexPri_Object__DESC__C)
                  008209c0    00000020     vlfft_evmc6678l_pe66.oe66 (.const:ti_sysbios_gates_GateMutex_Object__DESC__C)
                  008209e0    00000020     vlfft_evmc6678l_pe66.oe66 (.const:ti_sysbios_gates_GateSwi_Object__DESC__C)
                  00820a00    00000020     vlfft_evmc6678l_pe66.oe66 (.const:ti_sysbios_heaps_HeapMem_Object__DESC__C)
                  00820a20    00000020     vlfft_evmc6678l_pe66.oe66 (.const:ti_sysbios_heaps_HeapMem_Object__PARAMS__C)
                  00820a40    00000020     vlfft_evmc6678l_pe66.oe66 (.const:ti_sysbios_knl_Clock_Object__DESC__C)
                  00820a60    00000020     vlfft_evmc6678l_pe66.oe66 (.const:ti_sysbios_knl_Queue_Object__DESC__C)
                  00820a80    00000020     vlfft_evmc6678l_pe66.oe66 (.const:ti_sysbios_knl_Semaphore_Object__DESC__C)
                  00820aa0    00000020     vlfft_evmc6678l_pe66.oe66 (.const:ti_sysbios_knl_Swi_Object__DESC__C)
                  00820ac0    00000020     vlfft_evmc6678l_pe66.oe66 (.const:ti_sysbios_knl_Task_Object__DESC__C)
                  00820ae0    00000020     vlfft_evmc6678l_pe66.oe66 (.const:ti_sysbios_syncs_SyncSem_Object__DESC__C)
                  00820b00    00000020     vlfft_evmc6678l_pe66.oe66 (.const:ti_sysbios_xdcruntime_GateThreadSupport_Object__DESC__C)
                  00820b20    00000020     vlfft_evmc6678l_pe66.oe66 (.const:xdc_runtime_GateNull_Object__DESC__C)
                  00820b40    00000020     vlfft_evmc6678l_pe66.oe66 (.const:xdc_runtime_knl_GateThread_Object__DESC__C)
                  00820b60    0000001c     vlfft_evmc6678l_pe66.oe66 (.const:ti_sdo_ipc_MessageQ_Object__PARAMS__C)
                  00820b7c    0000001c     vlfft_evmc6678l_pe66.oe66 (.const:ti_sdo_ipc_transports_TransportShmNotify_Object__PARAMS__C)
                  00820b98    0000001c     vlfft_evmc6678l_pe66.oe66 (.const:ti_sysbios_syncs_SyncSem_Object__PARAMS__C)
                  00820bb4    00000018     vlfft_evmc6678l_pe66.oe66 (.const:ti_sdo_ipc_Notify_Object__PARAMS__C)
                  00820bcc    00000018     vlfft_evmc6678l_pe66.oe66 (.const:ti_sdo_utils_List_Object__PARAMS__C)
                  00820be4    00000018     vlfft_evmc6678l_pe66.oe66 (.const:ti_sysbios_gates_GateAll_Object__PARAMS__C)
                  00820bfc    00000018     vlfft_evmc6678l_pe66.oe66 (.const:ti_sysbios_gates_GateHwi_Object__PARAMS__C)
                  00820c14    00000018     vlfft_evmc6678l_pe66.oe66 (.const:ti_sysbios_gates_GateMutexPri_Object__PARAMS__C)
                  00820c2c    00000018     vlfft_evmc6678l_pe66.oe66 (.const:ti_sysbios_gates_GateMutex_Object__PARAMS__C)
                  00820c44    00000018     vlfft_evmc6678l_pe66.oe66 (.const:ti_sysbios_gates_GateSwi_Object__PARAMS__C)
                  00820c5c    00000018     vlfft_evmc6678l_pe66.oe66 (.const:ti_sysbios_knl_Queue_Object__PARAMS__C)
                  00820c74    00000008     ti.targets.rts6000.ae66 : System.oe66 (.const:.string)
                  00820c7c    00000004     vlfft_evmc6678l_pe66.oe66 (.const:ti_sdo_ipc_GateMP_A_invalidDelete__C)
                  00820c80    00000018     vlfft_evmc6678l_pe66.oe66 (.const:ti_sysbios_knl_Task_hooks__A)
                  00820c98    00000018     vlfft_evmc6678l_pe66.oe66 (.const:ti_sysbios_xdcruntime_GateThreadSupport_Object__PARAMS__C)
                  00820cb0    00000018     vlfft_evmc6678l_pe66.oe66 (.const:xdc_runtime_GateNull_Object__PARAMS__C)
                  00820cc8    00000018     vlfft_evmc6678l_pe66.oe66 (.const:xdc_runtime_knl_GateThread_Object__PARAMS__C)
                  00820ce0    00000011     ti.targets.rts6000.ae66 : System.oe66 (.const:digtohex)
                  00820cf1    00000003     rts6600_elf.lib : assert.obj (.const:.string)
                  00820cf4    00000008     vlfft_evmc6678l_pe66.oe66 (.const:ti_sysbios_knl_Idle_funcList__C)
                  00820cfc    00000004     vlfft_evmc6678l_pe66.oe66 (.const:ti_sdo_ipc_GateMP_E_gateUnavailable__C)
                  00820d00    00000010     vlfft_evmc6678l_pe66.oe66 (.const:ti_sdo_ipc_family_c647x_MultiProcSetup_procMap__A)
                  00820d10    00000010     vlfft_evmc6678l_pe66.oe66 (.const:ti_sdo_utils_MultiProc_procIdList__A)
                  00820d20    00000010     vlfft_evmc6678l_pe66.oe66 (.const:ti_sysbios_family_c64p_EventCombiner_EVTMASK__C)
                  00820d30    0000000c     vlfft_evmc6678l_pe66.oe66 (.const:xdc_runtime_Startup_firstFxns__A)
                  00820d3c    00000008     vlfft_evmc6678l_pe66.oe66 (.const:ti_sysbios_knl_Task_hooks__C)
                  00820d44    00000008     vlfft_evmc6678l_pe66.oe66 (.const:xdc_runtime_Startup_firstFxns__C)
                  00820d4c    00000008     vlfft_evmc6678l_pe66.oe66 (.const:xdc_runtime_Startup_lastFxns__C)
                  00820d54    00000004     vlfft_evmc6678l_pe66.oe66 (.const:ti_sdo_ipc_GateMP_E_localGate__C)
                  00820d58    00000004     vlfft_evmc6678l_pe66.oe66 (.const:ti_sdo_ipc_GateMP_LM_create__C)
                  00820d5c    00000004     vlfft_evmc6678l_pe66.oe66 (.const:ti_sdo_ipc_GateMP_LM_delete__C)
                  00820d60    00000004     vlfft_evmc6678l_pe66.oe66 (.const:ti_sdo_ipc_GateMP_LM_enter__C)
                  00820d64    00000004     vlfft_evmc6678l_pe66.oe66 (.const:ti_sdo_ipc_GateMP_LM_leave__C)
                  00820d68    00000004     vlfft_evmc6678l_pe66.oe66 (.const:ti_sdo_ipc_GateMP_LM_open__C)
                  00820d6c    00000004     vlfft_evmc6678l_pe66.oe66 (.const:ti_sdo_ipc_GateMP_Module__diagsEnabled__C)
                  00820d70    00000004     vlfft_evmc6678l_pe66.oe66 (.const:ti_sdo_ipc_GateMP_Module__diagsIncluded__C)
                  00820d74    00000004     vlfft_evmc6678l_pe66.oe66 (.const:ti_sdo_ipc_GateMP_Module__diagsMask__C)
                  00820d78    00000004     vlfft_evmc6678l_pe66.oe66 (.const:ti_sdo_ipc_GateMP_Module__loggerFxn2__C)
                  00820d7c    00000004     vlfft_evmc6678l_pe66.oe66 (.const:ti_sdo_ipc_GateMP_Module__loggerFxn4__C)
                  00820d80    00000004     vlfft_evmc6678l_pe66.oe66 (.const:ti_sdo_ipc_GateMP_Module__loggerObj__C)
                  00820d84    00000004     vlfft_evmc6678l_pe66.oe66 (.const:ti_sdo_ipc_Ipc_A_addrNotCacheAligned__C)
                  00820d88    00000004     vlfft_evmc6678l_pe66.oe66 (.const:ti_sdo_ipc_Ipc_A_addrNotInSharedRegion__C)
                  00820d8c    00000004     vlfft_evmc6678l_pe66.oe66 (.const:ti_sdo_ipc_Ipc_A_internal__C)
                  00820d90    00000004     vlfft_evmc6678l_pe66.oe66 (.const:ti_sdo_ipc_Ipc_A_invArgument__C)
                  00820d94    00000004     vlfft_evmc6678l_pe66.oe66 (.const:ti_sdo_ipc_Ipc_A_invParam__C)
                  00820d98    00000004     vlfft_evmc6678l_pe66.oe66 (.const:ti_sdo_ipc_Ipc_A_nullArgument__C)
                  00820d9c    00000004     vlfft_evmc6678l_pe66.oe66 (.const:ti_sdo_ipc_Ipc_A_nullPointer__C)
                  00820da0    00000004     vlfft_evmc6678l_pe66.oe66 (.const:ti_sdo_ipc_Ipc_E_internal__C)
                  00820da4    00000004     vlfft_evmc6678l_pe66.oe66 (.const:ti_sdo_ipc_Ipc_E_nameFailed__C)
                  00820da8    00000004     vlfft_evmc6678l_pe66.oe66 (.const:ti_sdo_ipc_Ipc_E_versionMismatch__C)
                  00820dac    00000004     vlfft_evmc6678l_pe66.oe66 (.const:ti_sdo_ipc_Ipc_Module__diagsEnabled__C)
                  00820db0    00000004     vlfft_evmc6678l_pe66.oe66 (.const:ti_sdo_ipc_Ipc_Module__diagsIncluded__C)
                  00820db4    00000004     vlfft_evmc6678l_pe66.oe66 (.const:ti_sdo_ipc_Ipc_Module__diagsMask__C)
                  00820db8    00000004     vlfft_evmc6678l_pe66.oe66 (.const:ti_sdo_ipc_Ipc_numUserFxns__C)
                  00820dbc    00000004     vlfft_evmc6678l_pe66.oe66 (.const:ti_sdo_ipc_Ipc_procSync__C)
                  00820dc0    00000004     vlfft_evmc6678l_pe66.oe66 (.const:ti_sdo_ipc_Ipc_userFxns__C)
                  00820dc4    00000004     vlfft_evmc6678l_pe66.oe66 (.const:ti_sdo_ipc_ListMP_Module__diagsEnabled__C)
                  00820dc8    00000004     vlfft_evmc6678l_pe66.oe66 (.const:ti_sdo_ipc_ListMP_Module__diagsIncluded__C)
                  00820dcc    00000004     vlfft_evmc6678l_pe66.oe66 (.const:ti_sdo_ipc_ListMP_Module__diagsMask__C)
                  00820dd0    00000004     vlfft_evmc6678l_pe66.oe66 (.const:ti_sdo_ipc_MessageQ_A_heapIdInvalid__C)
                  00820dd4    00000004     vlfft_evmc6678l_pe66.oe66 (.const:ti_sdo_ipc_MessageQ_A_invalidMsg__C)
                  00820dd8    00000004     vlfft_evmc6678l_pe66.oe66 (.const:ti_sdo_ipc_MessageQ_A_invalidObj__C)
                  00820ddc    00000004     vlfft_evmc6678l_pe66.oe66 (.const:ti_sdo_ipc_MessageQ_A_invalidParam__C)
                  00820de0    00000004     vlfft_evmc6678l_pe66.oe66 (.const:ti_sdo_ipc_MessageQ_A_invalidQueueId__C)
                  00820de4    00000004     vlfft_evmc6678l_pe66.oe66 (.const:ti_sdo_ipc_MessageQ_A_procIdInvalid__C)
                  00820de8    00000004     vlfft_evmc6678l_pe66.oe66 (.const:ti_sdo_ipc_MessageQ_A_unregisteredTransport__C)
                  00820dec    00000004     vlfft_evmc6678l_pe66.oe66 (.const:ti_sdo_ipc_MessageQ_E_maxReached__C)
                  00820df0    00000004     vlfft_evmc6678l_pe66.oe66 (.const:ti_sdo_ipc_MessageQ_E_nameFailed__C)
                  00820df4    00000004     vlfft_evmc6678l_pe66.oe66 (.const:ti_sdo_ipc_MessageQ_Instance_State_highList__O)
                  00820df8    00000004     vlfft_evmc6678l_pe66.oe66 (.const:ti_sdo_ipc_MessageQ_Instance_State_normalList__O)
                  00820dfc    00000004     vlfft_evmc6678l_pe66.oe66 (.const:ti_sdo_ipc_MessageQ_LM_alloc__C)
                  00820e00    00000004     vlfft_evmc6678l_pe66.oe66 (.const:ti_sdo_ipc_MessageQ_LM_get__C)
                  00820e04    00000004     vlfft_evmc6678l_pe66.oe66 (.const:ti_sdo_ipc_MessageQ_LM_putLocal__C)
                  00820e08    00000004     vlfft_evmc6678l_pe66.oe66 (.const:ti_sdo_ipc_MessageQ_Module__diagsEnabled__C)
                  00820e0c    00000004     vlfft_evmc6678l_pe66.oe66 (.const:ti_sdo_ipc_MessageQ_Module__diagsIncluded__C)
                  00820e10    00000004     vlfft_evmc6678l_pe66.oe66 (.const:ti_sdo_ipc_MessageQ_Module__diagsMask__C)
                  00820e14    00000004     vlfft_evmc6678l_pe66.oe66 (.const:ti_sdo_ipc_MessageQ_Module__loggerFxn4__C)
                  00820e18    00000004     vlfft_evmc6678l_pe66.oe66 (.const:ti_sdo_ipc_MessageQ_Module__loggerObj__C)
                  00820e1c    00000004     vlfft_evmc6678l_pe66.oe66 (.const:ti_sdo_ipc_MessageQ_Object__count__C)
                  00820e20    00000004     vlfft_evmc6678l_pe66.oe66 (.const:ti_sdo_ipc_MessageQ_Object__heap__C)
                  00820e24    00000004     vlfft_evmc6678l_pe66.oe66 (.const:ti_sdo_ipc_MessageQ_Object__table__C)
                  00820e28    00000004     vlfft_evmc6678l_pe66.oe66 (.const:ti_sdo_ipc_MessageQ_maxRuntimeEntries__C)
                  00820e2c    00000004     vlfft_evmc6678l_pe66.oe66 (.const:ti_sdo_ipc_Notify_A_alreadyRegistered__C)
                  00820e30    00000004     vlfft_evmc6678l_pe66.oe66 (.const:ti_sdo_ipc_Notify_A_internal__C)
                  00820e34    00000004     vlfft_evmc6678l_pe66.oe66 (.const:ti_sdo_ipc_Notify_A_invArgument__C)
                  00820e38    00000004     vlfft_evmc6678l_pe66.oe66 (.const:ti_sdo_ipc_Notify_A_notRegistered__C)
                  00820e3c    00000004     vlfft_evmc6678l_pe66.oe66 (.const:ti_sdo_ipc_Notify_A_reservedEvent__C)
                  00820e40    00000004     vlfft_evmc6678l_pe66.oe66 (.const:ti_sdo_ipc_Notify_Module__diagsEnabled__C)
                  00820e44    00000004     vlfft_evmc6678l_pe66.oe66 (.const:ti_sdo_ipc_Notify_Module__diagsIncluded__C)
                  00820e48    00000004     vlfft_evmc6678l_pe66.oe66 (.const:ti_sdo_ipc_Notify_Module__diagsMask__C)
                  00820e4c    00000004     vlfft_evmc6678l_pe66.oe66 (.const:ti_sdo_ipc_Notify_Module__gateObj__C)
                  00820e50    00000004     vlfft_evmc6678l_pe66.oe66 (.const:ti_sdo_ipc_Notify_Object__heap__C)
                  00820e54    00000004     vlfft_evmc6678l_pe66.oe66 (.const:ti_sdo_ipc_Notify_numEvents__C)
                  00820e58    00000004     vlfft_evmc6678l_pe66.oe66 (.const:ti_sdo_ipc_SharedRegion_A_addrOutOfRange__C)
                  00820e5c    00000004     vlfft_evmc6678l_pe66.oe66 (.const:ti_sdo_ipc_SharedRegion_A_idTooLarge__C)
                  00820e60    00000004     vlfft_evmc6678l_pe66.oe66 (.const:ti_sdo_ipc_SharedRegion_A_noHeap__C)
                  00820e64    00000004     vlfft_evmc6678l_pe66.oe66 (.const:ti_sdo_ipc_SharedRegion_A_region0Invalid__C)
                  00820e68    00000004     vlfft_evmc6678l_pe66.oe66 (.const:ti_sdo_ipc_SharedRegion_A_regionInvalid__C)
                  00820e6c    00000004     vlfft_evmc6678l_pe66.oe66 (.const:ti_sdo_ipc_SharedRegion_A_reserveTooMuch__C)
                  00820e70    00000004     vlfft_evmc6678l_pe66.oe66 (.const:ti_sdo_ipc_SharedRegion_INVALIDSRPTR__C)
                  00820e74    00000004     vlfft_evmc6678l_pe66.oe66 (.const:ti_sdo_ipc_SharedRegion_Module__diagsEnabled__C)
                  00820e78    00000004     vlfft_evmc6678l_pe66.oe66 (.const:ti_sdo_ipc_SharedRegion_Module__diagsIncluded__C)
                  00820e7c    00000004     vlfft_evmc6678l_pe66.oe66 (.const:ti_sdo_ipc_SharedRegion_Module__diagsMask__C)
                  00820e80    00000004     vlfft_evmc6678l_pe66.oe66 (.const:ti_sdo_ipc_SharedRegion_cacheLineSize__C)
                  00820e84    00000004     vlfft_evmc6678l_pe66.oe66 (.const:ti_sdo_ipc_SharedRegion_numOffsetBits__C)
                  00820e88    00000004     vlfft_evmc6678l_pe66.oe66 (.const:ti_sdo_ipc_SharedRegion_offsetMask__C)
                  00820e8c    00000004     vlfft_evmc6678l_pe66.oe66 (.const:ti_sdo_ipc_family_c647x_Interrupt_INTERDSPINT__C)
                  00820e90    00000004     vlfft_evmc6678l_pe66.oe66 (.const:ti_sdo_ipc_family_c647x_Interrupt_IPCAR0__C)
                  00820e94    00000004     vlfft_evmc6678l_pe66.oe66 (.const:ti_sdo_ipc_family_c647x_Interrupt_IPCGR0__C)
                  00820e98    00000004     vlfft_evmc6678l_pe66.oe66 (.const:ti_sdo_ipc_family_c647x_Interrupt_KICK0__C)
                  00820e9c    00000004     vlfft_evmc6678l_pe66.oe66 (.const:ti_sdo_ipc_family_c647x_Interrupt_KICK1__C)
                  00820ea0    00000004     vlfft_evmc6678l_pe66.oe66 (.const:ti_sdo_ipc_family_c647x_MultiProcSetup_A_invalidProcessor__C)
                  00820ea4    00000004     vlfft_evmc6678l_pe66.oe66 (.const:ti_sdo_ipc_family_c647x_MultiProcSetup_Module__diagsEnabled__C)
                  00820ea8    00000004     vlfft_evmc6678l_pe66.oe66 (.const:ti_sdo_ipc_family_c647x_MultiProcSetup_Module__diagsIncluded__C)
                  00820eac    00000004     vlfft_evmc6678l_pe66.oe66 (.const:ti_sdo_ipc_family_c647x_MultiProcSetup_Module__diagsMask__C)
                  00820eb0    00000004     vlfft_evmc6678l_pe66.oe66 (.const:ti_sdo_ipc_family_c647x_MultiProcSetup_procMap__C)
                  00820eb4    00000004     vlfft_evmc6678l_pe66.oe66 (.const:ti_sdo_ipc_family_c647x_NotifyCircSetup_dspIntVectId__C)
                  00820eb8    00000004     vlfft_evmc6678l_pe66.oe66 (.const:ti_sdo_ipc_gates_GateHWSem_A_invSemNum__C)
                  00820ebc    00000004     vlfft_evmc6678l_pe66.oe66 (.const:ti_sdo_ipc_gates_GateHWSem_Module__diagsEnabled__C)
                  00820ec0    00000004     vlfft_evmc6678l_pe66.oe66 (.const:ti_sdo_ipc_gates_GateHWSem_Module__diagsIncluded__C)
                  00820ec4    00000004     vlfft_evmc6678l_pe66.oe66 (.const:ti_sdo_ipc_gates_GateHWSem_Module__diagsMask__C)
                  00820ec8    00000004     vlfft_evmc6678l_pe66.oe66 (.const:ti_sdo_ipc_gates_GateHWSem_baseAddr__C)
                  00820ecc    00000004     vlfft_evmc6678l_pe66.oe66 (.const:ti_sdo_ipc_gates_GateHWSem_numSems__C)
                  00820ed0    00000004     vlfft_evmc6678l_pe66.oe66 (.const:ti_sdo_ipc_gates_GateHWSem_reservedMaskArr__A)
                  00820ed4    00000004     vlfft_evmc6678l_pe66.oe66 (.const:ti_sdo_ipc_gates_GateHWSem_reservedMaskArr__C)
                  00820ed8    00000004     vlfft_evmc6678l_pe66.oe66 (.const:ti_sdo_ipc_gates_GateMPSupportNull_A_invalidAction__C)
                  00820edc    00000004     vlfft_evmc6678l_pe66.oe66 (.const:ti_sdo_ipc_gates_GateMPSupportNull_Module__diagsEnabled__C)
                  00820ee0    00000004     vlfft_evmc6678l_pe66.oe66 (.const:ti_sdo_ipc_gates_GateMPSupportNull_Module__diagsIncluded__C)
                  00820ee4    00000004     vlfft_evmc6678l_pe66.oe66 (.const:ti_sdo_ipc_gates_GateMPSupportNull_Module__diagsMask__C)
                  00820ee8    00000004     vlfft_evmc6678l_pe66.oe66 (.const:ti_sdo_ipc_gates_GateMPSupportNull_action__C)
                  00820eec    00000004     vlfft_evmc6678l_pe66.oe66 (.const:ti_sdo_ipc_gates_GatePeterson_E_gateRemotelyOpened__C)
                  00820ef0    00000004     vlfft_evmc6678l_pe66.oe66 (.const:ti_sdo_ipc_gates_GatePeterson_Module__diagsEnabled__C)
                  00820ef4    00000004     vlfft_evmc6678l_pe66.oe66 (.const:ti_sdo_ipc_gates_GatePeterson_Module__diagsIncluded__C)
                  00820ef8    00000004     vlfft_evmc6678l_pe66.oe66 (.const:ti_sdo_ipc_gates_GatePeterson_Module__diagsMask__C)
                  00820efc    00000004     vlfft_evmc6678l_pe66.oe66 (.const:ti_sdo_ipc_gates_GatePeterson_numInstances__C)
                  00820f00    00000004     vlfft_evmc6678l_pe66.oe66 (.const:ti_sdo_ipc_heaps_HeapBufMP_A_badAlignment__C)
                  00820f04    00000004     vlfft_evmc6678l_pe66.oe66 (.const:ti_sdo_ipc_heaps_HeapBufMP_A_invBlockFreed__C)
                  00820f08    00000004     vlfft_evmc6678l_pe66.oe66 (.const:ti_sdo_ipc_heaps_HeapBufMP_E_alignTooLarge__C)
                  00820f0c    00000004     vlfft_evmc6678l_pe66.oe66 (.const:ti_sdo_ipc_heaps_HeapBufMP_E_exactFail__C)
                  00820f10    00000004     vlfft_evmc6678l_pe66.oe66 (.const:ti_sdo_ipc_heaps_HeapBufMP_E_noBlocksLeft__C)
                  00820f14    00000004     vlfft_evmc6678l_pe66.oe66 (.const:ti_sdo_ipc_heaps_HeapBufMP_E_sizeTooLarge__C)
                  00820f18    00000004     vlfft_evmc6678l_pe66.oe66 (.const:ti_sdo_ipc_heaps_HeapBufMP_Module__diagsEnabled__C)
                  00820f1c    00000004     vlfft_evmc6678l_pe66.oe66 (.const:ti_sdo_ipc_heaps_HeapBufMP_Module__diagsIncluded__C)
                  00820f20    00000004     vlfft_evmc6678l_pe66.oe66 (.const:ti_sdo_ipc_heaps_HeapBufMP_Module__diagsMask__C)
                  00820f24    00000004     vlfft_evmc6678l_pe66.oe66 (.const:ti_sdo_ipc_heaps_HeapMemMP_A_align__C)
                  00820f28    00000004     vlfft_evmc6678l_pe66.oe66 (.const:ti_sdo_ipc_heaps_HeapMemMP_A_heapSize__C)
                  00820f2c    00000004     vlfft_evmc6678l_pe66.oe66 (.const:ti_sdo_ipc_heaps_HeapMemMP_A_invalidFree__C)
                  00820f30    00000004     vlfft_evmc6678l_pe66.oe66 (.const:ti_sdo_ipc_heaps_HeapMemMP_A_zeroBlock__C)
                  00820f34    00000004     vlfft_evmc6678l_pe66.oe66 (.const:ti_sdo_ipc_heaps_HeapMemMP_E_memory__C)
                  00820f38    00000004     vlfft_evmc6678l_pe66.oe66 (.const:ti_sdo_ipc_heaps_HeapMemMP_Module__diagsEnabled__C)
                  00820f3c    00000004     vlfft_evmc6678l_pe66.oe66 (.const:ti_sdo_ipc_heaps_HeapMemMP_Module__diagsIncluded__C)
                  00820f40    00000004     vlfft_evmc6678l_pe66.oe66 (.const:ti_sdo_ipc_heaps_HeapMemMP_Module__diagsMask__C)
                  00820f44    00000004     vlfft_evmc6678l_pe66.oe66 (.const:ti_sdo_ipc_interfaces_IGateMPSupport_Interface__BASE__C)
                  00820f48    00000004     vlfft_evmc6678l_pe66.oe66 (.const:ti_sdo_ipc_interfaces_IMessageQTransport_Interface__BASE__C)
                  00820f4c    00000004     vlfft_evmc6678l_pe66.oe66 (.const:ti_sdo_ipc_interfaces_INotifyDriver_Interface__BASE__C)
                  00820f50    00000004     vlfft_evmc6678l_pe66.oe66 (.const:ti_sdo_ipc_notifyDrivers_NotifyDriverCirc_A_notSupported__C)
                  00820f54    00000004     vlfft_evmc6678l_pe66.oe66 (.const:ti_sdo_ipc_notifyDrivers_NotifyDriverCirc_Module__diagsEnabled__C)
                  00820f58    00000004     vlfft_evmc6678l_pe66.oe66 (.const:ti_sdo_ipc_notifyDrivers_NotifyDriverCirc_Module__diagsIncluded__C)
                  00820f5c    00000004     vlfft_evmc6678l_pe66.oe66 (.const:ti_sdo_ipc_notifyDrivers_NotifyDriverCirc_Module__diagsMask__C)
                  00820f60    00000004     vlfft_evmc6678l_pe66.oe66 (.const:ti_sdo_ipc_notifyDrivers_NotifyDriverCirc_maxIndex__C)
                  00820f64    00000004     vlfft_evmc6678l_pe66.oe66 (.const:ti_sdo_ipc_notifyDrivers_NotifyDriverCirc_modIndex__C)
                  00820f68    00000004     vlfft_evmc6678l_pe66.oe66 (.const:ti_sdo_ipc_notifyDrivers_NotifyDriverCirc_numMsgs__C)
                  00820f6c    00000004     vlfft_evmc6678l_pe66.oe66 (.const:ti_sdo_ipc_nsremote_NameServerRemoteNotify_A_invalidValueLen__C)
                  00820f70    00000004     vlfft_evmc6678l_pe66.oe66 (.const:ti_sdo_ipc_nsremote_NameServerRemoteNotify_Instance_State_semMultiBlock__O)
                  00820f74    00000004     vlfft_evmc6678l_pe66.oe66 (.const:ti_sdo_ipc_nsremote_NameServerRemoteNotify_Instance_State_semRemoteWait__O)
                  00820f78    00000004     vlfft_evmc6678l_pe66.oe66 (.const:ti_sdo_ipc_nsremote_NameServerRemoteNotify_Instance_State_swiObj__O)
                  00820f7c    00000004     vlfft_evmc6678l_pe66.oe66 (.const:ti_sdo_ipc_nsremote_NameServerRemoteNotify_Module__diagsEnabled__C)
                  00820f80    00000004     vlfft_evmc6678l_pe66.oe66 (.const:ti_sdo_ipc_nsremote_NameServerRemoteNotify_Module__diagsIncluded__C)
                  00820f84    00000004     vlfft_evmc6678l_pe66.oe66 (.const:ti_sdo_ipc_nsremote_NameServerRemoteNotify_Module__diagsMask__C)
                  00820f88    00000004     vlfft_evmc6678l_pe66.oe66 (.const:ti_sdo_ipc_nsremote_NameServerRemoteNotify_notifyEventId__C)
                  00820f8c    00000004     vlfft_evmc6678l_pe66.oe66 (.const:ti_sdo_ipc_nsremote_NameServerRemoteNotify_timeout__C)
                  00820f90    00000004     vlfft_evmc6678l_pe66.oe66 (.const:ti_sdo_ipc_transports_TransportShmNotifySetup_priority__C)
                  00820f94    00000004     vlfft_evmc6678l_pe66.oe66 (.const:ti_sdo_utils_INameServerRemote_Interface__BASE__C)
                  00820f98    00000004     vlfft_evmc6678l_pe66.oe66 (.const:ti_sdo_utils_List_Object__count__C)
                  00820f9c    00000004     vlfft_evmc6678l_pe66.oe66 (.const:ti_sdo_utils_List_Object__table__C)
                  00820fa0    00000004     vlfft_evmc6678l_pe66.oe66 (.const:ti_sdo_utils_MultiProc_A_invalidMultiProcId__C)
                  00820fa4    00000004     vlfft_evmc6678l_pe66.oe66 (.const:ti_sdo_utils_MultiProc_A_invalidProcName__C)
                  00820fa8    00000004     vlfft_evmc6678l_pe66.oe66 (.const:ti_sdo_utils_MultiProc_Module__diagsEnabled__C)
                  00820fac    00000004     vlfft_evmc6678l_pe66.oe66 (.const:ti_sdo_utils_MultiProc_Module__diagsIncluded__C)
                  00820fb0    00000004     vlfft_evmc6678l_pe66.oe66 (.const:ti_sdo_utils_MultiProc_Module__diagsMask__C)
                  00820fb4    00000004     vlfft_evmc6678l_pe66.oe66 (.const:ti_sdo_utils_MultiProc_nameList__C)
                  00820fb8    00000004     vlfft_evmc6678l_pe66.oe66 (.const:ti_sdo_utils_MultiProc_procIdList__C)
                  00820fbc    00000004     vlfft_evmc6678l_pe66.oe66 (.const:ti_sdo_utils_NameServer_A_invArgument__C)
                  00820fc0    00000004     vlfft_evmc6678l_pe66.oe66 (.const:ti_sdo_utils_NameServer_A_invalidLen__C)
                  00820fc4    00000004     vlfft_evmc6678l_pe66.oe66 (.const:ti_sdo_utils_NameServer_E_entryExists__C)
                  00820fc8    00000004     vlfft_evmc6678l_pe66.oe66 (.const:ti_sdo_utils_NameServer_E_maxReached__C)
                  00820fcc    00000004     vlfft_evmc6678l_pe66.oe66 (.const:ti_sdo_utils_NameServer_Instance_State_freeList__O)
                  00820fd0    00000004     vlfft_evmc6678l_pe66.oe66 (.const:ti_sdo_utils_NameServer_Instance_State_nameList__O)
                  00820fd4    00000004     vlfft_evmc6678l_pe66.oe66 (.const:ti_sdo_utils_NameServer_Module__diagsEnabled__C)
                  00820fd8    00000004     vlfft_evmc6678l_pe66.oe66 (.const:ti_sdo_utils_NameServer_Module__diagsIncluded__C)
                  00820fdc    00000004     vlfft_evmc6678l_pe66.oe66 (.const:ti_sdo_utils_NameServer_Module__diagsMask__C)
                  00820fe0    00000004     vlfft_evmc6678l_pe66.oe66 (.const:ti_sdo_utils_NameServer_Object__count__C)
                  00820fe4    00000004     vlfft_evmc6678l_pe66.oe66 (.const:ti_sdo_utils_NameServer_Object__table__C)
                  00820fe8    00000004     vlfft_evmc6678l_pe66.oe66 (.const:ti_sysbios_BIOS_Module__diagsEnabled__C)
                  00820fec    00000004     vlfft_evmc6678l_pe66.oe66 (.const:ti_sysbios_BIOS_Module__diagsIncluded__C)
                  00820ff0    00000004     vlfft_evmc6678l_pe66.oe66 (.const:ti_sysbios_BIOS_Module__diagsMask__C)
                  00820ff4    00000004     vlfft_evmc6678l_pe66.oe66 (.const:ti_sysbios_BIOS_installedErrorHook__C)
                  00820ff8    00000004     vlfft_evmc6678l_pe66.oe66 (.const:ti_sysbios_family_c62_TaskSupport_stackAlignment__C)
                  00820ffc    00000004     vlfft_evmc6678l_pe66.oe66 (.const:ti_sysbios_family_c64p_EventCombiner_E_unpluggedEvent__C)
                  00821000    00000004     vlfft_evmc6678l_pe66.oe66 (.const:ti_sysbios_family_c64p_Exception_E_exceptionMin__C)
                  00821004    00000004     vlfft_evmc6678l_pe66.oe66 (.const:ti_sysbios_family_c64p_Exception_exceptionHook__C)
                  00821008    00000004     vlfft_evmc6678l_pe66.oe66 (.const:ti_sysbios_family_c64p_Exception_externalHook__C)
                  0082100c    00000004     vlfft_evmc6678l_pe66.oe66 (.const:ti_sysbios_family_c64p_Exception_internalHook__C)
                  00821010    00000004     vlfft_evmc6678l_pe66.oe66 (.const:ti_sysbios_family_c64p_Exception_nmiHook__C)
                  00821014    00000004     vlfft_evmc6678l_pe66.oe66 (.const:ti_sysbios_family_c64p_Hwi_E_alreadyDefined__C)
                  00821018    00000004     vlfft_evmc6678l_pe66.oe66 (.const:ti_sysbios_family_c64p_Hwi_LD_end__C)
                  0082101c    00000004     vlfft_evmc6678l_pe66.oe66 (.const:ti_sysbios_family_c64p_Hwi_LM_begin__C)
                  00821020    00000004     vlfft_evmc6678l_pe66.oe66 (.const:ti_sysbios_family_c64p_Hwi_Module__diagsEnabled__C)
                  00821024    00000004     vlfft_evmc6678l_pe66.oe66 (.const:ti_sysbios_family_c64p_Hwi_Module__diagsIncluded__C)
                  00821028    00000004     vlfft_evmc6678l_pe66.oe66 (.const:ti_sysbios_family_c64p_Hwi_Module__diagsMask__C)
                  0082102c    00000004     vlfft_evmc6678l_pe66.oe66 (.const:ti_sysbios_family_c64p_Hwi_Module__loggerFxn1__C)
                  00821030    00000004     vlfft_evmc6678l_pe66.oe66 (.const:ti_sysbios_family_c64p_Hwi_Module__loggerFxn8__C)
                  00821034    00000004     vlfft_evmc6678l_pe66.oe66 (.const:ti_sysbios_family_c64p_Hwi_Module__loggerObj__C)
                  00821038    00000004     vlfft_evmc6678l_pe66.oe66 (.const:ti_sysbios_family_c66_Cache_atomicBlockSize__C)
                  0082103c    00000004     vlfft_evmc6678l_pe66.oe66 (.const:ti_sysbios_family_c66_tci66xx_CpIntc_E_unpluggedSysInt__C)
                  00821040    00000004     vlfft_evmc6678l_pe66.oe66 (.const:ti_sysbios_family_c66_tci66xx_CpIntc_hostIntToEventId__C)
                  00821044    00000004     vlfft_evmc6678l_pe66.oe66 (.const:ti_sysbios_family_c66_tci66xx_CpIntc_numStatusRegs__C)
                  00821048    00000004     vlfft_evmc6678l_pe66.oe66 (.const:ti_sysbios_family_c66_tci66xx_CpIntc_numSysInts__C)
                  0082104c    00000004     vlfft_evmc6678l_pe66.oe66 (.const:ti_sysbios_family_c66_tci66xx_CpIntc_sysIntToHostInt__C)
                  00821050    00000004     vlfft_evmc6678l_pe66.oe66 (.const:ti_sysbios_gates_GateMutexPri_A_badContext__C)
                  00821054    00000004     vlfft_evmc6678l_pe66.oe66 (.const:ti_sysbios_gates_GateMutexPri_Instance_State_pendQ__O)
                  00821058    00000004     vlfft_evmc6678l_pe66.oe66 (.const:ti_sysbios_gates_GateMutexPri_Module__diagsEnabled__C)
                  0082105c    00000004     vlfft_evmc6678l_pe66.oe66 (.const:ti_sysbios_gates_GateMutexPri_Module__diagsIncluded__C)
                  00821060    00000004     vlfft_evmc6678l_pe66.oe66 (.const:ti_sysbios_gates_GateMutexPri_Module__diagsMask__C)
                  00821064    00000004     vlfft_evmc6678l_pe66.oe66 (.const:ti_sysbios_gates_GateMutex_A_badContext__C)
                  00821068    00000004     vlfft_evmc6678l_pe66.oe66 (.const:ti_sysbios_gates_GateMutex_Instance_State_sem__O)
                  0082106c    00000004     vlfft_evmc6678l_pe66.oe66 (.const:ti_sysbios_gates_GateMutex_Module__diagsEnabled__C)
                  00821070    00000004     vlfft_evmc6678l_pe66.oe66 (.const:ti_sysbios_gates_GateMutex_Module__diagsIncluded__C)
                  00821074    00000004     vlfft_evmc6678l_pe66.oe66 (.const:ti_sysbios_gates_GateMutex_Module__diagsMask__C)
                  00821078    00000004     vlfft_evmc6678l_pe66.oe66 (.const:ti_sysbios_gates_GateSwi_A_badContext__C)
                  0082107c    00000004     vlfft_evmc6678l_pe66.oe66 (.const:ti_sysbios_gates_GateSwi_Module__diagsEnabled__C)
                  00821080    00000004     vlfft_evmc6678l_pe66.oe66 (.const:ti_sysbios_gates_GateSwi_Module__diagsIncluded__C)
                  00821084    00000004     vlfft_evmc6678l_pe66.oe66 (.const:ti_sysbios_gates_GateSwi_Module__diagsMask__C)
                  00821088    00000004     vlfft_evmc6678l_pe66.oe66 (.const:ti_sysbios_hal_Hwi_E_stackOverflow__C)
                  0082108c    00000004     vlfft_evmc6678l_pe66.oe66 (.const:ti_sysbios_heaps_HeapMem_A_align__C)
                  00821090    00000004     vlfft_evmc6678l_pe66.oe66 (.const:ti_sysbios_heaps_HeapMem_A_heapSize__C)
                  00821094    00000004     vlfft_evmc6678l_pe66.oe66 (.const:ti_sysbios_heaps_HeapMem_A_invalidFree__C)
                  00821098    00000004     vlfft_evmc6678l_pe66.oe66 (.const:ti_sysbios_heaps_HeapMem_A_zeroBlock__C)
                  0082109c    00000004     vlfft_evmc6678l_pe66.oe66 (.const:ti_sysbios_heaps_HeapMem_E_memory__C)
                  008210a0    00000004     vlfft_evmc6678l_pe66.oe66 (.const:ti_sysbios_heaps_HeapMem_Module__diagsEnabled__C)
                  008210a4    00000004     vlfft_evmc6678l_pe66.oe66 (.const:ti_sysbios_heaps_HeapMem_Module__diagsIncluded__C)
                  008210a8    00000004     vlfft_evmc6678l_pe66.oe66 (.const:ti_sysbios_heaps_HeapMem_Module__diagsMask__C)
                  008210ac    00000004     vlfft_evmc6678l_pe66.oe66 (.const:ti_sysbios_heaps_HeapMem_Module__gateObj__C)
                  008210b0    00000004     vlfft_evmc6678l_pe66.oe66 (.const:ti_sysbios_heaps_HeapMem_Object__count__C)
                  008210b4    00000004     vlfft_evmc6678l_pe66.oe66 (.const:ti_sysbios_heaps_HeapMem_Object__table__C)
                  008210b8    00000004     vlfft_evmc6678l_pe66.oe66 (.const:ti_sysbios_heaps_HeapMem_reqAlignMask__C)
                  008210bc    00000004     vlfft_evmc6678l_pe66.oe66 (.const:ti_sysbios_heaps_HeapMem_reqAlign__C)
                  008210c0    00000004     vlfft_evmc6678l_pe66.oe66 (.const:ti_sysbios_knl_Clock_A_badThreadType__C)
                  008210c4    00000004     vlfft_evmc6678l_pe66.oe66 (.const:ti_sysbios_knl_Clock_LM_begin__C)
                  008210c8    00000004     vlfft_evmc6678l_pe66.oe66 (.const:ti_sysbios_knl_Clock_LM_tick__C)
                  008210cc    00000004     vlfft_evmc6678l_pe66.oe66 (.const:ti_sysbios_knl_Clock_LW_delayed__C)
                  008210d0    00000004     vlfft_evmc6678l_pe66.oe66 (.const:ti_sysbios_knl_Clock_Module_State_clockQ__O)
                  008210d4    00000004     vlfft_evmc6678l_pe66.oe66 (.const:ti_sysbios_knl_Clock_Module__diagsEnabled__C)
                  008210d8    00000004     vlfft_evmc6678l_pe66.oe66 (.const:ti_sysbios_knl_Clock_Module__diagsIncluded__C)
                  008210dc    00000004     vlfft_evmc6678l_pe66.oe66 (.const:ti_sysbios_knl_Clock_Module__diagsMask__C)
                  008210e0    00000004     vlfft_evmc6678l_pe66.oe66 (.const:ti_sysbios_knl_Clock_Module__loggerFxn1__C)
                  008210e4    00000004     vlfft_evmc6678l_pe66.oe66 (.const:ti_sysbios_knl_Clock_Module__loggerFxn2__C)
                  008210e8    00000004     vlfft_evmc6678l_pe66.oe66 (.const:ti_sysbios_knl_Clock_Module__loggerObj__C)
                  008210ec    00000004     vlfft_evmc6678l_pe66.oe66 (.const:ti_sysbios_knl_Clock_tickMode__C)
                  008210f0    00000004     vlfft_evmc6678l_pe66.oe66 (.const:ti_sysbios_knl_Clock_tickPeriod__C)
                  008210f4    00000004     vlfft_evmc6678l_pe66.oe66 (.const:ti_sysbios_knl_Clock_tickSource__C)
                  008210f8    00000004     vlfft_evmc6678l_pe66.oe66 (.const:ti_sysbios_knl_Queue_Object__count__C)
                  008210fc    00000004     vlfft_evmc6678l_pe66.oe66 (.const:ti_sysbios_knl_Queue_Object__table__C)
                  00821100    00000004     vlfft_evmc6678l_pe66.oe66 (.const:ti_sysbios_knl_Idle_funcList__A)
                  00821104    00000004     vlfft_evmc6678l_pe66.oe66 (.const:ti_sysbios_knl_Semaphore_A_badContext__C)
                  00821108    00000004     vlfft_evmc6678l_pe66.oe66 (.const:ti_sysbios_knl_Semaphore_A_noEvents__C)
                  0082110c    00000004     vlfft_evmc6678l_pe66.oe66 (.const:ti_sysbios_knl_Semaphore_Instance_State_pendQ__O)
                  00821110    00000004     vlfft_evmc6678l_pe66.oe66 (.const:ti_sysbios_knl_Semaphore_LM_pend__C)
                  00821114    00000004     vlfft_evmc6678l_pe66.oe66 (.const:ti_sysbios_knl_Semaphore_LM_post__C)
                  00821118    00000004     vlfft_evmc6678l_pe66.oe66 (.const:ti_sysbios_knl_Semaphore_Module__diagsEnabled__C)
                  0082111c    00000004     vlfft_evmc6678l_pe66.oe66 (.const:ti_sysbios_knl_Semaphore_Module__diagsIncluded__C)
                  00821120    00000004     vlfft_evmc6678l_pe66.oe66 (.const:ti_sysbios_knl_Semaphore_Module__diagsMask__C)
                  00821124    00000004     vlfft_evmc6678l_pe66.oe66 (.const:ti_sysbios_knl_Semaphore_Module__loggerFxn2__C)
                  00821128    00000004     vlfft_evmc6678l_pe66.oe66 (.const:ti_sysbios_knl_Semaphore_Module__loggerFxn4__C)
                  0082112c    00000004     vlfft_evmc6678l_pe66.oe66 (.const:ti_sysbios_knl_Semaphore_Module__loggerObj__C)
                  00821130    00000004     vlfft_evmc6678l_pe66.oe66 (.const:ti_sysbios_knl_Swi_A_badPriority__C)
                  00821134    00000004     vlfft_evmc6678l_pe66.oe66 (.const:ti_sysbios_knl_Swi_LD_end__C)
                  00821138    00000004     vlfft_evmc6678l_pe66.oe66 (.const:ti_sysbios_knl_Swi_LM_begin__C)
                  0082113c    00000004     vlfft_evmc6678l_pe66.oe66 (.const:ti_sysbios_knl_Swi_LM_post__C)
                  00821140    00000004     vlfft_evmc6678l_pe66.oe66 (.const:ti_sysbios_knl_Swi_Module__diagsEnabled__C)
                  00821144    00000004     vlfft_evmc6678l_pe66.oe66 (.const:ti_sysbios_knl_Swi_Module__diagsIncluded__C)
                  00821148    00000004     vlfft_evmc6678l_pe66.oe66 (.const:ti_sysbios_knl_Swi_Module__diagsMask__C)
                  0082114c    00000004     vlfft_evmc6678l_pe66.oe66 (.const:ti_sysbios_knl_Swi_Module__loggerFxn1__C)
                  00821150    00000004     vlfft_evmc6678l_pe66.oe66 (.const:ti_sysbios_knl_Swi_Module__loggerFxn4__C)
                  00821154    00000004     vlfft_evmc6678l_pe66.oe66 (.const:ti_sysbios_knl_Swi_Module__loggerObj__C)
                  00821158    00000004     vlfft_evmc6678l_pe66.oe66 (.const:ti_sysbios_knl_Swi_Object__count__C)
                  0082115c    00000004     vlfft_evmc6678l_pe66.oe66 (.const:ti_sysbios_knl_Swi_Object__table__C)
                  00821160    00000004     vlfft_evmc6678l_pe66.oe66 (.const:ti_sysbios_knl_Task_A_badPriority__C)
                  00821164    00000004     vlfft_evmc6678l_pe66.oe66 (.const:ti_sysbios_knl_Task_A_badTaskState__C)
                  00821168    00000004     vlfft_evmc6678l_pe66.oe66 (.const:ti_sysbios_knl_Task_A_badThreadType__C)
                  0082116c    00000004     vlfft_evmc6678l_pe66.oe66 (.const:ti_sysbios_knl_Task_A_noPendElem__C)
                  00821170    00000004     vlfft_evmc6678l_pe66.oe66 (.const:ti_sysbios_knl_Task_E_spOutOfBounds__C)
                  00821174    00000004     vlfft_evmc6678l_pe66.oe66 (.const:ti_sysbios_knl_Task_E_stackOverflow__C)
                  00821178    00000004     vlfft_evmc6678l_pe66.oe66 (.const:ti_sysbios_knl_Task_LD_block__C)
                  0082117c    00000004     vlfft_evmc6678l_pe66.oe66 (.const:ti_sysbios_knl_Task_LD_exit__C)
                  00821180    00000004     vlfft_evmc6678l_pe66.oe66 (.const:ti_sysbios_knl_Task_LD_ready__C)
                  00821184    00000004     vlfft_evmc6678l_pe66.oe66 (.const:ti_sysbios_knl_Task_LM_setPri__C)
                  00821188    00000004     vlfft_evmc6678l_pe66.oe66 (.const:ti_sysbios_knl_Task_LM_switch__C)
                  0082118c    00000004     vlfft_evmc6678l_pe66.oe66 (.const:ti_sysbios_knl_Task_LM_yield__C)
                  00821190    00000004     vlfft_evmc6678l_pe66.oe66 (.const:ti_sysbios_knl_Task_Module_State_inactiveQ__O)
                  00821194    00000004     vlfft_evmc6678l_pe66.oe66 (.const:ti_sysbios_knl_Task_Module_State_terminatedQ__O)
                  00821198    00000004     vlfft_evmc6678l_pe66.oe66 (.const:ti_sysbios_knl_Task_Module__diagsEnabled__C)
                  0082119c    00000004     vlfft_evmc6678l_pe66.oe66 (.const:ti_sysbios_knl_Task_Module__diagsIncluded__C)
                  008211a0    00000004     vlfft_evmc6678l_pe66.oe66 (.const:ti_sysbios_knl_Task_Module__diagsMask__C)
                  008211a4    00000004     vlfft_evmc6678l_pe66.oe66 (.const:ti_sysbios_knl_Task_Module__loggerFxn2__C)
                  008211a8    00000004     vlfft_evmc6678l_pe66.oe66 (.const:ti_sysbios_knl_Task_Module__loggerFxn4__C)
                  008211ac    00000004     vlfft_evmc6678l_pe66.oe66 (.const:ti_sysbios_knl_Task_Module__loggerObj__C)
                  008211b0    00000004     vlfft_evmc6678l_pe66.oe66 (.const:ti_sysbios_knl_Task_Object__count__C)
                  008211b4    00000004     vlfft_evmc6678l_pe66.oe66 (.const:ti_sysbios_knl_Task_Object__heap__C)
                  008211b8    00000004     vlfft_evmc6678l_pe66.oe66 (.const:ti_sysbios_knl_Task_Object__table__C)
                  008211bc    00000004     vlfft_evmc6678l_pe66.oe66 (.const:ti_sysbios_knl_Task_allBlockedFunc__C)
                  008211c0    00000004     vlfft_evmc6678l_pe66.oe66 (.const:ti_sysbios_knl_Task_defaultStackHeap__C)
                  008211c4    00000004     vlfft_evmc6678l_pe66.oe66 (.const:ti_sysbios_knl_Task_defaultStackSize__C)
                  008211c8    00000004     vlfft_evmc6678l_pe66.oe66 (.const:ti_sysbios_knl_Task_numConstructedTasks__C)
                  008211cc    00000004     vlfft_evmc6678l_pe66.oe66 (.const:ti_sysbios_knl_Task_numPriorities__C)
                  008211d0    00000004     vlfft_evmc6678l_pe66.oe66 (.const:ti_sysbios_syncs_SyncSem_Module__diagsEnabled__C)
                  008211d4    00000004     vlfft_evmc6678l_pe66.oe66 (.const:ti_sysbios_syncs_SyncSem_Module__diagsIncluded__C)
                  008211d8    00000004     vlfft_evmc6678l_pe66.oe66 (.const:ti_sysbios_syncs_SyncSem_Module__diagsMask__C)
                  008211dc    00000004     vlfft_evmc6678l_pe66.oe66 (.const:ti_sysbios_timers_timer64_Timer_A_notAvailable__C)
                  008211e0    00000004     vlfft_evmc6678l_pe66.oe66 (.const:ti_sysbios_timers_timer64_Timer_E_cannotSupport__C)
                  008211e4    00000004     vlfft_evmc6678l_pe66.oe66 (.const:ti_sysbios_timers_timer64_Timer_Module__diagsEnabled__C)
                  008211e8    00000004     vlfft_evmc6678l_pe66.oe66 (.const:ti_sysbios_timers_timer64_Timer_Module__diagsIncluded__C)
                  008211ec    00000004     vlfft_evmc6678l_pe66.oe66 (.const:ti_sysbios_timers_timer64_Timer_Module__diagsMask__C)
                  008211f0    00000004     vlfft_evmc6678l_pe66.oe66 (.const:ti_sysbios_timers_timer64_Timer_anyMask__C)
                  008211f4    00000004     vlfft_evmc6678l_pe66.oe66 (.const:ti_sysbios_timers_timer64_Timer_freqDivisor__C)
                  008211f8    00000004     vlfft_evmc6678l_pe66.oe66 (.const:ti_sysbios_timers_timer64_Timer_numLocalTimers__C)
                  008211fc    00000004     vlfft_evmc6678l_pe66.oe66 (.const:ti_sysbios_timers_timer64_Timer_numTimerDevices__C)
                  00821200    00000004     vlfft_evmc6678l_pe66.oe66 (.const:ti_sysbios_xdcruntime_GateThreadSupport_Instance_State_gate__O)
                  00821204    00000004     vlfft_evmc6678l_pe66.oe66 (.const:xdc_runtime_Assert_E_assertFailed__C)
                  00821208    00000004     vlfft_evmc6678l_pe66.oe66 (.const:xdc_runtime_Core_A_initializedParams__C)
                  0082120c    00000004     vlfft_evmc6678l_pe66.oe66 (.const:xdc_runtime_Core_Module__diagsEnabled__C)
                  00821210    00000004     vlfft_evmc6678l_pe66.oe66 (.const:xdc_runtime_Core_Module__diagsIncluded__C)
                  00821214    00000004     vlfft_evmc6678l_pe66.oe66 (.const:xdc_runtime_Core_Module__diagsMask__C)
                  00821218    00000004     vlfft_evmc6678l_pe66.oe66 (.const:xdc_runtime_Error_E_generic__C)
                  0082121c    00000004     vlfft_evmc6678l_pe66.oe66 (.const:xdc_runtime_Error_E_memory__C)
                  00821220    00000004     vlfft_evmc6678l_pe66.oe66 (.const:xdc_runtime_Error_Module__diagsEnabled__C)
                  00821224    00000004     vlfft_evmc6678l_pe66.oe66 (.const:xdc_runtime_Error_Module__diagsIncluded__C)
                  00821228    00000004     vlfft_evmc6678l_pe66.oe66 (.const:xdc_runtime_Error_Module__diagsMask__C)
                  0082122c    00000004     vlfft_evmc6678l_pe66.oe66 (.const:xdc_runtime_Error_Module__loggerFxn8__C)
                  00821230    00000004     vlfft_evmc6678l_pe66.oe66 (.const:xdc_runtime_Error_Module__loggerObj__C)
                  00821234    00000004     vlfft_evmc6678l_pe66.oe66 (.const:xdc_runtime_Error_policy__C)
                  00821238    00000004     vlfft_evmc6678l_pe66.oe66 (.const:xdc_runtime_Error_raiseHook__C)
                  0082123c    00000004     vlfft_evmc6678l_pe66.oe66 (.const:xdc_runtime_IGateProvider_Interface__BASE__C)
                  00821240    00000004     vlfft_evmc6678l_pe66.oe66 (.const:xdc_runtime_IHeap_Interface__BASE__C)
                  00821244    00000004     vlfft_evmc6678l_pe66.oe66 (.const:xdc_runtime_IModule_Interface__BASE__C)
                  00821248    00000004     vlfft_evmc6678l_pe66.oe66 (.const:xdc_runtime_Log_L_error__C)
                  0082124c    00000004     vlfft_evmc6678l_pe66.oe66 (.const:xdc_runtime_Memory_defaultHeapInstance__C)
                  00821250    00000004     vlfft_evmc6678l_pe66.oe66 (.const:xdc_runtime_Startup_execImpl__C)
                  00821254    00000004     vlfft_evmc6678l_pe66.oe66 (.const:xdc_runtime_Startup_maxPasses__C)
                  00821258    00000004     vlfft_evmc6678l_pe66.oe66 (.const:xdc_runtime_Startup_sfxnRts__C)
                  0082125c    00000004     vlfft_evmc6678l_pe66.oe66 (.const:xdc_runtime_Startup_sfxnTab__C)
                  00821260    00000004     vlfft_evmc6678l_pe66.oe66 (.const:xdc_runtime_Startup_lastFxns__A)
                  00821264    00000004     vlfft_evmc6678l_pe66.oe66 (.const:xdc_runtime_Startup_startModsFxn__C)
                  00821268    00000004     vlfft_evmc6678l_pe66.oe66 (.const:xdc_runtime_System_Module__gateObj__C)
                  0082126c    00000004     vlfft_evmc6678l_pe66.oe66 (.const:xdc_runtime_System_extendFxn__C)
                  00821270    00000004     vlfft_evmc6678l_pe66.oe66 (.const:xdc_runtime_System_maxAtexitHandlers__C)
                  00821274    00000004     vlfft_evmc6678l_pe66.oe66 (.const:xdc_runtime_Text_charTab__C)
                  00821278    00000004     vlfft_evmc6678l_pe66.oe66 (.const:xdc_runtime_Text_nameEmpty__C)
                  0082127c    00000004     vlfft_evmc6678l_pe66.oe66 (.const:xdc_runtime_Text_nameStatic__C)
                  00821280    00000004     vlfft_evmc6678l_pe66.oe66 (.const:xdc_runtime_Text_nameUnknown__C)
                  00821284    00000004     vlfft_evmc6678l_pe66.oe66 (.const:xdc_runtime_Text_nodeTab__C)
                  00821288    00000004     vlfft_evmc6678l_pe66.oe66 (.const:xdc_runtime_Text_visitRopeFxn__C)
                  0082128c    00000004     vlfft_evmc6678l_pe66.oe66 (.const:xdc_runtime_knl_ISync_Interface__BASE__C)
                  00821290    00000002     vlfft_evmc6678l_pe66.oe66 (.const:ti_sdo_ipc_GateMP_Module__id__C)
                  00821292    00000002     --HOLE-- [fill = 0]
                  00821294    00000002     vlfft_evmc6678l_pe66.oe66 (.const:ti_sdo_ipc_GateMP_Module__loggerDefined__C)
                  00821296    00000002     --HOLE-- [fill = 0]
                  00821298    00000002     vlfft_evmc6678l_pe66.oe66 (.const:ti_sdo_ipc_Ipc_Module__id__C)
                  0082129a    00000002     --HOLE-- [fill = 0]
                  0082129c    00000002     vlfft_evmc6678l_pe66.oe66 (.const:ti_sdo_ipc_Ipc_generateSlaveDataForHost__C)
                  0082129e    00000002     --HOLE-- [fill = 0]
                  008212a0    00000002     vlfft_evmc6678l_pe66.oe66 (.const:ti_sdo_ipc_ListMP_Module__id__C)
                  008212a2    00000002     --HOLE-- [fill = 0]
                  008212a4    00000002     vlfft_evmc6678l_pe66.oe66 (.const:ti_sdo_ipc_MessageQ_Module__id__C)
                  008212a6    00000002     --HOLE-- [fill = 0]
                  008212a8    00000002     vlfft_evmc6678l_pe66.oe66 (.const:ti_sdo_ipc_MessageQ_Module__loggerDefined__C)
                  008212aa    00000002     --HOLE-- [fill = 0]
                  008212ac    00000002     vlfft_evmc6678l_pe66.oe66 (.const:ti_sdo_ipc_Notify_Module__id__C)
                  008212ae    00000002     --HOLE-- [fill = 0]
                  008212b0    00000002     vlfft_evmc6678l_pe66.oe66 (.const:ti_sdo_ipc_Notify_numLines__C)
                  008212b2    00000002     --HOLE-- [fill = 0]
                  008212b4    00000002     vlfft_evmc6678l_pe66.oe66 (.const:ti_sdo_ipc_Notify_reservedEvents__C)
                  008212b6    00000002     --HOLE-- [fill = 0]
                  008212b8    00000002     vlfft_evmc6678l_pe66.oe66 (.const:ti_sdo_ipc_SharedRegion_Module__id__C)
                  008212ba    00000002     --HOLE-- [fill = 0]
                  008212bc    00000002     vlfft_evmc6678l_pe66.oe66 (.const:ti_sdo_ipc_SharedRegion_numEntries__C)
                  008212be    00000002     --HOLE-- [fill = 0]
                  008212c0    00000002     vlfft_evmc6678l_pe66.oe66 (.const:ti_sdo_ipc_SharedRegion_translate__C)
                  008212c2    00000002     --HOLE-- [fill = 0]
                  008212c4    00000002     vlfft_evmc6678l_pe66.oe66 (.const:ti_sdo_ipc_family_c647x_Interrupt_enableKick__C)
                  008212c6    00000002     --HOLE-- [fill = 0]
                  008212c8    00000002     vlfft_evmc6678l_pe66.oe66 (.const:ti_sdo_ipc_family_c647x_MultiProcSetup_Module__id__C)
                  008212ca    00000002     --HOLE-- [fill = 0]
                  008212cc    00000002     vlfft_evmc6678l_pe66.oe66 (.const:ti_sdo_ipc_gates_GateHWSem_Module__id__C)
                  008212ce    00000002     --HOLE-- [fill = 0]
                  008212d0    00000002     vlfft_evmc6678l_pe66.oe66 (.const:ti_sdo_ipc_gates_GateMPSupportNull_Module__id__C)
                  008212d2    00000002     --HOLE-- [fill = 0]
                  008212d4    00000002     vlfft_evmc6678l_pe66.oe66 (.const:ti_sdo_ipc_gates_GatePeterson_Module__id__C)
                  008212d6    00000002     --HOLE-- [fill = 0]
                  008212d8    00000002     vlfft_evmc6678l_pe66.oe66 (.const:ti_sdo_ipc_heaps_HeapBufMP_Module__id__C)
                  008212da    00000002     --HOLE-- [fill = 0]
                  008212dc    00000002     vlfft_evmc6678l_pe66.oe66 (.const:ti_sdo_ipc_heaps_HeapBufMP_trackAllocs__C)
                  008212de    00000002     --HOLE-- [fill = 0]
                  008212e0    00000002     vlfft_evmc6678l_pe66.oe66 (.const:ti_sdo_ipc_heaps_HeapMemMP_Module__id__C)
                  008212e2    00000002     --HOLE-- [fill = 0]
                  008212e4    00000002     vlfft_evmc6678l_pe66.oe66 (.const:ti_sdo_ipc_notifyDrivers_NotifyDriverCirc_Module__id__C)
                  008212e6    00000002     --HOLE-- [fill = 0]
                  008212e8    00000002     vlfft_evmc6678l_pe66.oe66 (.const:ti_sdo_ipc_notifyDrivers_NotifyDriverCirc_enableStats__C)
                  008212ea    00000002     --HOLE-- [fill = 0]
                  008212ec    00000002     vlfft_evmc6678l_pe66.oe66 (.const:ti_sdo_ipc_nsremote_NameServerRemoteNotify_Module__id__C)
                  008212ee    00000002     --HOLE-- [fill = 0]
                  008212f0    00000002     vlfft_evmc6678l_pe66.oe66 (.const:ti_sdo_ipc_transports_TransportShmNotify_alwaysWriteBackMsg__C)
                  008212f2    00000002     --HOLE-- [fill = 0]
                  008212f4    00000002     vlfft_evmc6678l_pe66.oe66 (.const:ti_sdo_ipc_transports_TransportShmNotify_notifyEventId__C)
                  008212f6    00000002     --HOLE-- [fill = 0]
                  008212f8    00000002     vlfft_evmc6678l_pe66.oe66 (.const:ti_sdo_utils_MultiProc_Module__id__C)
                  008212fa    00000002     --HOLE-- [fill = 0]
                  008212fc    00000002     vlfft_evmc6678l_pe66.oe66 (.const:ti_sdo_utils_MultiProc_numProcessors__C)
                  008212fe    00000002     --HOLE-- [fill = 0]
                  00821300    00000002     vlfft_evmc6678l_pe66.oe66 (.const:ti_sdo_utils_MultiProc_numProcsInCluster__C)
                  00821302    00000002     --HOLE-- [fill = 0]
                  00821304    00000002     vlfft_evmc6678l_pe66.oe66 (.const:ti_sdo_utils_NameServer_Module__id__C)
                  00821306    00000002     --HOLE-- [fill = 0]
                  00821308    00000002     vlfft_evmc6678l_pe66.oe66 (.const:ti_sdo_utils_NameServer_singleProcessor__C)
                  0082130a    00000002     --HOLE-- [fill = 0]
                  0082130c    00000002     vlfft_evmc6678l_pe66.oe66 (.const:ti_sysbios_BIOS_Module__id__C)
                  0082130e    00000002     --HOLE-- [fill = 0]
                  00821310    00000002     vlfft_evmc6678l_pe66.oe66 (.const:ti_sysbios_family_c64p_EventCombiner_Module__id__C)
                  00821312    00000002     --HOLE-- [fill = 0]
                  00821314    00000002     vlfft_evmc6678l_pe66.oe66 (.const:ti_sysbios_family_c64p_Exception_Module__id__C)
                  00821316    00000002     --HOLE-- [fill = 0]
                  00821318    00000002     vlfft_evmc6678l_pe66.oe66 (.const:ti_sysbios_family_c64p_Hwi_Module__id__C)
                  0082131a    00000002     --HOLE-- [fill = 0]
                  0082131c    00000002     vlfft_evmc6678l_pe66.oe66 (.const:ti_sysbios_family_c64p_Hwi_Module__loggerDefined__C)
                  0082131e    00000002     --HOLE-- [fill = 0]
                  00821320    00000002     vlfft_evmc6678l_pe66.oe66 (.const:ti_sysbios_family_c66_tci66xx_CpIntc_Module__id__C)
                  00821322    00000002     --HOLE-- [fill = 0]
                  00821324    00000002     vlfft_evmc6678l_pe66.oe66 (.const:ti_sysbios_gates_GateMutexPri_Module__id__C)
                  00821326    00000002     --HOLE-- [fill = 0]
                  00821328    00000002     vlfft_evmc6678l_pe66.oe66 (.const:ti_sysbios_gates_GateMutex_Module__id__C)
                  0082132a    00000002     --HOLE-- [fill = 0]
                  0082132c    00000002     vlfft_evmc6678l_pe66.oe66 (.const:ti_sysbios_gates_GateSwi_Module__id__C)
                  0082132e    00000002     --HOLE-- [fill = 0]
                  00821330    00000002     vlfft_evmc6678l_pe66.oe66 (.const:ti_sysbios_hal_Hwi_Module__id__C)
                  00821332    00000002     --HOLE-- [fill = 0]
                  00821334    00000002     vlfft_evmc6678l_pe66.oe66 (.const:ti_sysbios_heaps_HeapMem_Module__id__C)
                  00821336    00000002     --HOLE-- [fill = 0]
                  00821338    00000002     vlfft_evmc6678l_pe66.oe66 (.const:ti_sysbios_knl_Clock_Module__id__C)
                  0082133a    00000002     --HOLE-- [fill = 0]
                  0082133c    00000002     vlfft_evmc6678l_pe66.oe66 (.const:ti_sysbios_knl_Clock_Module__loggerDefined__C)
                  0082133e    00000002     --HOLE-- [fill = 0]
                  00821340    00000002     vlfft_evmc6678l_pe66.oe66 (.const:ti_sysbios_knl_Semaphore_Module__id__C)
                  00821342    00000002     --HOLE-- [fill = 0]
                  00821344    00000002     vlfft_evmc6678l_pe66.oe66 (.const:ti_sysbios_knl_Semaphore_Module__loggerDefined__C)
                  00821346    00000002     --HOLE-- [fill = 0]
                  00821348    00000002     vlfft_evmc6678l_pe66.oe66 (.const:ti_sysbios_knl_Swi_Module__id__C)
                  0082134a    00000002     --HOLE-- [fill = 0]
                  0082134c    00000002     vlfft_evmc6678l_pe66.oe66 (.const:ti_sysbios_knl_Swi_Module__loggerDefined__C)
                  0082134e    00000002     --HOLE-- [fill = 0]
                  00821350    00000002     vlfft_evmc6678l_pe66.oe66 (.const:ti_sysbios_knl_Task_Module__id__C)
                  00821352    00000002     --HOLE-- [fill = 0]
[...]
0c233d80   ti_sdo_utils_List_Object__destruct__S
0c233dc0   ti_sdo_utils_NameServer_Module__startupDone__F
0c233e00   ti_sdo_utils_NameServer_Object__first__S
0c233e40   ti_sdo_utils_NameServer_Object__next__S
0c233e80   ti_sysbios_BIOS_startFunc__I
0c233ec0   ti_sysbios_BIOS_start__E
0c233f00   ti_sysbios_family_c64p_EventCombiner_disableEvent__F
0c233f40   ti_sysbios_family_c64p_EventCombiner_dispatchPlug__E
0c233f80   ti_sysbios_family_c64p_EventCombiner_enableEvent__F
0c233fc0   ti_sysbios_family_c64p_Hwi_Module__startupDone__F
0c234000   ti_sysbios_family_c64p_Hwi_Params__init__S
0c234040   ti_sysbios_family_c64p_Hwi_disableInterrupt__E
0c234080   ti_sysbios_family_c64p_Hwi_enableInterrupt__E
0c2340c0   ti_sysbios_family_c66_Cache_wait__E
0c234100   ti_sysbios_family_c66_tci66xx_CpIntc_dispatchPlug__E
0c234140   ti_sysbios_family_c66_tci66xx_CpIntc_dispatchPlug__F
0c234180   ti_sysbios_family_c66_tci66xx_CpIntc_enableAllHostInts__F
0c2341c0   ti_sysbios_gates_GateAll_Handle__label__S
0c234200   ti_sysbios_gates_GateAll_Object__delete__S
0c234240   ti_sysbios_gates_GateHwi_Handle__label__S
0c234280   ti_sysbios_gates_GateHwi_Object__delete__S
0c2342c0   ti_sysbios_gates_GateMutexPri_Handle__label__S
0c234300   ti_sysbios_gates_GateMutexPri_Instance_finalize__F
0c234340   ti_sysbios_gates_GateMutexPri_Instance_init__F
0c234380   ti_sysbios_gates_GateMutexPri_Object__destruct__S
0c2343c0   ti_sysbios_gates_GateMutex_Handle__label__S
0c234400   ti_sysbios_gates_GateMutex_Instance_finalize__F
0c234440   ti_sysbios_gates_GateMutex_leave__E
0c234480   ti_sysbios_gates_GateSwi_Handle__label__S
0c2344c0   ti_sysbios_gates_GateSwi_Object__delete__S
0c234500   ti_sysbios_hal_Cache_CacheProxy_inv__E
0c234500   ti_sysbios_hal_Cache_inv__E
0c234540   ti_sysbios_hal_Cache_CacheProxy_wbInv__E
0c234540   ti_sysbios_hal_Cache_wbInv__E
0c234580   ti_sysbios_hal_Cache_CacheProxy_wb__E
0c234580   ti_sysbios_hal_Cache_wb__E
0c2345c0   ti_sysbios_hal_Timer_Module__startupDone__F
0c234600   ti_sysbios_heaps_HeapMem_Handle__label__S
0c234640   ti_sysbios_heaps_HeapMem_Object__delete__S
0c234680   ti_sysbios_knl_Clock_Object__destruct__S
0c2346c0   ti_sysbios_knl_Clock_Params__init__S
0c234700   ti_sysbios_knl_Queue_Object__destruct__S
0c234740   ti_sysbios_knl_Semaphore_Instance_finalize__F
0c234780   ti_sysbios_knl_Semaphore_Object__destruct__S
0c2347c0   ti_sysbios_knl_Semaphore_Params__init__S
0c234800   ti_sysbios_knl_Swi_Object__destruct__S
0c234840   ti_sysbios_knl_Swi_Params__init__S
0c234880   ti_sysbios_knl_Task_Object__first__S
0c2348c0   ti_sysbios_knl_Task_Object__next__S
0c234900   ti_sysbios_knl_Task_Params__init__S
0c234940   ti_sysbios_syncs_SyncSem_Handle__label__S
0c234980   ti_sysbios_syncs_SyncSem_Instance_finalize__F
0c2349c0   ti_sysbios_timers_timer64_Timer_Module__startupDone__F
0c234a00   ti_sysbios_xdcruntime_GateThreadSupport_Instance_finalize__F
0c234a40   ti_sysbios_xdcruntime_GateThreadSupport_Instance_init__F
0c234a80   ti_sysbios_xdcruntime_GateThreadSupport_enter__F
0c234ac0   TSC_enable
0c234ac8   TSC_read
0c234b00   xdc_runtime_Error_check__F
0c234b40   xdc_runtime_Error_init__F
0c234b80   xdc_runtime_Error_raiseX__E
0c234bc0   xdc_runtime_GateNull_Handle__label__S
0c234c00   xdc_runtime_GateNull_Object__delete__S
0c234c40   xdc_runtime_Gate_leaveSystem__F
0c234d00   xdc_runtime_Memory_free__F
0c234d40   xdc_runtime_Registry_findById__F
0c234d80   xdc_runtime_Startup_exec__I
0c234dc0   xdc_runtime_System_abort__F
0c234e00   xdc_runtime_System_aprintf__E
0c234e40   xdc_runtime_System_printf__E
0c234e80   xdc_runtime_System_sprintf__E
0c234ec0   xdc_runtime_Text_ropeText__F
0c234f00   xdc_runtime_Text_visitRope__I
0c234f40   xdc_runtime_knl_GateThread_Handle__label__S
0c234f80   xdc_runtime_knl_GateThread_Instance_finalize__F
0c234fc0   xdc_runtime_knl_GateThread_Instance_init__F
0c235000   xdc_runtime_knl_GateThread_Proxy_Object__create__S
0c235040   MultiProc_self
0c235060   __c6xabi_negll
0c235080   __c6xabi_trunc
0c2350a0   __cxa_atexit
0c2350c0   __cxa_ia64_exit
0c2350e0   __xdc__init
0c235100   _nop
0c2351a0   _register_lock
0c2351c0   _register_unlock
0c2351e0   ti_sysbios_family_c62_TaskSupport_glue
0c235200   ti_sysbios_family_xxx_Hwi_switchToTaskStack
0c235220   C$$EXIT
0c235220   abort
0c235240   atexit
0c235260   __TI_decompress_none
0c235280   __TI_decompress_rle24
0c2352a0   determineProcId
0c2352c0   edma3MemZero
0c2352e0   edma3ParamCpy
0c235300   isGblConfigRequired
0c235320   lisrEdma3CCErrHandler0
0c235340   lisrEdma3ComplHandler0
0c235360   lisrEdma3TC0ErrHandler0
0c235380   lisrEdma3TC1ErrHandler0
0c2353a0   lisrEdma3TC2ErrHandler0
0c2353c0   lisrEdma3TC3ErrHandler0
0c2353e0   lisrEdma3TC4ErrHandler0
0c235400   lisrEdma3TC5ErrHandler0
0c235420   lisrEdma3TC6ErrHandler0
0c235440   lisrEdma3TC7ErrHandler0
0c235480   putc
0c2354a0   putchar
0c2354c0   ti_sdo_ipc_GateMP_RemoteCustom1Proxy_Object__delete__S
0c2354e0   ti_sdo_ipc_GateMP_RemoteCustom1Proxy_Params__init__S
0c235500   ti_sdo_ipc_GateMP_RemoteCustom1Proxy_Proxy__abstract__S
0c235520   ti_sdo_ipc_GateMP_RemoteCustom1Proxy_Proxy__delegate__S
0c235540   ti_sdo_ipc_GateMP_RemoteCustom1Proxy_getReservedMask__E
0c235560   ti_sdo_ipc_GateMP_RemoteCustom1Proxy_sharedMemReq__E
0c235580   ti_sdo_ipc_GateMP_RemoteCustom2Proxy_Object__delete__S
0c2355a0   ti_sdo_ipc_GateMP_RemoteCustom2Proxy_Params__init__S
0c2355c0   ti_sdo_ipc_GateMP_RemoteCustom2Proxy_Proxy__abstract__S
0c2355e0   ti_sdo_ipc_GateMP_RemoteCustom2Proxy_Proxy__delegate__S
0c235600   ti_sdo_ipc_GateMP_RemoteCustom2Proxy_getReservedMask__E
0c235620   ti_sdo_ipc_GateMP_RemoteCustom2Proxy_sharedMemReq__E
0c235640   ti_sdo_ipc_GateMP_RemoteSystemProxy_Object__delete__S
0c235660   ti_sdo_ipc_GateMP_RemoteSystemProxy_Params__init__S
0c235680   ti_sdo_ipc_GateMP_RemoteSystemProxy_Proxy__abstract__S
0c2356a0   ti_sdo_ipc_GateMP_RemoteSystemProxy_Proxy__delegate__S
0c2356c0   ti_sdo_ipc_GateMP_RemoteSystemProxy_getReservedMask__E
0c2356e0   ti_sdo_ipc_GateMP_RemoteSystemProxy_sharedMemReq__E
0c235700   ti_sdo_ipc_GateMP_attach__E
0c235720   ti_sdo_ipc_GateMP_getRegion0ReservedSize__E
0c235740   ti_sdo_ipc_GateMP_getSharedAddr__E
0c235760   ti_sdo_ipc_GateMP_getSharedAddr__F
0c235780   ti_sdo_ipc_GateMP_start__E
0c2357a0   ti_sdo_ipc_MessageQ_Module_startup__E
0c2357c0   ti_sdo_ipc_MessageQ_SetupTransportProxy_attach__E
0c2357e0   ti_sdo_ipc_MessageQ_SetupTransportProxy_isRegistered__E
0c235800   ti_sdo_ipc_MessageQ_SetupTransportProxy_sharedMemReq__E
0c235820   ti_sdo_ipc_MessageQ_unregisterTransport__E
0c235840   ti_sdo_ipc_Notify_Module_GateProxy_enter__E
0c235860   ti_sdo_ipc_Notify_Module_GateProxy_leave__E
0c235880   ti_sdo_ipc_Notify_Module_startup__E
0c2358a0   ti_sdo_ipc_Notify_SetupProxy_attach__E
0c2358c0   ti_sdo_ipc_Notify_SetupProxy_numIntLines__E
0c2358e0   ti_sdo_ipc_Notify_SetupProxy_sharedMemReq__E
0c235900   ti_sdo_ipc_Notify_exec__E
0c235920   ti_sdo_ipc_SharedRegion_attach__E
0c235940   ti_sdo_ipc_SharedRegion_clearReservedMemory__E
0c235960   ti_sdo_ipc_SharedRegion_reserveMemory__E
0c235980   ti_sdo_ipc_SharedRegion_start__E
0c2359a0   ti_sdo_ipc_family_c647x_Interrupt_Module_startup__E
0c2359c0   ti_sdo_ipc_family_c647x_Interrupt_intDisable__E
0c2359e0   ti_sdo_ipc_family_c647x_Interrupt_intEnable__E
0c235a00   ti_sdo_ipc_family_c647x_NotifyCircSetup_numIntLines__E
0c235a20   ti_sdo_ipc_gates_GateHWSem_Module_startup__E
0c235a40   ti_sdo_ipc_gates_GateHWSem_getReservedMask__E
0c235a60   ti_sdo_ipc_gates_GateHWSem_query__E
0c235a80   ti_sdo_ipc_gates_GateHWSem_query__F
0c235aa0   ti_sdo_ipc_gates_GateHWSem_sharedMemReq__E
0c235ac0   ti_sdo_ipc_gates_GateMPSupportNull_Instance_init__F
0c235ae0   ti_sdo_ipc_gates_GateMPSupportNull_getReservedMask__E
0c235b00   ti_sdo_ipc_gates_GateMPSupportNull_query__E
0c235b20   ti_sdo_ipc_gates_GateMPSupportNull_query__F
0c235b40   ti_sdo_ipc_gates_GateMPSupportNull_sharedMemReq__E
0c235b60   ti_sdo_ipc_gates_GatePeterson_getReservedMask__E
0c235b80   ti_sdo_ipc_gates_GatePeterson_query__E
0c235ba0   ti_sdo_ipc_gates_GatePeterson_query__F
0c235bc0   ti_sdo_ipc_heaps_HeapBufMP_getStats__E
0c235be0   ti_sdo_ipc_heaps_HeapBufMP_isBlocking__E
0c235c00   ti_sdo_ipc_heaps_HeapBufMP_isBlocking__F
0c235c20   ti_sdo_ipc_heaps_HeapMemMP_isBlocking__E
0c235c40   ti_sdo_ipc_heaps_HeapMemMP_isBlocking__F
0c235c60   ti_sdo_ipc_notifyDrivers_NotifyDriverCirc_InterruptProxy_intClear__E
0c235c80   ti_sdo_ipc_notifyDrivers_NotifyDriverCirc_InterruptProxy_intDisable__E
0c235ca0   ti_sdo_ipc_notifyDrivers_NotifyDriverCirc_InterruptProxy_intEnable__E
0c235cc0   ti_sdo_ipc_notifyDrivers_NotifyDriverCirc_InterruptProxy_intSend__E
0c235ce0   ti_sdo_ipc_notifyDrivers_NotifyDriverCirc_InterruptProxy_intUnregister__E
0c235d00   ti_sdo_ipc_notifyDrivers_NotifyDriverCirc_setNotifyHandle__E
0c235d20   ti_sdo_ipc_notifyDrivers_NotifyDriverCirc_sharedMemReq__E
0c235d40   ti_sdo_ipc_nsremote_NameServerRemoteNotify_cbFxn__I
0c235d60   ti_sdo_ipc_transports_TransportShmNotifySetup_isRegistered__E
0c235d80   ti_sdo_ipc_transports_TransportShmNotifySetup_sharedMemReq__E
0c235da0   ti_sdo_ipc_transports_TransportShmNotify_control__E
0c235dc0   ti_sdo_ipc_transports_TransportShmNotify_getStatus__E
0c235de0   ti_sdo_ipc_transports_TransportShmNotify_setErrFxn__E
0c235e00   ti_sdo_ipc_transports_TransportShmNotify_setErrFxn__F
0c235e20   ti_sdo_utils_List_Instance_init__F
0c235e40   ti_sdo_utils_MultiProc_getClusterId__E
0c235e60   ti_sdo_utils_MultiProc_getClusterId__F
0c235e80   ti_sdo_utils_NameServer_Module__startupDone__S
0c235ea0   ti_sdo_utils_NameServer_Module_startup__E
0c235ec0   ti_sdo_utils_NameServer_SetupProxy_attach__E
0c235ee0   ti_sdo_utils_NameServer_SetupProxy_sharedMemReq__E
0c235f00   ti_sysbios_BIOS_RtsGateProxy_enter__E
0c235f20   ti_sysbios_BIOS_RtsGateProxy_leave__E
0c235f40   ti_sysbios_BIOS_getThreadType__E
0c235f60   ti_sysbios_BIOS_setThreadType__E
0c235f80   ti_sysbios_family_c62_TaskSupport_Module__startupDone__S
0c235fa0   ti_sysbios_family_c62_TaskSupport_checkStack__E
0c235fc0   ti_sysbios_family_c62_TaskSupport_getStackAlignment__E
0c235fe0   ti_sysbios_family_c64p_EventCombiner_Module_startup__E
0c236000   ti_sysbios_family_c64p_EventCombiner_disableEvent__E
0c236020   ti_sysbios_family_c64p_EventCombiner_dispatch__E
0c236040   ti_sysbios_family_c64p_EventCombiner_enableEvent__E
0c236060   ti_sysbios_family_c64p_EventCombiner_unused__E
0c236080   ti_sysbios_family_c64p_Exception_Module_startup__E
0c2360a0   ti_sysbios_family_c64p_Hwi_Module__startupDone__S
0c2360c0   ti_sysbios_family_c64p_Hwi_Module_startup__E
0c2360e0   ti_sysbios_family_c64p_Hwi_clearInterrupt__E
0c236100   ti_sysbios_family_c64p_Hwi_disable__E
0c236120   ti_sysbios_family_c64p_Hwi_getHandle__E
0c236140   ti_sysbios_family_c64p_Hwi_restore__E
0c236160   ti_sysbios_family_c64p_Hwi_startup__E
0c236180   ti_sysbios_family_c64p_Hwi_switchFromBootStack__E
0c2361a0   ti_sysbios_family_c64p_Hwi_unPluggedInterrupt__I
0c2361c0   ti_sysbios_family_c64p_TimestampProvider_Module_startup__E
0c2361e0   ti_sysbios_family_c64p_TimestampProvider_Module_startup__F
0c236200   ti_sysbios_family_c64p_TimestampProvider_get32__E
0c236220   ti_sysbios_family_c64p_tci6488_TimerSupport_enable__E
0c236240   ti_sysbios_family_c66_Cache_Module_startup__E
0c236260   ti_sysbios_family_c66_Cache_inv__E
0c236280   ti_sysbios_family_c66_Cache_wbInv__E
0c2362a0   ti_sysbios_family_c66_Cache_wb__E
0c2362c0   ti_sysbios_family_c66_tci66xx_CpIntc_Module_startup__E
0c2362e0   ti_sysbios_family_c66_tci66xx_CpIntc_dispatch__E
0c236300   ti_sysbios_family_c66_tci66xx_CpIntc_enableAllHostInts__E
0c236320   ti_sysbios_family_c66_tci66xx_CpIntc_enableHostInt__E
0c236340   ti_sysbios_family_c66_tci66xx_CpIntc_enableHostInt__F
0c236360   ti_sysbios_family_c66_tci66xx_CpIntc_getEventId__E
0c236380   ti_sysbios_family_c66_tci66xx_CpIntc_getEventId__F
0c2363a0   ti_sysbios_family_c66_tci66xx_CpIntc_mapSysIntToHostInt__E
0c2363c0   ti_sysbios_family_c66_tci66xx_CpIntc_unused__E
0c2363e0   ti_sysbios_gates_GateAll_Instance_init__F
0c236400   ti_sysbios_gates_GateAll_query__E
0c236420   ti_sysbios_gates_GateAll_query__F
0c236440   ti_sysbios_gates_GateHwi_Instance_init__F
0c236460   ti_sysbios_gates_GateHwi_enter__E
0c236480   ti_sysbios_gates_GateHwi_leave__E
0c2364a0   ti_sysbios_gates_GateHwi_query__E
0c2364c0   ti_sysbios_gates_GateHwi_query__F
0c2364e0   ti_sysbios_gates_GateMutexPri_query__E
0c2364e0   ti_sysbios_xdcruntime_GateProcessSupport_query__F
0c2364e0   ti_sysbios_xdcruntime_GateThreadSupport_query__F
0c236500   ti_sysbios_gates_GateMutexPri_query__F
0c236520   ti_sysbios_gates_GateMutex_query__E
0c236540   ti_sysbios_gates_GateMutex_query__F
0c236560   ti_sysbios_gates_GateSwi_Instance_init__F
0c236580   ti_sysbios_gates_GateSwi_query__E
0c2365a0   ti_sysbios_gates_GateSwi_query__F
0c2365c0   ti_sysbios_hal_Cache_CacheProxy_wait__E
0c2365c0   ti_sysbios_hal_Cache_wait__E
0c2365e0   ti_sysbios_hal_Hwi_HwiProxy_Module__startupDone__S
0c236600   ti_sysbios_hal_Hwi_HwiProxy_clearInterrupt__E
0c236600   ti_sysbios_hal_Hwi_clearInterrupt__E
0c236620   ti_sysbios_hal_Hwi_HwiProxy_disableInterrupt__E
0c236620   ti_sysbios_hal_Hwi_disableInterrupt__E
0c236640   ti_sysbios_hal_Hwi_HwiProxy_enableInterrupt__E
0c236640   ti_sysbios_hal_Hwi_enableInterrupt__E
0c236660   ti_sysbios_hal_Hwi_HwiProxy_startup__E
0c236660   ti_sysbios_hal_Hwi_startup__E
0c236680   ti_sysbios_hal_Hwi_HwiProxy_switchFromBootStack__E
0c236680   ti_sysbios_hal_Hwi_switchFromBootStack__E
0c2366a0   ti_sysbios_hal_Hwi_Module_startup__E
0c2366c0   ti_sysbios_hal_Hwi_Module_startup__F
0c2366e0   ti_sysbios_hal_Timer_Module__startupDone__S
0c236700   ti_sysbios_hal_Timer_Module_startup__E
0c236720   ti_sysbios_hal_Timer_Module_startup__F
0c236740   ti_sysbios_hal_Timer_TimerProxy_Module__startupDone__S
0c236760   ti_sysbios_hal_Timer_TimerProxy_getExpiredCounts__E
0c236780   ti_sysbios_hal_Timer_TimerProxy_getPeriod__E
0c2367a0   ti_sysbios_hal_Timer_TimerProxy_setNextTick__E
0c2367c0   ti_sysbios_hal_Timer_TimerProxy_startup__E
0c2367c0   ti_sysbios_hal_Timer_startup__E
0c2367e0   ti_sysbios_heaps_HeapMem_Module_GateProxy_enter__E
0c236800   ti_sysbios_heaps_HeapMem_Module_GateProxy_leave__E
0c236820   ti_sysbios_heaps_HeapMem_Module_GateProxy_query__E
0c236840   ti_sysbios_heaps_HeapMem_isBlocking__E
0c236880   ti_sysbios_knl_Clock_Module_startup__E
0c2368a0   ti_sysbios_knl_Queue_Instance_init__F
0c2368c0   ti_sysbios_knl_Queue_empty__E
0c2368e0   ti_sysbios_knl_Swi_Module_startup__E
0c236900   ti_sysbios_knl_Swi_disable__E
0c236920   ti_sysbios_knl_Task_Module_startup__E
0c236940   ti_sysbios_knl_Task_SupportProxy_Module__startupDone__S
0c236960   ti_sysbios_knl_Task_SupportProxy_checkStack__E
0c236980   ti_sysbios_knl_Task_SupportProxy_getStackAlignment__E
0c2369a0   ti_sysbios_knl_Task_SupportProxy_start__E
0c2369c0   ti_sysbios_knl_Task_SupportProxy_swap__E
0c2369e0   ti_sysbios_knl_Task_disable__E
0c236a00   ti_sysbios_knl_Task_enable__E
0c236a20   ti_sysbios_knl_Task_getPri__E
0c236a40   ti_sysbios_knl_Task_self__E
0c236a60   ti_sysbios_syncs_SyncSem_query__E
0c236a80   ti_sysbios_syncs_SyncSem_query__F
0c236aa0   ti_sysbios_syncs_SyncSem_signal__E
0c236ac0   ti_sysbios_syncs_SyncSem_signal__F
0c236ae0   ti_sysbios_syncs_SyncSem_wait__E
0c236b00   ti_sysbios_timers_timer64_Timer_Module__startupDone__S
0c236b20   ti_sysbios_timers_timer64_Timer_Module_startup__E
0c236b40   ti_sysbios_timers_timer64_Timer_TimerSupportProxy_enable__E
0c236b60   ti_sysbios_timers_timer64_Timer_setNextTick__E
0c236b80   ti_sysbios_xdcruntime_GateThreadSupport_enter__E
0c236ba0   ti_sysbios_xdcruntime_GateThreadSupport_leave__E
0c236bc0   ti_sysbios_xdcruntime_GateThreadSupport_query__E
0c236c00   xdc_runtime_Error_check__E
0c236c20   xdc_runtime_Error_init__E
0c236c40   xdc_runtime_Error_print__E
0c236c60   xdc_runtime_GateNull_enter__E
0c236c80   xdc_runtime_GateNull_enter__F
0c236ca0   xdc_runtime_GateNull_leave__E
0c236cc0   xdc_runtime_GateNull_leave__F
0c236ce0   xdc_runtime_GateNull_query__E
0c236d00   xdc_runtime_GateNull_query__F
0c236d20   xdc_runtime_Gate_enterSystem__E
0c236d40   xdc_runtime_Gate_enterSystem__F
0c236d60   xdc_runtime_Gate_leaveSystem__E
0c236d80   xdc_runtime_Memory_HeapProxy_alloc__E
0c236da0   xdc_runtime_Memory_HeapProxy_free__E
0c236dc0   xdc_runtime_Memory_alloc__E
0c236de0   xdc_runtime_Memory_calloc__E
0c236e00   xdc_runtime_Memory_free__E
0c236e20   xdc_runtime_Memory_getMaxDefaultTypeAlign__E
0c236e40   xdc_runtime_Memory_getMaxDefaultTypeAlign__F
0c236e60   xdc_runtime_Registry_findById__E
0c236e80   xdc_runtime_Startup_Module__startupDone__S
0c236ea0   xdc_runtime_Startup_exec__E
0c236ec0   xdc_runtime_Startup_reset__I
0c236ee0   xdc_runtime_Startup_rtsDone__E
0c236f00   xdc_runtime_Startup_rtsDone__F
0c236f20   xdc_runtime_SysStd_abort__E
0c236f40   xdc_runtime_SysStd_exit__E
0c236f60   xdc_runtime_SysStd_exit__F
0c236f80   xdc_runtime_SysStd_putch__E
0c236fa0   xdc_runtime_SysStd_putch__F
0c236fc0   xdc_runtime_SysStd_ready__E
0c236fe0   xdc_runtime_SysStd_ready__F
0c237000   xdc_runtime_System_Module_GateProxy_enter__E
0c237020   xdc_runtime_System_Module_GateProxy_leave__E
0c237040   xdc_runtime_System_Module_startup__E
0c237060   xdc_runtime_System_Module_startup__F
0c237080   xdc_runtime_System_SupportProxy_abort__E
0c2370a0   xdc_runtime_System_SupportProxy_exit__E
0c2370c0   xdc_runtime_System_SupportProxy_putch__E
0c2370e0   xdc_runtime_System_SupportProxy_ready__E
0c237100   xdc_runtime_System_abort__E
0c237120   xdc_runtime_System_atexit__E
0c237140   xdc_runtime_System_exit__E
0c237160   xdc_runtime_System_exit__F
0c237180   xdc_runtime_System_lastFxn__I
0c2371a0   xdc_runtime_System_vsprintf__E
0c2371c0   xdc_runtime_System_sprintf_va__F
0c2371c0   xdc_runtime_System_vsprintf__F
0c2371e0   xdc_runtime_Text_cordText__E
0c237200   xdc_runtime_Text_putLab__E
0c237220   xdc_runtime_Text_putSite__E
0c237240   xdc_runtime_Text_ropeText__E
0c237260   xdc_runtime_Timestamp_SupportProxy_get32__E
0c237260   xdc_runtime_Timestamp_get32__F
0c237280   xdc_runtime_Timestamp_get32__E
0c2372a0   xdc_runtime_knl_GateThread_Module__startupDone__S
0c2372c0   xdc_runtime_knl_GateThread_Proxy_Object__delete__S
0c2372e0   xdc_runtime_knl_GateThread_Proxy_enter__E
0c237300   xdc_runtime_knl_GateThread_Proxy_leave__E
0c237320   xdc_runtime_knl_GateThread_Proxy_query__E
0c237320   xdc_runtime_knl_GateThread_query__F
0c237340   xdc_runtime_knl_GateThread_enter__E
0c237360   xdc_runtime_knl_GateThread_enter__F
0c237380   xdc_runtime_knl_GateThread_leave__E
0c2373a0   xdc_runtime_knl_GateThread_leave__F
0c2373c0   xdc_runtime_knl_GateThread_query__E
0c237400   ti_sysbios_family_c64p_Hwi0
0c237420   ti_sysbios_family_c64p_Hwi1
0c237440   ti_sysbios_family_c64p_Hwi2
0c237460   ti_sysbios_family_c64p_Hwi3
0c237480   ti_sysbios_family_c64p_Hwi4
0c2374a0   ti_sysbios_family_c64p_Hwi5
0c2374c0   ti_sysbios_family_c64p_Hwi6
0c2374e0   ti_sysbios_family_c64p_Hwi7
0c237500   ti_sysbios_family_c64p_Hwi8
0c237520   ti_sysbios_family_c64p_Hwi9
0c237540   ti_sysbios_family_c64p_Hwi10
0c237560   ti_sysbios_family_c64p_Hwi11
0c237580   ti_sysbios_family_c64p_Hwi12
0c2375a0   ti_sysbios_family_c64p_Hwi13
0c2375c0   ti_sysbios_family_c64p_Hwi14
0c2375e0   ti_sysbios_family_c64p_Hwi15
80200000   inData
80a00000   outData
81200000   workBufExternal
81a00000   testData
ffffffff   __TI_pprof_out_hndl
ffffffff   __TI_prof_data_size
ffffffff   __TI_prof_data_start
ffffffff   __binit__
ffffffff   __c_args__
ffffffff   binit

[1539 symbols]
