******************************************************************************
               TMS320C6x Linker PC v7.3.5                      
******************************************************************************
>> Linked Tue Sep 18 09:43:25 2012

OUTPUT FILE NAME:   <IpcMulticoreNavigator.out>
ENTRY POINT SYMBOL: "_c_int00"  address: 00827820


MEMORY CONFIGURATION

         name            origin    length      used     unused   attr    fill
----------------------  --------  ---------  --------  --------  ----  --------
  L2SRAM                00800000   00080000  00042729  0003d8d7  RW X
  MSMCSRAM              0c000000   00400000  00242600  001bda00  RW X
  DDR3                  80000000   20000000  00000000  20000000  RWIX


SEGMENT ALLOCATION MAP

run origin  load origin   length   init length attrs members
----------  ----------- ---------- ----------- ----- -------
00800000    00800000    0002e700   0002e700    r-x
  00800000    00800000    0002e700   0002e700    r-x .text
0082e700    0082e700    0000a828   00000000    rw-
  0082e700    0082e700    0000a828   00000000    rw- .far.1
00838f30    00838f30    00000428   00000000    rw-
  00838f30    00838f30    00000428   00000000    rw- .far.2
00839360    00839360    000000a0   00000000    rw-
  00839360    00839360    000000a0   00000000    rw- .far.3
00839400    00839400    00004eee   00004eee    r--
  00839400    00839400    00004eee   00004eee    r-- .const
0083e2f0    0083e2f0    00001e78   00001e78    rw-
  0083e2f0    0083e2f0    00001e78   00001e78    rw- .fardata.1
00840170    00840170    00000018   00000018    rw-
  00840170    00840170    00000018   00000018    rw- .fardata.2
00840190    00840190    00000014   00000014    rw-
  00840190    00840190    00000014   00000014    rw- .fardata.3
008401b0    008401b0    00000014   00000014    rw-
  008401b0    008401b0    00000014   00000014    rw- .fardata.4
008401d0    008401d0    00000048   00000048    rw-
  008401d0    008401d0    00000048   00000048    rw- .fardata.5
00840220    00840220    00000008   00000008    rw-
  00840220    00840220    00000008   00000008    rw- .fardata.6
00840230    00840230    00000004   00000004    rw-
  00840230    00840230    00000004   00000004    rw- .fardata.7
00840240    00840240    00000004   00000004    rw-
  00840240    00840240    00000004   00000004    rw- .fardata.8
00840250    00840250    00000004   00000004    rw-
  00840250    00840250    00000004   00000004    rw- .fardata.9
00840260    00840260    00000004   00000004    rw-
  00840260    00840260    00000004   00000004    rw- .fardata.10
00840270    00840270    00000004   00000004    rw-
  00840270    00840270    00000004   00000004    rw- .fardata.11
00840280    00840280    00000004   00000004    rw-
  00840280    00840280    00000004   00000004    rw- .fardata.12
00840290    00840290    00000004   00000004    rw-
  00840290    00840290    00000004   00000004    rw- .fardata.13
008402a0    008402a0    00000004   00000004    rw-
  008402a0    008402a0    00000004   00000004    rw- .fardata.14
008402b0    008402b0    00000004   00000004    rw-
  008402b0    008402b0    00000004   00000004    rw- .fardata.15
008402c0    008402c0    00000004   00000004    rw-
  008402c0    008402c0    00000004   00000004    rw- .fardata.16
008402d0    008402d0    00000004   00000004    rw-
  008402d0    008402d0    00000004   00000004    rw- .fardata.17
008402e0    008402e0    00000002   00000002    rw-
  008402e0    008402e0    00000002   00000002    rw- .fardata.18
008402e8    008402e8    00001000   00000000    rw-
  008402e8    008402e8    00001000   00000000    rw- .stack
008412e8    008412e8    000000f8   000000f8    r--
  008412e8    008412e8    000000f8   000000f8    r-- .switch.1
00841400    00841400    00000270   00000270    r-x
  00841400    00841400    00000200   00000200    r-x .vecs
  00841600    00841600    00000070   00000070    r-- .switch.2
00841670    00841670    00000126   00000000    rw-
  00841670    00841670    00000120   00000000    rw- .cio
  00841790    00841790    00000006   00000000    rw- .bss
00841798    00841798    00000025   00000025    rw-
  00841798    00841798    00000025   00000025    rw- .neardata
008417c0    008417c0    00001060   00001060    r--
  008417c0    008417c0    00001060   00001060    r-- .cinit
0c200000    0c200000    00042600   00000000    rw-
  0c200000    0c200000    00040000   00000000    rw- .desc
  0c240000    0c240000    00002400   00000000    rw- .qmss
  0c242400    0c242400    00000200   00000000    rw- .cppi


SECTION ALLOCATION MAP

 output                                  attributes/
section   page    origin      length       input sections
--------  ----  ----------  ----------   ----------------
.init_array 
*          0    00800000    00000000     UNINITIALIZED

xdc.meta   0    00800000    00000148     COPY SECTION
                  00800000    00000148     IpcMulticoreNavigator_pe66.oe66 (xdc.meta)

.text      0    00800000    0002e700     
                  00800000    00001220     ipc.lib : Ipc.obj (.text:ti_sdo_ipc_GateMP_Instance_init__F)
                  00801220    00000fe0     ti.transport.ipc.qmss.transports.ae66 : TransportQmss.oe66 (.text:ti_transport_ipc_qmss_transports_TransportQmss_Instance_init__F)
                  00802200    00000a60     ipc.lib : Ipc.obj (.text:ti_sdo_ipc_heaps_HeapMemMP_alloc__E)
                  00802c60    000009e0             : Ipc.obj (.text:ti_sdo_ipc_heaps_HeapMemMP_free__E)
                  00803640    000009a0             : Ipc.obj (.text:Ipc_attach)
                  00803fe0    000009a0     ti.targets.rts6000.ae66 : System.oe66 (.text:xdc_runtime_System_doPrint__I)
                  00804980    00000880     ipc.lib : Ipc.obj (.text:ti_sdo_ipc_ListMP_Instance_init__F)
                  00805200    00000860             : Ipc.obj (.text:ti_sdo_ipc_GateMP_Instance_finalize__F)
                  00805a60    00000840             : Ipc.obj (.text:MessageQ_put)
                  008062a0    00000820             : Ipc.obj (.text:ti_sdo_ipc_heaps_HeapBufMP_Instance_init__F)
                  00806ac0    00000800             : Ipc.obj (.text:ti_sdo_ipc_heaps_HeapBufMP_postInit__I)
                  008072c0    000007e0     ti.drv.qmss.ae66 : qmss_drv.oe66 (.text:Qmss_insertMemoryRegion)
                  00807aa0    00000780     ipc.lib : Ipc.obj (.text:ti_sdo_ipc_heaps_HeapMemMP_Instance_init__F)
                  00808220    00000780     sysbios.lib : BIOS.obj (.text:ti_sysbios_family_c64p_Exception_handler__I)
                  008089a0    00000720     InterProcessorCommunication.obj (.text)
                  008090c0    000006c0     ipc.lib : Ipc.obj (.text:ti_sdo_ipc_nsremote_NameServerRemoteNotify_Instance_init__F)
                  00809780    000006c0     ti.transport.ipc.qmss.transports.ae66 : TransportQmss.oe66 (.text:ti_transport_ipc_qmss_transports_TransportQmss_Instance_finalize__F)
                  00809e40    000006a0     ipc.lib : Ipc.obj (.text:NameServer_add)
                  0080a4e0    00000660     sysbios.lib : BIOS.obj (.text:ti_sysbios_heaps_HeapMem_free__E)
                  0080ab40    00000620     ipc.lib : Ipc.obj (.text:Notify_sendEvent)
                  0080b160    00000620     sysbios.lib : BIOS.obj (.text:ti_sysbios_heaps_HeapMem_alloc__E)
                  0080b780    000005e0     ipc.lib : Ipc.obj (.text:Ipc_readConfig)
                  0080bd60    000005e0             : Ipc.obj (.text:Notify_registerEventSingle)
                  0080c340    000005c0             : Ipc.obj (.text:ListMP_getHead)
                  0080c900    000005c0             : Ipc.obj (.text:Notify_unregisterEventSingle)
                  0080cec0    000005c0             : Ipc.obj (.text:ti_sdo_ipc_SharedRegion_start__F)
                  0080d480    000005a0     sysbios.lib : BIOS.obj (.text:ti_sysbios_timers_timer64_Timer_Module_startup__F)
                  0080da20    00000580     ipc.lib : Ipc.obj (.text:ti_sdo_ipc_nsremote_NameServerRemoteNotify_get__F)
                  0080dfa0    00000560     IpcMulticoreNavigator_osal.obj (.text)
                  0080e500    00000560     ipc.lib : Ipc.obj (.text:MessageQ_free)
                  0080ea60    00000560             : Ipc.obj (.text:NameServer_get)
                  0080efc0    00000540             : Ipc.obj (.text:ti_sdo_ipc_Ipc_procSyncStart__I)
                  0080f500    00000500     sysbios.lib : BIOS.obj (.text:ti_sysbios_knl_Task_Instance_finalize__F)
                  0080fa00    000004e0     ipc.lib : Ipc.obj (.text:ti_sdo_ipc_notifyDrivers_NotifyDriverShm_Instance_init__F)
                  0080fee0    000004a0             : Ipc.obj (.text:HeapBufMP_sharedMemReq)
                  00810380    000004a0             : Ipc.obj (.text:ti_sdo_ipc_gates_GatePeterson_Instance_init__F)
                  00810820    000004a0             : Ipc.obj (.text:ti_sdo_ipc_nsremote_NameServerRemoteNotify_swiFxn__I)
                  00810cc0    00000480     sysbios.lib : BIOS.obj (.text:ti_sysbios_knl_Task_Module_startup__F)
                  00811140    00000460     ipc.lib : Ipc.obj (.text:ti_sdo_ipc_GateMP_setRegion0Reserved__F)
                  008115a0    00000460             : Ipc.obj (.text:ti_sdo_ipc_Ipc_procSyncFinish__I)
                  00811a00    00000460             : Ipc.obj (.text:ti_sdo_ipc_MessageQ_Instance_init__F)
                  00811e60    00000440             : Ipc.obj (.text:ListMP_putTail)
                  008122a0    00000440             : Ipc.obj (.text:ti_sdo_ipc_heaps_HeapMemMP_getStats__E)
                  008126e0    00000440             : Ipc.obj (.text:ti_sdo_ipc_heaps_HeapMemMP_postInit__I)
                  00812b20    00000400             : Ipc.obj (.text:ti_sdo_ipc_Notify_Instance_init__F)
                  00812f20    00000400     sysbios.lib : BIOS.obj (.text:ti_sysbios_knl_Semaphore_pend__E)
                  00813320    00000400     ti.transport.ipc.qmss.transports.ae66 : TransportQmss.oe66 (.text:ti_transport_ipc_qmss_transports_TransportQmss_Qpend_isr__I)
                  00813720    000003e0     ti.drv.cppi.ae66 : cppi_desc.oe66 (.text:Cppi_initDescriptor)
                  00813b00    000003e0     ti.transport.ipc.qmss.transports.ae66 : TransportQmss.oe66 (.text:ti_transport_ipc_qmss_transports_TransportQmss_Accumulator_isr__I)
                  00813ee0    000003c0     ipc.lib : Ipc.obj (.text:ti_sdo_ipc_SharedRegion_reserveMemory__F)
                  008142a0    000003c0     sysbios.lib : BIOS.obj (.text:ti_sysbios_knl_Swi_schedule__I)
                  00814660    000003c0                 : BIOS.obj (.text:ti_sysbios_knl_Task_Instance_init__F)
                  00814a20    000003c0                 : BIOS.obj (.text:ti_sysbios_knl_Task_setPri__E)
                  00814de0    00000380     ipc.lib : Ipc.obj (.text:HeapMemMP_sharedMemReq)
                  00815160    00000380             : Ipc.obj (.text:MessageQ_alloc)
                  008154e0    00000380     ti.transport.ipc.qmss.transports.ae66 : TransportQmss.oe66 (.text:ti_transport_ipc_qmss_transports_TransportQmss_put__E)
                  00815860    00000360     IpcMulticoreNavigator_pe66.oe66 (.text:xdc_runtime_System_printfExtend__I)
                  00815bc0    00000340     ipc.lib : Ipc.obj (.text:GateMP_sharedMemReq)
                  00815f00    00000340     ti.drv.qmss.ae66 : qmss_drv.oe66 (.text:Qmss_init)
                  00816240    00000340     sysbios.lib : BIOS.obj (.text:ti_sysbios_knl_Swi_restoreHwi__E)
                  00816580    00000320     ipc.lib : Ipc.obj (.text:HeapBufMP_open)
                  008168a0    00000300     sysbios.lib : BIOS.obj (.text:ti_sysbios_family_c64p_Hwi_dispatchC__I)
                  00816ba0    000002e0     ipc.lib : Ipc.obj (.text:GateMP_openByAddr)
                  00816e80    000002e0             : Ipc.obj (.text:SharedRegion_getEntry)
                  00817160    000002e0             : Ipc.obj (.text:SharedRegion_getPtr)
                  00817440    000002e0             : Ipc.obj (.text:ti_sdo_ipc_heaps_HeapBufMP_free__E)
                  00817720    000002e0     sysbios.lib : BIOS.obj (.text:ti_sysbios_gates_GateMutexPri_enter__E)
                  00817a00    000002c0     ipc.lib : Ipc.obj (.text:Ipc_writeConfig)
                  00817cc0    000002c0             : Ipc.obj (.text:MessageQ_open)
                  00817f80    000002c0             : Ipc.obj (.text:ti_sdo_ipc_notifyDrivers_NotifyDriverShm_isr__I)
                  00818240    000002a0             : Ipc.obj (.text:Ipc_start)
                  008184e0    000002a0             : Ipc.obj (.text:NameServer_getLocal)
                  00818780    000002a0             : Ipc.obj (.text:ti_sdo_ipc_heaps_HeapBufMP_Instance_finalize__F)
                  00818a20    000002a0     sysbios.lib : BIOS.obj (.text:ti_sysbios_family_c66_tci66xx_CpIntc_Module_startup__F)
                  00818cc0    000002a0                 : BIOS.obj (.text:ti_sysbios_knl_Clock_workFunc__E)
                  00818f60    000002a0                 : BIOS.obj (.text:ti_sysbios_knl_Task_sleep__E)
                  00819200    00000280     ipc.lib : Ipc.obj (.text:SharedRegion_getSRPtr)
                  00819480    00000280     sysbios.lib : BIOS.obj (.text:deviceConfig$44)
                  00819700    00000280     ipc.lib : Ipc.obj (.text:ti_sdo_ipc_notifyDrivers_NotifyDriverShm_sharedMemReq__F)
                  00819980    00000280     sysbios.lib : BIOS.obj (.text:ti_sysbios_knl_Clock_Instance_init__F)
                  00819c00    00000280                 : BIOS.obj (.text:ti_sysbios_knl_Task_exit__E)
                  00819e80    00000280     ti.targets.rts6000.ae66 : Core-mem.oe66 (.text:xdc_runtime_Core_createObject__I)
                  0081a100    00000280                             : Error.oe66 (.text:xdc_runtime_Error_raiseX__F)
                  0081a380    00000260     ipc.lib : Ipc.obj (.text:ListMP_sharedMemReq)
                  0081a5e0    00000260             : Ipc.obj (.text:ti_sdo_ipc_ListMP_Instance_finalize__F)
                  0081a840    00000260             : Ipc.obj (.text:ti_sdo_ipc_heaps_HeapMemMP_Instance_finalize__F)
                  0081aaa0    00000260             : Ipc.obj (.text:ti_sdo_ipc_notifyDrivers_NotifyDriverShm_disableEvent__E)
                  0081ad00    00000260     ti.targets.rts6000.ae66 : Startup.oe66 (.text:xdc_runtime_Startup_startMods__I)
                  0081af60    00000240     rts6600_elf.lib : imath64.obj (.text:__c6xabi_divull)
                  0081b1a0    00000240     ipc.lib : Ipc.obj (.text:ti_sdo_ipc_MessageQ_Instance_finalize__F)
                  0081b3e0    00000240     sysbios.lib : BIOS.obj (.text:ti_sysbios_family_c64p_Exception_internalHandler__I)
                  0081b620    00000220     ipc.lib : Ipc.obj (.text:MessageQ_get)
                  0081b840    00000220     sysbios.lib : BIOS.obj (.text:ti_sysbios_knl_Task_schedule__I)
                  0081ba60    00000220                 : BIOS.obj (.text:ti_sysbios_knl_Task_startup__E)
                  0081bc80    00000200     ipc.lib : Ipc.obj (.text:GateMP_enter)
                  0081be80    00000200             : Ipc.obj (.text:GateMP_leave)
                  0081c080    00000200             : Ipc.obj (.text:ListMP_openByAddr)
                  0081c280    00000200     ti.drv.qmss.ae66 : qmss_drv.oe66 (.text:Qmss_internalQueueOpen)
                  0081c480    00000200                      : qmss_acc.oe66 (.text:Qmss_programAccumulator)
                  0081c680    00000200     sysbios.lib : c64p_Hwi_disp_always.obj (.text:_ti_sysbios_family_c64p_Hwi_dispatchAlways)
                  0081c880    00000200                 : BIOS.obj (.text:block$54)
                  0081ca80    00000200     ti.drv.cppi.ae66 : cppi_heap.oe66 (.text:cppi_internal_heap_add)
                  0081cc80    00000200     ipc.lib : Ipc.obj (.text:ti_sdo_ipc_family_c647x_MultiProcSetup_init__I)
                  0081ce80    00000200             : Ipc.obj (.text:ti_sdo_ipc_heaps_HeapBufMP_alloc__E)
                  0081d080    00000200             : Ipc.obj (.text:ti_sdo_ipc_notifyDrivers_NotifyDriverShm_sendEvent__E)
                  0081d280    00000200     sysbios.lib : BIOS.obj (.text:ti_sysbios_family_c64p_Hwi_reconfig__E)
                  0081d480    000001e0     ipc.lib : Ipc.obj (.text:ti_sdo_ipc_GateMP_attach__F)
                  0081d660    000001e0             : Ipc.obj (.text:ti_sdo_ipc_GateMP_getFreeResource__I)
                  0081d840    000001e0     sysbios.lib : BIOS.obj (.text:ti_sysbios_knl_Task_postInit__I)
                  0081da20    000001e0                 : BIOS.obj (.text:ti_sysbios_timers_timer64_Timer_getFreq__E)
                  0081dc00    000001c0     ti.drv.cppi.ae66 : cppi_drv.oe66 (.text:Cppi_initCfg)
                  0081ddc0    000001c0     ipc.lib : Ipc.obj (.text:HeapBufMP_openByAddr)
                  0081df80    000001c0             : Ipc.obj (.text:HeapMemMP_openByAddr)
                  0081e140    000001c0     ti.drv.qmss.ae66 : qmss_drv.oe66 (.text:Qmss_internaldownloadFirmware)
                  0081e300    000001c0     ipc.lib : Ipc.obj (.text:ti_sdo_ipc_notifyDrivers_NotifyDriverShm_registerEvent__E)
                  0081e4c0    000001c0     sysbios.lib : BIOS.obj (.text:ti_sysbios_knl_Swi_Instance_init__F)
                  0081e680    000001c0                 : BIOS.obj (.text:ti_sysbios_knl_Task_checkStacks__E)
                  0081e840    000001c0                 : BIOS.obj (.text:ti_sysbios_timers_timer64_Timer_setPeriodMicroSecs__E)
                  0081ea00    000001a0     rts6600_elf.lib : trgdrv.obj (.text:HOSTrename)
                  0081eba0    000001a0     ipc.lib : Ipc.obj (.text:SharedRegion_getCacheLineSize)
                  0081ed40    000001a0             : Ipc.obj (.text:SharedRegion_getHeap)
                  0081eee0    000001a0             : Ipc.obj (.text:SharedRegion_isCacheEnabled)
                  0081f080    000001a0             : Ipc.obj (.text:ti_sdo_ipc_GateMP_openRegion0Reserved__F)
                  0081f220    000001a0             : Ipc.obj (.text:ti_sdo_ipc_notifyDrivers_NotifyDriverShm_enableEvent__E)
                  0081f3c0    000001a0             : Ipc.obj (.text:ti_sdo_ipc_notifyDrivers_NotifyDriverShm_unregisterEvent__E)
                  0081f560    000001a0             : Ipc.obj (.text:ti_sdo_ipc_nsremote_NameServerRemoteNotify_attach__E)
                  0081f700    000001a0     sysbios.lib : BIOS.obj (.text:ti_sysbios_family_c66_tci66xx_CpIntc_dispatch__F)
                  0081f8a0    000001a0                 : BIOS.obj (.text:ti_sysbios_gates_GateMutex_enter__E)
                  0081fa40    000001a0                 : BIOS.obj (.text:ti_sysbios_timers_timer64_Timer_start__E)
                  0081fbe0    00000180     ipc.lib : Ipc.obj (.text:MultiProc_getName)
                  0081fd60    00000180             : Ipc.obj (.text:MultiProc_setLocalId)
                  0081fee0    00000180             : Ipc.obj (.text:Notify_intLineRegistered)
                  00820060    00000180     rts6600_elf.lib : copy_decompress_rle.obj (.text:__TI_decompress_rle_core)
                  008201e0    00000180                     : setvbuf.obj (.text:setvbuf)
                  00820360    00000180     sysbios.lib : c64p_Exception_asm.obj (.text)
                  008204e0    00000180     ipc.lib : Ipc.obj (.text:ti_sdo_ipc_MessageQ_registerTransport__F)
                  00820660    00000180             : Ipc.obj (.text:ti_sdo_ipc_Notify_Module_startup__F)
                  008207e0    00000180             : Ipc.obj (.text:ti_sdo_ipc_gates_GatePeterson_enter__E)
                  00820960    00000180             : Ipc.obj (.text:ti_sdo_utils_NameServer_Module_startup__F)
                  00820ae0    00000180     sysbios.lib : BIOS.obj (.text:ti_sysbios_heaps_HeapMem_Instance_init__F)
                  00820c60    00000180                 : BIOS.obj (.text:ti_sysbios_knl_Semaphore_post__E)
                  00820de0    00000180                 : BIOS.obj (.text:ti_sysbios_knl_Task_unblockI__E)
                  00820f60    00000180     ti.targets.rts6000.ae66 : Text.oe66 (.text:xdc_runtime_Text_putSite__F)
                  008210e0    00000160     ipc.lib : Ipc.obj (.text:ti_sdo_ipc_GateMP_createLocal__F)
                  00821240    00000160             : Ipc.obj (.text:ti_sdo_ipc_MessageQ_unregisterTransport__F)
                  008213a0    00000160             : Ipc.obj (.text:ti_sdo_ipc_gates_GateHWSem_Instance_init__F)
                  00821500    00000160             : Ipc.obj (.text:ti_sdo_utils_NameServer_isRegistered__E)
                  00821660    00000160             : Ipc.obj (.text:ti_sdo_utils_NameServer_registerRemoteDriver__E)
                  008217c0    00000160             : Ipc.obj (.text:ti_sdo_utils_NameServer_unregisterRemoteDriver__E)
                  00821920    00000160     sysbios.lib : BIOS.obj (.text:ti_sysbios_syncs_SyncSem_Instance_init__F)
                  00821a80    00000140     ti.csl.ae66 : csl_chip.oe66 (.text:CSL_chipReadReg)
                  00821bc0    00000140     ipc.lib : Ipc.obj (.text:GateMP_close)
                  00821d00    00000140             : Ipc.obj (.text:MessageQ_registerHeap)
                  00821e40    00000140             : Ipc.obj (.text:Notify_attach)
                  00821f80    00000140     boot.ae66 : autoinit.oe66 (.text:_auto_init_elf)
                  008220c0    00000140     rts6600_elf.lib : fputc.obj (.text:fputc)
                  00822200    00000140                     : lowlev.obj (.text:getdevice)
                  00822340    00000140     ipc.lib : Ipc.obj (.text:ti_sdo_ipc_Notify_exec__F)
                  00822480    00000140     sysbios.lib : BIOS.obj (.text:ti_sysbios_family_c64p_Hwi_Module_startup__F)
                  008225c0    00000140                 : BIOS.obj (.text:ti_sysbios_family_c66_Cache_Module_startup__F)
                  00822700    00000140                 : BIOS.obj (.text:ti_sysbios_gates_GateSwi_enter__E)
                  00822840    00000140                 : BIOS.obj (.text:ti_sysbios_knl_Clock_Instance_finalize__F)
                  00822980    00000140                 : BIOS.obj (.text:ti_sysbios_knl_Semaphore_Instance_init__F)
                  00822ac0    00000140                 : BIOS.obj (.text:ti_sysbios_knl_Swi_post__E)
                  00822c00    00000140                 : BIOS.obj (.text:ti_sysbios_knl_Task_blockI__E)
                  00822d40    00000140                 : BIOS.obj (.text:ti_sysbios_knl_Task_yield__E)
                  00822e80    00000120     ti.drv.qmss.ae66 : qmss_acc.oe66 (.text:Qmss_disableAccumulator)
                  00822fa0    00000120     rts6600_elf.lib : imath64.obj (.text:__c6xabi_divlli)
                  008230c0    00000120                     : _io_perm.obj (.text:_wrt_ok)
                  008231e0    00000120                     : fclose.obj (.text:fclose)
                  00823300    00000120     sysbios.lib : BIOS.obj (.text:rtsUnlock$0)
                  00823420    00000120     ipc.lib : Ipc.obj (.text:ti_sdo_ipc_MessageQ_Module_startup__F)
                  00823540    00000120             : Ipc.obj (.text:ti_sdo_ipc_family_c647x_Interrupt_intRegister__E)
                  00823660    00000120             : Ipc.obj (.text:ti_sdo_ipc_nsremote_NameServerRemoteNotify_Instance_finalize__F)
                  00823780    00000120     sysbios.lib : BIOS.obj (.text:ti_sysbios_xdcruntime_GateThreadSupport_leave__F)
                  008238a0    00000120     ti.targets.rts6000.ae66 : Text.oe66 (.text:xdc_runtime_Text_putLab__F)
                  008239c0    00000100     rts6600_elf.lib : trgdrv.obj (.text:HOSTlseek)
                  00823ac0    00000100                     : fflush.obj (.text:fflush)
                  00823bc0    00000100     sysbios.lib : BIOS.obj (.text:initDevice$44)
                  00823cc0    00000100     ipc.lib : Ipc.obj (.text:ti_sdo_ipc_GateMP_start__F)
                  00823dc0    00000100             : Ipc.obj (.text:ti_sdo_ipc_Notify_Instance_finalize__F)
                  00823ec0    00000100             : Ipc.obj (.text:ti_sdo_ipc_SharedRegion_attach__F)
                  00823fc0    00000100             : Ipc.obj (.text:ti_sdo_ipc_SharedRegion_clearReservedMemory__F)
                  008240c0    00000100             : Ipc.obj (.text:ti_sdo_ipc_family_c647x_Interrupt_Module_startup__F)
                  008241c0    00000100             : Ipc.obj (.text:ti_sdo_ipc_gates_GateHWSem_Module_startup__F)
                  008242c0    00000100             : Ipc.obj (.text:ti_sdo_ipc_gates_GateMPSupportNull_enter__E)
                  008243c0    00000100             : Ipc.obj (.text:ti_sdo_ipc_gates_GateMPSupportNull_leave__E)
                  008244c0    00000100     sysbios.lib : BIOS.obj (.text:ti_sysbios_gates_GateMutexPri_leave__E)
                  008245c0    00000100                 : BIOS.obj (.text:ti_sysbios_knl_Clock_startI__E)
                  008246c0    00000100     ti.targets.rts6000.ae66 : Core-mem.oe66 (.text:xdc_runtime_Core_deleteObject__I)
                  008247c0    00000100                             : Startup.oe66 (.text:xdc_runtime_Startup_exec__F)
                  008248c0    00000100                             : Text.oe66 (.text:xdc_runtime_Text_putMod__F)
                  008249c0    00000100                             : Text.oe66 (.text:xdc_runtime_Text_visitRope2__I)
                  00824ac0    000000e0     rts6600_elf.lib : trgdrv.obj (.text:HOSTopen)
                  00824ba0    000000e0     ipc.lib : Ipc.obj (.text:HeapBufMP_create)
                  00824c80    000000e0     rts6600_elf.lib : lowlev.obj (.text:close)
                  00824d60    000000e0                     : copy_zero_init.obj (.text:decompress:ZI:__TI_zero_init)
                  00824e40    000000e0                     : exit.obj (.text:exit)
                  00824f20    000000e0                     : memset.obj (.text:memset)
                  00825000    000000e0     IpcMulticoreNavigator_pe66.oe66 (.text:ti_sdo_ipc_Notify_Object__create__S)
                  008250e0    000000e0     ipc.lib : Ipc.obj (.text:ti_sdo_ipc_family_c647x_NotifySetup_attach__E)
                  008251c0    000000e0             : Ipc.obj (.text:ti_sdo_ipc_gates_GateHWSem_enter__E)
                  008252a0    000000e0             : Ipc.obj (.text:ti_sdo_ipc_heaps_HeapBufMP_getStats__F)
                  00825380    000000e0     IpcMulticoreNavigator_pe66.oe66 (.text:ti_sysbios_family_c64p_Hwi_Object__create__S)
                  00825460    000000e0     sysbios.lib : BIOS.obj (.text:ti_sysbios_knl_Clock_start__E)
                  00825540    000000e0                 : BIOS.obj (.text:ti_sysbios_timers_timer64_Timer_startup__E)
                  00825620    000000e0     ti.targets.rts6000.ae66 : Error.oe66 (.text:xdc_runtime_Error_print__F)
                  00825700    000000e0                             : Memory.oe66 (.text:xdc_runtime_Memory_alloc__F)
                  008257e0    000000c0     rts6600_elf.lib : trgdrv.obj (.text:HOSTread)
                  008258a0    000000c0                     : trgdrv.obj (.text:HOSTunlink)
                  00825960    000000c0                     : trgdrv.obj (.text:HOSTwrite)
                  00825a20    000000c0     ipc.lib : Ipc.obj (.text:HeapMemMP_create)
                  00825ae0    000000c0             : Ipc.obj (.text:ListMP_create)
                  00825ba0    000000c0     ti.drv.qmss.ae66 : qmss_drv.oe66 (.text:Qmss_setEoiVector)
                  00825c60    000000c0     rts6600_elf.lib : dtor_list.obj (.text:__cxa_finalize)
                  00825d20    000000c0                     : divu.obj (.text:__divu)
                  00825de0    000000c0                     : fopen.obj (.text:_cleanup)
                  00825ea0    000000c0                     : fflush.obj (.text:_doflush)
                  00825f60    000000c0                     : fseek.obj (.text:fseek)
                  00826020    000000c0                     : lowlev.obj (.text:lseek)
                  008260e0    000000c0     IpcMulticoreNavigator_pe66.oe66 (.text:ti_sdo_ipc_GateMP_Object__create__S)
                  008261a0    000000c0     ipc.lib : Ipc.obj (.text:ti_sdo_ipc_GateMP_getRegion0ReservedSize__F)
                  00826260    000000c0     IpcMulticoreNavigator_pe66.oe66 (.text:ti_sdo_ipc_ListMP_Object__create__S)
                  00826320    000000c0     IpcMulticoreNavigator_pe66.oe66 (.text:ti_sdo_ipc_MessageQ_Object__create__S)
                  008263e0    000000c0     ipc.lib : Ipc.obj (.text:ti_sdo_ipc_family_c647x_Interrupt_intShmStub__I)
                  008264a0    000000c0     IpcMulticoreNavigator_pe66.oe66 (.text:ti_sdo_ipc_gates_GatePeterson_Object__create__S)
                  00826560    000000c0     IpcMulticoreNavigator_pe66.oe66 (.text:ti_sdo_ipc_heaps_HeapBufMP_Object__create__S)
                  00826620    000000c0     IpcMulticoreNavigator_pe66.oe66 (.text:ti_sdo_ipc_heaps_HeapMemMP_Object__create__S)
                  008266e0    000000c0     IpcMulticoreNavigator_pe66.oe66 (.text:ti_sdo_ipc_notifyDrivers_NotifyDriverShm_Object__create__S)
                  008267a0    000000c0     IpcMulticoreNavigator_pe66.oe66 (.text:ti_sdo_ipc_nsremote_NameServerRemoteNotify_Object__create__S)
                  00826860    000000c0     sysbios.lib : BIOS.obj (.text:ti_sysbios_BIOS_errorRaiseHook__I)
                  00826920    000000c0                 : BIOS.obj (.text:ti_sysbios_family_c64p_Hwi_Instance_init__F)
                  008269e0    000000c0                 : BIOS.obj (.text:ti_sysbios_gates_GateAll_leave__E)
                  00826aa0    000000c0                 : BIOS.obj (.text:ti_sysbios_heaps_HeapMem_getStats__E)
                  00826b60    000000c0                 : BIOS.obj (.text:ti_sysbios_knl_Clock_logTick__E)
                  00826c20    000000c0                 : BIOS.obj (.text:ti_sysbios_knl_Idle_loop__E)
                  00826ce0    000000c0                 : BIOS.obj (.text:ti_sysbios_knl_Swi_Instance_finalize__F)
                  00826da0    000000c0     IpcMulticoreNavigator_pe66.oe66 (.text:ti_sysbios_knl_Swi_Object__create__S)
                  00826e60    000000c0     IpcMulticoreNavigator_pe66.oe66 (.text:ti_sysbios_knl_Task_Object__create__S)
                  00826f20    000000c0     IpcMulticoreNavigator_pe66.oe66 (.text:ti_sysbios_syncs_SyncSem_Object__create__S)
                  00826fe0    000000c0     sysbios.lib : BIOS.obj (.text:ti_sysbios_timers_timer64_Timer_stop__E)
                  008270a0    000000c0     ti.transport.ipc.qmss.transports.ae66 : TransportQmssSetup.oe66 (.text:ti_transport_ipc_qmss_transports_TransportQmssSetup_attach__E)
                  00827160    000000c0     IpcMulticoreNavigator_pe66.oe66 (.text:ti_transport_ipc_qmss_transports_TransportQmss_Object__create__S)
                  00827220    000000c0     rts6600_elf.lib : lowlev.obj (.text:write)
                  008272e0    000000c0     ti.targets.rts6000.ae66 : System.oe66 (.text:xdc_runtime_System_formatNum__I)
                  008273a0    000000c0     IpcMulticoreNavigator_pe66.oe66 (.text:xdc_runtime_knl_GateThread_Object__create__S)
                  00827460    000000a0     rts6600_elf.lib : trgdrv.obj (.text:HOSTclose)
                  00827500    000000a0                     : trgdrv.obj (.text:HOSTtime)
                  008275a0    000000a0     ipc.lib : Ipc.obj (.text:MessageQ_create)
                  00827640    000000a0     ti.drv.qmss.ae66 : qmss_drv.oe66 (.text:Qmss_queueClose)
                  008276e0    000000a0                      : qmss_drv.oe66 (.text:Qmss_startCfg)
                  00827780    000000a0     rts6600_elf.lib : remu.obj (.text:__remu)
                  00827820    000000a0     boot.ae66 : boot.oe66 (.text:_c_int00)
                  008278c0    000000a0     sysbios.lib : c64p_Hwi_asm.obj (.text:_ti_sysbios_family_c64p_Hwi_plug__E)
                  00827960    000000a0     ti.drv.cppi.ae66 : cppi_heap.oe66 (.text:cppi_internal_heap_malloc)
                  00827a00    000000a0     rts6600_elf.lib : lowlev.obj (.text:finddevice)
                  00827aa0    000000a0                     : memcpy64.obj (.text:memcpy)
                  00827b40    000000a0     ipc.lib : Ipc.obj (.text:ti_sdo_ipc_family_c647x_Interrupt_intUnregister__E)
                  00827be0    000000a0             : Ipc.obj (.text:ti_sdo_ipc_gates_GatePeterson_leave__E)
                  00827c80    000000a0             : Ipc.obj (.text:ti_sdo_ipc_notifyDrivers_NotifyDriverShm_Instance_finalize__F)
                  00827d20    000000a0     sysbios.lib : BIOS.obj (.text:ti_sysbios_heaps_HeapMem_init__I)
                  00827dc0    000000a0                 : BIOS.obj (.text:ti_sysbios_syncs_SyncSem_wait__F)
                  00827e60    000000a0     ti.targets.rts6000.ae66 : Assert.oe66 (.text:xdc_runtime_Assert_raise__I)
                  00827f00    00000080     ipc.lib : Ipc.obj (.text:HeapBufMP_Params_init)
                  00827f80    00000080     ti.drv.qmss.ae66 : qmss_drv.oe66 (.text:Qmss_getMemRegQueueHandle)
                  00828000    00000080                      : qmss_drv.oe66 (.text:Qmss_queueOpen)
                  00828080    00000080     rts6600_elf.lib : dtor_list.obj (.text:_Z11__TI_atexitPFYvPvES_S_)
                  00828100    00000080                     : llshift.obj (.text:__c6xabi_llshl)
                  00828180    00000080     sysbios.lib : c62_TaskSupport_asm.obj (.text:_ti_sysbios_family_c62_TaskSupport_swap__E)
                  00828200    00000080     ti.drv.cppi.ae66 : cppi_listlib.oe66 (.text:cppi_list_remove)
                  00828280    00000080     IpcMulticoreNavigator_pe66.oe66 (.text:malloc)
                  00828300    00000080     rts6600_elf.lib : rand.obj (.text:rand)
                  00828380    00000080                     : trgmsg.obj (.text:readmsg)
                  00828400    00000080     IpcMulticoreNavigator_pe66.oe66 (.text:ti_sdo_ipc_gates_GateHWSem_Object__create__S)
                  00828480    00000080     IpcMulticoreNavigator_pe66.oe66 (.text:ti_sdo_ipc_gates_GateMPSupportNull_Object__create__S)
                  00828500    00000080     ipc.lib : Ipc.obj (.text:ti_sdo_ipc_nsremote_NameServerRemoteNotify_detach__E)
                  00828580    00000080     IpcMulticoreNavigator_pe66.oe66 (.text:ti_sdo_utils_List_Object__create__S)
                  00828600    00000080     sysbios.lib : BIOS.obj (.text:ti_sysbios_BIOS_exit__E)
                  00828680    00000080                 : BIOS.obj (.text:ti_sysbios_family_c62_TaskSupport_start__E)
                  00828700    00000080                 : BIOS.obj (.text:ti_sysbios_family_c64p_Exception_Module_startup__F)
                  00828780    00000080                 : BIOS.obj (.text:ti_sysbios_family_c64p_Hwi_Instance_finalize__F)
                  00828800    00000080                 : BIOS.obj (.text:ti_sysbios_family_c66_Cache_invL1pAll__E)
                  00828880    00000080                 : BIOS.obj (.text:ti_sysbios_family_c66_tci66xx_CpIntc_mapSysIntToHostInt__F)
                  00828900    00000080     IpcMulticoreNavigator_pe66.oe66 (.text:ti_sysbios_gates_GateAll_Object__create__S)
                  00828980    00000080     IpcMulticoreNavigator_pe66.oe66 (.text:ti_sysbios_gates_GateHwi_Object__create__S)
                  00828a00    00000080     IpcMulticoreNavigator_pe66.oe66 (.text:ti_sysbios_gates_GateMutexPri_Object__create__S)
                  00828a80    00000080     IpcMulticoreNavigator_pe66.oe66 (.text:ti_sysbios_gates_GateMutex_Object__create__S)
                  00828b00    00000080     IpcMulticoreNavigator_pe66.oe66 (.text:ti_sysbios_gates_GateSwi_Object__create__S)
                  00828b80    00000080     sysbios.lib : BIOS.obj (.text:ti_sysbios_gates_GateSwi_leave__E)
                  00828c00    00000080                 : BIOS.obj (.text:ti_sysbios_hal_Hwi_checkStack:ti_sysbios_hal_Hwi_checkStack)
                  00828c80    00000080     IpcMulticoreNavigator_pe66.oe66 (.text:ti_sysbios_heaps_HeapMem_Object__create__S)
                  00828d00    00000080     sysbios.lib : BIOS.obj (.text:ti_sysbios_knl_Clock_Module_startup__F)
                  00828d80    00000080     IpcMulticoreNavigator_pe66.oe66 (.text:ti_sysbios_knl_Clock_Object__create__S)
                  00828e00    00000080     sysbios.lib : BIOS.obj (.text:ti_sysbios_knl_Clock_getTicks__E)
                  00828e80    00000080     IpcMulticoreNavigator_pe66.oe66 (.text:ti_sysbios_knl_Queue_Object__create__S)
                  00828f00    00000080     IpcMulticoreNavigator_pe66.oe66 (.text:ti_sysbios_knl_Semaphore_Object__create__S)
                  00828f80    00000080     sysbios.lib : BIOS.obj (.text:ti_sysbios_knl_Semaphore_pendTimeout__I)
                  00829000    00000080                 : BIOS.obj (.text:ti_sysbios_knl_Swi_startup__E)
                  00829080    00000080                 : BIOS.obj (.text:ti_sysbios_knl_Task_restore__E)
                  00829100    00000080                 : BIOS.obj (.text:ti_sysbios_timers_timer64_Timer_getCount__E)
                  00829180    00000080                 : BIOS.obj (.text:ti_sysbios_timers_timer64_Timer_getPeriod__E)
                  00829200    00000080     IpcMulticoreNavigator_pe66.oe66 (.text:ti_sysbios_xdcruntime_GateThreadSupport_Object__create__S)
                  00829280    00000080     rts6600_elf.lib : lowlev.obj (.text:unlink)
                  00829300    00000080     ti.targets.rts6000.ae66 : Core-label.oe66 (.text:xdc_runtime_Core_assignLabel__I)
                  00829380    00000080                             : Core-params.oe66 (.text:xdc_runtime_Core_assignParams__I)
                  00829400    00000080                             : System.oe66 (.text:xdc_runtime_System_atexit__F)
                  00829480    00000080                             : System.oe66 (.text:xdc_runtime_System_rtsExit__I)
                  00829500    00000080                             : Text.oe66 (.text:xdc_runtime_Text_printVisFxn__I)
                  00829580    00000080                             : Text.oe66 (.text:xdc_runtime_Text_xprintf__I)
                  00829600    00000060     ipc.lib : Ipc.obj (.text:GateMP_Params_init)
                  00829660    00000060             : Ipc.obj (.text:HeapMemMP_Params_init)
                  008296c0    00000060     rts6600_elf.lib : llshift.obj (.text:__c6xabi_llshru)
                  00829720    00000060                     : imath64.obj (.text:_subcull)
                  00829780    00000060     ti.drv.cppi.ae66 : cppi_listlib.oe66 (.text:cppi_list_add)
                  008297e0    00000060     rts6600_elf.lib : rand.obj (.text:srand)
                  00829840    00000060     IpcMulticoreNavigator_pe66.oe66 (.text:ti_sdo_ipc_GateMP_Object__delete__S)
                  008298a0    00000060     IpcMulticoreNavigator_pe66.oe66 (.text:ti_sdo_ipc_ListMP_Object__delete__S)
                  00829900    00000060     IpcMulticoreNavigator_pe66.oe66 (.text:ti_sdo_ipc_MessageQ_Object__get__S)
                  00829960    00000060     ipc.lib : Ipc.obj (.text:ti_sdo_ipc_family_c647x_NotifySetup_sharedMemReq__E)
                  008299c0    00000060             : Ipc.obj (.text:ti_sdo_ipc_gates_GateHWSem_leave__E)
                  00829a20    00000060             : Ipc.obj (.text:ti_sdo_ipc_gates_GatePeterson_Instance_finalize__F)
                  00829a80    00000060     IpcMulticoreNavigator_pe66.oe66 (.text:ti_sdo_ipc_gates_GatePeterson_Object__delete__S)
                  00829ae0    00000060     ipc.lib : Ipc.obj (.text:ti_sdo_ipc_gates_GatePeterson_sharedMemReq__E)
                  00829b40    00000060     IpcMulticoreNavigator_pe66.oe66 (.text:ti_sdo_ipc_heaps_HeapBufMP_Object__delete__S)
                  00829ba0    00000060     IpcMulticoreNavigator_pe66.oe66 (.text:ti_sdo_ipc_heaps_HeapMemMP_Object__delete__S)
                  00829c00    00000060     IpcMulticoreNavigator_pe66.oe66 (.text:ti_sdo_ipc_notifyDrivers_NotifyDriverShm_Object__delete__S)
                  00829c60    00000060     ipc.lib : Ipc.obj (.text:ti_sdo_ipc_notifyDrivers_NotifyDriverShm_setNotifyHandle__E)
                  00829cc0    00000060     IpcMulticoreNavigator_pe66.oe66 (.text:ti_sdo_ipc_nsremote_NameServerRemoteNotify_Object__delete__S)
                  00829d20    00000060     IpcMulticoreNavigator_pe66.oe66 (.text:ti_sdo_utils_List_Object__get__S)
                  00829d80    00000060     IpcMulticoreNavigator_pe66.oe66 (.text:ti_sdo_utils_NameServer_Object__get__S)
                  00829de0    00000060     IpcMulticoreNavigator_pe66.oe66 (.text:ti_sysbios_BIOS_exitFunc__I)
                  00829e40    00000060     sysbios.lib : BIOS.obj (.text:ti_sysbios_BIOS_registerRTSLock__I)
                  00829ea0    00000060     IpcMulticoreNavigator_pe66.oe66 (.text:ti_sysbios_family_c64p_Hwi_Object__delete__S)
                  00829f00    00000060     sysbios.lib : BIOS.obj (.text:ti_sysbios_family_c66_tci66xx_CpIntc_unused__F)
                  00829f60    00000060                 : BIOS.obj (.text:ti_sysbios_gates_GateAll_enter__E)
                  00829fc0    00000060     IpcMulticoreNavigator_pe66.oe66 (.text:ti_sysbios_gates_GateMutexPri_Object__delete__S)
                  0082a020    00000060     sysbios.lib : BIOS.obj (.text:ti_sysbios_gates_GateMutex_Instance_init__F)
                  0082a080    00000060     IpcMulticoreNavigator_pe66.oe66 (.text:ti_sysbios_gates_GateMutex_Object__delete__S)
                  0082a0e0    00000060     sysbios.lib : BIOS.obj (.text:ti_sysbios_hal_Hwi_initStack:ti_sysbios_hal_Hwi_initStack)
                  0082a140    00000060     IpcMulticoreNavigator_pe66.oe66 (.text:ti_sysbios_heaps_HeapMem_Object__get__S)
                  0082a1a0    00000060     IpcMulticoreNavigator_pe66.oe66 (.text:ti_sysbios_knl_Clock_doTick__I)
                  0082a200    00000060     IpcMulticoreNavigator_pe66.oe66 (.text:ti_sysbios_knl_Queue_Object__get__S)
                  0082a260    00000060     IpcMulticoreNavigator_pe66.oe66 (.text:ti_sysbios_knl_Semaphore_Object__delete__S)
                  0082a2c0    00000060     sysbios.lib : BIOS.obj (.text:ti_sysbios_knl_Swi_Module_startup__F)
                  0082a320    00000060     IpcMulticoreNavigator_pe66.oe66 (.text:ti_sysbios_knl_Swi_Object__get__S)
                  0082a380    00000060     IpcMulticoreNavigator_pe66.oe66 (.text:ti_sysbios_knl_Task_Object__get__S)
                  0082a3e0    00000060     sysbios.lib : BIOS.obj (.text:ti_sysbios_knl_Task_allBlockedFunction__I)
                  0082a440    00000060                 : BIOS.obj (.text:ti_sysbios_knl_Task_enter__I)
                  0082a4a0    00000060     IpcMulticoreNavigator_pe66.oe66 (.text:ti_sysbios_syncs_SyncSem_Object__delete__S)
                  0082a500    00000060     IpcMulticoreNavigator_pe66.oe66 (.text:ti_sysbios_xdcruntime_GateThreadSupport_Object__delete__S)
                  0082a560    00000060     IpcMulticoreNavigator_pe66.oe66 (.text:ti_transport_ipc_qmss_transports_TransportQmss_Object__delete__S)
                  0082a5c0    00000060     rts6600_elf.lib : trgmsg.obj (.text:writemsg)
                  0082a620    00000060     IpcMulticoreNavigator_pe66.oe66 (.text:xdc_runtime_GateNull_Object__create__S)
                  0082a680    00000060     ti.targets.rts6000.ae66 : Memory.oe66 (.text:xdc_runtime_Memory_calloc__F)
                  0082a6e0    00000060                             : Memory.oe66 (.text:xdc_runtime_Memory_valloc__F)
                  0082a740    00000060                             : SysStd.oe66 (.text:xdc_runtime_SysStd_abort__F)
                  0082a7a0    00000060                             : System.oe66 (.text:xdc_runtime_System_avprintf__F)
                  0082a800    00000060                             : System.oe66 (.text:xdc_runtime_System_vprintf__F)
                  0082a860    00000060                             : Text.oe66 (.text:xdc_runtime_Text_cordText__F)
                  0082a8c0    00000060     IpcMulticoreNavigator_pe66.oe66 (.text:xdc_runtime_knl_GateThread_Object__delete__S)
                  0082a920    00000040     ti.drv.qmss.ae66 : qmss_drv.oe66 (.text:Qmss_ackInterrupt)
                  0082a960    00000040                      : qmss_drv.oe66 (.text:Qmss_getMemRegDescSize)
                  0082a9a0    00000040                      : qmss_drv.oe66 (.text:Qmss_getQueueNumber)
                  0082a9e0    00000040     rts6600_elf.lib : args_main.obj (.text:_args_main)
                  0082aa20    00000040     sysbios.lib : c62_TaskSupport_asm.obj (.text:_ti_sysbios_family_c62_TaskSupport_buildTaskStack)
                  0082aa60    00000040                 : c64p_Hwi_asm_switch.obj (.text:_ti_sysbios_family_xxx_Hwi_switchToIsrStack)
                  0082aaa0    00000040     IpcMulticoreNavigator_pe66.oe66 (.text:free)
                  0082aae0    00000040     IpcMulticoreNavigator_osal.obj (.text:l2_global_address)
                  0082ab20    00000040     rts6600_elf.lib : abs.obj (.text:llabs)
                  0082ab60    00000040     sysbios.lib : BIOS.obj (.text:rtsLock$0)
                  0082aba0    00000040     IpcMulticoreNavigator_pe66.oe66 (.text:ti_sdo_ipc_GateMP_Params__init__S)
                  0082abe0    00000040     IpcMulticoreNavigator_pe66.oe66 (.text:ti_sdo_ipc_GateMP_RemoteCustom1Proxy_Object__create__S)
                  0082ac20    00000040     IpcMulticoreNavigator_pe66.oe66 (.text:ti_sdo_ipc_GateMP_RemoteCustom2Proxy_Object__create__S)
                  0082ac60    00000040     IpcMulticoreNavigator_pe66.oe66 (.text:ti_sdo_ipc_GateMP_RemoteSystemProxy_Object__create__S)
                  0082aca0    00000040     IpcMulticoreNavigator_pe66.oe66 (.text:ti_sdo_ipc_ListMP_Params__init__S)
                  0082ace0    00000040     IpcMulticoreNavigator_pe66.oe66 (.text:ti_sdo_ipc_MessageQ_Params__init__S)
                  0082ad20    00000040     IpcMulticoreNavigator_pe66.oe66 (.text:ti_sdo_ipc_MessageQ_registerTransport__E)
                  0082ad60    00000040     ipc.lib : Ipc.obj (.text:ti_sdo_ipc_family_c647x_Interrupt_intClear__E)
                  0082ada0    00000040             : Ipc.obj (.text:ti_sdo_ipc_family_c647x_Interrupt_intSend__E)
                  0082ade0    00000040     IpcMulticoreNavigator_pe66.oe66 (.text:ti_sdo_ipc_gates_GateHWSem_Handle__label__S)
                  0082ae20    00000040     IpcMulticoreNavigator_pe66.oe66 (.text:ti_sdo_ipc_gates_GateHWSem_Object__delete__S)
                  0082ae60    00000040     IpcMulticoreNavigator_pe66.oe66 (.text:ti_sdo_ipc_gates_GateHWSem_Params__init__S)
                  0082aea0    00000040     IpcMulticoreNavigator_pe66.oe66 (.text:ti_sdo_ipc_gates_GateMPSupportNull_Handle__label__S)
                  0082aee0    00000040     IpcMulticoreNavigator_pe66.oe66 (.text:ti_sdo_ipc_gates_GateMPSupportNull_Object__delete__S)
                  0082af20    00000040     IpcMulticoreNavigator_pe66.oe66 (.text:ti_sdo_ipc_gates_GateMPSupportNull_Params__init__S)
                  0082af60    00000040     IpcMulticoreNavigator_pe66.oe66 (.text:ti_sdo_ipc_gates_GatePeterson_Handle__label__S)
                  0082afa0    00000040     IpcMulticoreNavigator_pe66.oe66 (.text:ti_sdo_ipc_gates_GatePeterson_Params__init__S)
                  0082afe0    00000040     IpcMulticoreNavigator_pe66.oe66 (.text:ti_sdo_ipc_heaps_HeapBufMP_Handle__label__S)
                  0082b020    00000040     IpcMulticoreNavigator_pe66.oe66 (.text:ti_sdo_ipc_heaps_HeapBufMP_Params__init__S)
                  0082b060    00000040     IpcMulticoreNavigator_pe66.oe66 (.text:ti_sdo_ipc_heaps_HeapMemMP_Handle__label__S)
                  0082b0a0    00000040     IpcMulticoreNavigator_pe66.oe66 (.text:ti_sdo_ipc_heaps_HeapMemMP_Params__init__S)
                  0082b0e0    00000040     IpcMulticoreNavigator_pe66.oe66 (.text:ti_sdo_ipc_notifyDrivers_NotifyDriverShm_Handle__label__S)
                  0082b120    00000040     IpcMulticoreNavigator_pe66.oe66 (.text:ti_sdo_ipc_notifyDrivers_NotifyDriverShm_InterruptProxy_intRegister__E)
                  0082b160    00000040     IpcMulticoreNavigator_pe66.oe66 (.text:ti_sdo_ipc_notifyDrivers_NotifyDriverShm_Params__init__S)
                  0082b1a0    00000040     ipc.lib : Ipc.obj (.text:ti_sdo_ipc_notifyDrivers_NotifyDriverShm_disable__E)
                  0082b1e0    00000040             : Ipc.obj (.text:ti_sdo_ipc_notifyDrivers_NotifyDriverShm_enable__E)
                  0082b220    00000040     IpcMulticoreNavigator_pe66.oe66 (.text:ti_sdo_ipc_nsremote_NameServerRemoteNotify_Handle__label__S)
                  0082b260    00000040     IpcMulticoreNavigator_pe66.oe66 (.text:ti_sdo_ipc_nsremote_NameServerRemoteNotify_Object__first__S)
                  0082b2a0    00000040     IpcMulticoreNavigator_pe66.oe66 (.text:ti_sdo_ipc_nsremote_NameServerRemoteNotify_Object__next__S)
                  0082b2e0    00000040     IpcMulticoreNavigator_pe66.oe66 (.text:ti_sdo_ipc_nsremote_NameServerRemoteNotify_Params__init__S)
                  0082b320    00000040     IpcMulticoreNavigator_pe66.oe66 (.text:ti_sdo_ipc_nsremote_NameServerRemoteNotify_get__E)
                  0082b360    00000040     ipc.lib : Ipc.obj (.text:ti_sdo_ipc_nsremote_NameServerRemoteNotify_sharedMemReq__E)
                  0082b3a0    00000040     IpcMulticoreNavigator_pe66.oe66 (.text:ti_sdo_utils_List_Object__destruct__S)
                  0082b3e0    00000040     IpcMulticoreNavigator_pe66.oe66 (.text:ti_sdo_utils_NameServer_Module__startupDone__F)
                  0082b420    00000040     IpcMulticoreNavigator_pe66.oe66 (.text:ti_sdo_utils_NameServer_Object__first__S)
                  0082b460    00000040     IpcMulticoreNavigator_pe66.oe66 (.text:ti_sdo_utils_NameServer_Object__next__S)
                  0082b4a0    00000040     IpcMulticoreNavigator_pe66.oe66 (.text:ti_sysbios_BIOS_startFunc__I)
                  0082b4e0    00000040     sysbios.lib : BIOS.obj (.text:ti_sysbios_BIOS_start__E)
                  0082b520    00000040     IpcMulticoreNavigator_pe66.oe66 (.text:ti_sysbios_family_c64p_Hwi_Module__startupDone__F)
                  0082b560    00000040     IpcMulticoreNavigator_pe66.oe66 (.text:ti_sysbios_family_c64p_Hwi_Params__init__S)
                  0082b5a0    00000040     sysbios.lib : BIOS.obj (.text:ti_sysbios_family_c64p_Hwi_disableInterrupt__E)
                  0082b5e0    00000040                 : BIOS.obj (.text:ti_sysbios_family_c64p_Hwi_enableInterrupt__E)
                  0082b620    00000040     IpcMulticoreNavigator_pe66.oe66 (.text:ti_sysbios_family_c66_tci66xx_CpIntc_dispatchPlug__E)
                  0082b660    00000040     sysbios.lib : BIOS.obj (.text:ti_sysbios_family_c66_tci66xx_CpIntc_dispatchPlug__F)
                  0082b6a0    00000040     IpcMulticoreNavigator_pe66.oe66 (.text:ti_sysbios_gates_GateAll_Handle__label__S)
                  0082b6e0    00000040     IpcMulticoreNavigator_pe66.oe66 (.text:ti_sysbios_gates_GateAll_Object__delete__S)
                  0082b720    00000040     IpcMulticoreNavigator_pe66.oe66 (.text:ti_sysbios_gates_GateHwi_Handle__label__S)
                  0082b760    00000040     IpcMulticoreNavigator_pe66.oe66 (.text:ti_sysbios_gates_GateHwi_Object__delete__S)
                  0082b7a0    00000040     IpcMulticoreNavigator_pe66.oe66 (.text:ti_sysbios_gates_GateMutexPri_Handle__label__S)
                  0082b7e0    00000040     sysbios.lib : BIOS.obj (.text:ti_sysbios_gates_GateMutexPri_Instance_finalize__F)
                  0082b820    00000040                 : BIOS.obj (.text:ti_sysbios_gates_GateMutexPri_Instance_init__F)
                  0082b860    00000040     IpcMulticoreNavigator_pe66.oe66 (.text:ti_sysbios_gates_GateMutexPri_Object__destruct__S)
                  0082b8a0    00000040     IpcMulticoreNavigator_pe66.oe66 (.text:ti_sysbios_gates_GateMutex_Handle__label__S)
                  0082b8e0    00000040     sysbios.lib : BIOS.obj (.text:ti_sysbios_gates_GateMutex_Instance_finalize__F)
                  0082b920    00000040                 : BIOS.obj (.text:ti_sysbios_gates_GateMutex_leave__E)
                  0082b960    00000040     IpcMulticoreNavigator_pe66.oe66 (.text:ti_sysbios_gates_GateSwi_Handle__label__S)
                  0082b9a0    00000040     IpcMulticoreNavigator_pe66.oe66 (.text:ti_sysbios_gates_GateSwi_Object__delete__S)
                  0082b9e0    00000040     IpcMulticoreNavigator_pe66.oe66 (.text:ti_sysbios_hal_Cache_CacheProxy_inv__E)
                  0082ba20    00000040     IpcMulticoreNavigator_pe66.oe66 (.text:ti_sysbios_hal_Cache_CacheProxy_wbInv__E)
                  0082ba60    00000040     IpcMulticoreNavigator_pe66.oe66 (.text:ti_sysbios_hal_Timer_Module__startupDone__F)
                  0082baa0    00000040     IpcMulticoreNavigator_pe66.oe66 (.text:ti_sysbios_heaps_HeapMem_Handle__label__S)
                  0082bae0    00000040     IpcMulticoreNavigator_pe66.oe66 (.text:ti_sysbios_heaps_HeapMem_Object__delete__S)
                  0082bb20    00000040     IpcMulticoreNavigator_pe66.oe66 (.text:ti_sysbios_knl_Clock_Object__destruct__S)
                  0082bb60    00000040     IpcMulticoreNavigator_pe66.oe66 (.text:ti_sysbios_knl_Clock_Params__init__S)
                  0082bba0    00000040     IpcMulticoreNavigator_pe66.oe66 (.text:ti_sysbios_knl_Queue_Object__destruct__S)
                  0082bbe0    00000040     sysbios.lib : BIOS.obj (.text:ti_sysbios_knl_Semaphore_Instance_finalize__F)
                  0082bc20    00000040     IpcMulticoreNavigator_pe66.oe66 (.text:ti_sysbios_knl_Semaphore_Object__destruct__S)
                  0082bc60    00000040     IpcMulticoreNavigator_pe66.oe66 (.text:ti_sysbios_knl_Semaphore_Params__init__S)
                  0082bca0    00000040     IpcMulticoreNavigator_pe66.oe66 (.text:ti_sysbios_knl_Swi_Object__destruct__S)
                  0082bce0    00000040     IpcMulticoreNavigator_pe66.oe66 (.text:ti_sysbios_knl_Swi_Params__init__S)
                  0082bd20    00000040     IpcMulticoreNavigator_pe66.oe66 (.text:ti_sysbios_knl_Task_Object__first__S)
                  0082bd60    00000040     IpcMulticoreNavigator_pe66.oe66 (.text:ti_sysbios_knl_Task_Object__next__S)
                  0082bda0    00000040     IpcMulticoreNavigator_pe66.oe66 (.text:ti_sysbios_knl_Task_Params__init__S)
                  0082bde0    00000040     sysbios.lib : BIOS.obj (.text:ti_sysbios_knl_Task_sleepTimeout__I)
                  0082be20    00000040     IpcMulticoreNavigator_pe66.oe66 (.text:ti_sysbios_syncs_SyncSem_Handle__label__S)
                  0082be60    00000040     sysbios.lib : BIOS.obj (.text:ti_sysbios_syncs_SyncSem_Instance_finalize__F)
                  0082bea0    00000040     IpcMulticoreNavigator_pe66.oe66 (.text:ti_sysbios_timers_timer64_Timer_Module__startupDone__F)
                  0082bee0    00000040     sysbios.lib : BIOS.obj (.text:ti_sysbios_xdcruntime_GateThreadSupport_Instance_finalize__F)
                  0082bf20    00000040                 : BIOS.obj (.text:ti_sysbios_xdcruntime_GateThreadSupport_Instance_init__F)
                  0082bf60    00000040                 : BIOS.obj (.text:ti_sysbios_xdcruntime_GateThreadSupport_enter__F)
                  0082bfa0    00000040     IpcMulticoreNavigator_pe66.oe66 (.text:ti_transport_ipc_qmss_transports_TransportQmss_Handle__label__S)
                  0082bfe0    00000040     IpcMulticoreNavigator_pe66.oe66 (.text:ti_transport_ipc_qmss_transports_TransportQmss_Params__init__S)
                  0082c020    00000040     rts6600_elf.lib : time.obj (.text:time)
                  0082c060    00000040     ti.targets.rts6000.ae66 : Error.oe66 (.text:xdc_runtime_Error_check__F)
                  0082c0a0    00000040                             : Error.oe66 (.text:xdc_runtime_Error_init__F)
                  0082c0e0    00000040     IpcMulticoreNavigator_pe66.oe66 (.text:xdc_runtime_Error_raiseX__E)
                  0082c120    00000040     IpcMulticoreNavigator_pe66.oe66 (.text:xdc_runtime_GateNull_Handle__label__S)
                  0082c160    00000040     IpcMulticoreNavigator_pe66.oe66 (.text:xdc_runtime_GateNull_Object__delete__S)
                  0082c1a0    00000040     ti.targets.rts6000.ae66 : Gate.oe66 (.text:xdc_runtime_Gate_leaveSystem__F)
                  0082c1e0    00000040     IpcMulticoreNavigator_pe66.oe66 (.text:xdc_runtime_IHeap_alloc)
                  0082c220    00000040     IpcMulticoreNavigator_pe66.oe66 (.text:xdc_runtime_IHeap_free)
                  0082c260    00000040     ti.targets.rts6000.ae66 : Memory.oe66 (.text:xdc_runtime_Memory_free__F)
                  0082c2a0    00000040     IpcMulticoreNavigator_pe66.oe66 (.text:xdc_runtime_Memory_valloc__E)
                  0082c2e0    00000040     ti.targets.rts6000.ae66 : Registry.oe66 (.text:xdc_runtime_Registry_findById__F)
                  0082c320    00000040     IpcMulticoreNavigator_pe66.oe66 (.text:xdc_runtime_Startup_exec__I)
                  0082c360    00000040     ti.targets.rts6000.ae66 : System.oe66 (.text:xdc_runtime_System_abort__F)
                  0082c3a0    00000040     IpcMulticoreNavigator_pe66.oe66 (.text:xdc_runtime_System_aprintf__E)
                  0082c3e0    00000040     IpcMulticoreNavigator_pe66.oe66 (.text:xdc_runtime_System_printf__E)
                  0082c420    00000040     IpcMulticoreNavigator_pe66.oe66 (.text:xdc_runtime_System_sprintf__E)
                  0082c460    00000040     ti.targets.rts6000.ae66 : Text.oe66 (.text:xdc_runtime_Text_ropeText__F)
                  0082c4a0    00000040     IpcMulticoreNavigator_pe66.oe66 (.text:xdc_runtime_Text_visitRope__I)
                  0082c4e0    00000040     IpcMulticoreNavigator_pe66.oe66 (.text:xdc_runtime_knl_GateThread_Handle__label__S)
                  0082c520    00000040     ti.targets.rts6000.ae66 : GateThread.oe66 (.text:xdc_runtime_knl_GateThread_Instance_finalize__F)
                  0082c560    00000040                             : GateThread.oe66 (.text:xdc_runtime_knl_GateThread_Instance_init__F)
                  0082c5a0    00000040     IpcMulticoreNavigator_pe66.oe66 (.text:xdc_runtime_knl_GateThread_Proxy_Object__create__S)
                  0082c5e0    00000020     ti.drv.cppi.ae66 : cppi_drv.oe66 (.text:Cppi_init)
                  0082c600    00000020     ipc.lib : Ipc.obj (.text:GateMP_getDefaultRemote)
                  0082c620    00000020             : Ipc.obj (.text:MessageQ_setReplyQueue)
                  0082c640    00000020             : Ipc.obj (.text:MultiProc_self)
                  0082c660    00000020     ti.drv.qmss.ae66 : qmss_drv.oe66 (.text:Qmss_start)
                  0082c680    00000020     rts6600_elf.lib : negll.obj (.text:__c6xabi_negll)
                  0082c6a0    00000020                     : dtor_list.obj (.text:__cxa_atexit)
                  0082c6c0    00000020                     : dtor_list.obj (.text:__cxa_ia64_exit)
                  0082c6e0    00000020     ti.targets.rts6000.ae66 : xdc_noinit.oe66 (.text:__xdc__init)
                  0082c700    00000020     rts6600_elf.lib : _lock.obj (.text:_nop)
                  0082c720    00000020                     : _lock.obj (.text:_register_lock)
                  0082c740    00000020                     : _lock.obj (.text:_register_unlock)
                  0082c760    00000020     sysbios.lib : c62_TaskSupport_asm.obj (.text:_ti_sysbios_family_c62_TaskSupport_glue)
                  0082c780    00000020                 : c64p_Hwi_asm_switch.obj (.text:_ti_sysbios_family_xxx_Hwi_switchToTaskStack)
                  0082c7a0    00000020     rts6600_elf.lib : exit.obj (.text:abort)
                  0082c7c0    00000020                     : dtor_list.obj (.text:atexit)
                  0082c7e0    00000020     ti.drv.cppi.ae66 : cppi_listlib.oe66 (.text:cppi_list_get_head)
                  0082c800    00000020     rts6600_elf.lib : copy_decompress_none.obj (.text:decompress:none:__TI_decompress_none)
                  0082c820    00000020                     : copy_decompress_rle.obj (.text:decompress:rle24:__TI_decompress_rle24)
                  0082c840    00000020     sysbios.lib : BIOS.obj (.text:nullFunc$0)
                  0082c860    00000020     rts6600_elf.lib : fputc.obj (.text:putc)
                  0082c880    00000020                     : fputc.obj (.text:putchar)
                  0082c8a0    00000020     IpcMulticoreNavigator_pe66.oe66 (.text:ti_sdo_ipc_GateMP_RemoteCustom1Proxy_Object__delete__S)
                  0082c8c0    00000020     IpcMulticoreNavigator_pe66.oe66 (.text:ti_sdo_ipc_GateMP_RemoteCustom1Proxy_Params__init__S)
                  0082c8e0    00000020     IpcMulticoreNavigator_pe66.oe66 (.text:ti_sdo_ipc_GateMP_RemoteCustom1Proxy_Proxy__abstract__S)
                  0082c900    00000020     IpcMulticoreNavigator_pe66.oe66 (.text:ti_sdo_ipc_GateMP_RemoteCustom1Proxy_Proxy__delegate__S)
                  0082c920    00000020     IpcMulticoreNavigator_pe66.oe66 (.text:ti_sdo_ipc_GateMP_RemoteCustom1Proxy_getReservedMask__E)
                  0082c940    00000020     IpcMulticoreNavigator_pe66.oe66 (.text:ti_sdo_ipc_GateMP_RemoteCustom1Proxy_sharedMemReq__E)
                  0082c960    00000020     IpcMulticoreNavigator_pe66.oe66 (.text:ti_sdo_ipc_GateMP_RemoteCustom2Proxy_Object__delete__S)
                  0082c980    00000020     IpcMulticoreNavigator_pe66.oe66 (.text:ti_sdo_ipc_GateMP_RemoteCustom2Proxy_Params__init__S)
                  0082c9a0    00000020     IpcMulticoreNavigator_pe66.oe66 (.text:ti_sdo_ipc_GateMP_RemoteCustom2Proxy_Proxy__abstract__S)
                  0082c9c0    00000020     IpcMulticoreNavigator_pe66.oe66 (.text:ti_sdo_ipc_GateMP_RemoteCustom2Proxy_Proxy__delegate__S)
                  0082c9e0    00000020     IpcMulticoreNavigator_pe66.oe66 (.text:ti_sdo_ipc_GateMP_RemoteCustom2Proxy_getReservedMask__E)
                  0082ca00    00000020     IpcMulticoreNavigator_pe66.oe66 (.text:ti_sdo_ipc_GateMP_RemoteCustom2Proxy_sharedMemReq__E)
                  0082ca20    00000020     IpcMulticoreNavigator_pe66.oe66 (.text:ti_sdo_ipc_GateMP_RemoteSystemProxy_Object__delete__S)
                  0082ca40    00000020     IpcMulticoreNavigator_pe66.oe66 (.text:ti_sdo_ipc_GateMP_RemoteSystemProxy_Params__init__S)
                  0082ca60    00000020     IpcMulticoreNavigator_pe66.oe66 (.text:ti_sdo_ipc_GateMP_RemoteSystemProxy_Proxy__abstract__S)
                  0082ca80    00000020     IpcMulticoreNavigator_pe66.oe66 (.text:ti_sdo_ipc_GateMP_RemoteSystemProxy_Proxy__delegate__S)
                  0082caa0    00000020     IpcMulticoreNavigator_pe66.oe66 (.text:ti_sdo_ipc_GateMP_RemoteSystemProxy_getReservedMask__E)
                  0082cac0    00000020     IpcMulticoreNavigator_pe66.oe66 (.text:ti_sdo_ipc_GateMP_RemoteSystemProxy_sharedMemReq__E)
                  0082cae0    00000020     IpcMulticoreNavigator_pe66.oe66 (.text:ti_sdo_ipc_GateMP_attach__E)
                  0082cb00    00000020     IpcMulticoreNavigator_pe66.oe66 (.text:ti_sdo_ipc_GateMP_getRegion0ReservedSize__E)
                  0082cb20    00000020     IpcMulticoreNavigator_pe66.oe66 (.text:ti_sdo_ipc_GateMP_getSharedAddr__E)
                  0082cb40    00000020     ipc.lib : Ipc.obj (.text:ti_sdo_ipc_GateMP_getSharedAddr__F)
                  0082cb60    00000020     IpcMulticoreNavigator_pe66.oe66 (.text:ti_sdo_ipc_GateMP_start__E)
                  0082cb80    00000020     IpcMulticoreNavigator_pe66.oe66 (.text:ti_sdo_ipc_MessageQ_Module_startup__E)
                  0082cba0    00000020     IpcMulticoreNavigator_pe66.oe66 (.text:ti_sdo_ipc_MessageQ_SetupTransportProxy_attach__E)
                  0082cbc0    00000020     IpcMulticoreNavigator_pe66.oe66 (.text:ti_sdo_ipc_MessageQ_SetupTransportProxy_isRegistered__E)
                  0082cbe0    00000020     IpcMulticoreNavigator_pe66.oe66 (.text:ti_sdo_ipc_MessageQ_SetupTransportProxy_sharedMemReq__E)
                  0082cc00    00000020     IpcMulticoreNavigator_pe66.oe66 (.text:ti_sdo_ipc_MessageQ_unregisterTransport__E)
                  0082cc20    00000020     IpcMulticoreNavigator_pe66.oe66 (.text:ti_sdo_ipc_Notify_Module_GateProxy_enter__E)
                  0082cc40    00000020     IpcMulticoreNavigator_pe66.oe66 (.text:ti_sdo_ipc_Notify_Module_GateProxy_leave__E)
                  0082cc60    00000020     IpcMulticoreNavigator_pe66.oe66 (.text:ti_sdo_ipc_Notify_Module_startup__E)
                  0082cc80    00000020     IpcMulticoreNavigator_pe66.oe66 (.text:ti_sdo_ipc_Notify_SetupProxy_attach__E)
                  0082cca0    00000020     IpcMulticoreNavigator_pe66.oe66 (.text:ti_sdo_ipc_Notify_SetupProxy_numIntLines__E)
                  0082ccc0    00000020     IpcMulticoreNavigator_pe66.oe66 (.text:ti_sdo_ipc_Notify_SetupProxy_sharedMemReq__E)
                  0082cce0    00000020     IpcMulticoreNavigator_pe66.oe66 (.text:ti_sdo_ipc_Notify_exec__E)
                  0082cd00    00000020     IpcMulticoreNavigator_pe66.oe66 (.text:ti_sdo_ipc_SharedRegion_attach__E)
                  0082cd20    00000020     IpcMulticoreNavigator_pe66.oe66 (.text:ti_sdo_ipc_SharedRegion_clearReservedMemory__E)
                  0082cd40    00000020     IpcMulticoreNavigator_pe66.oe66 (.text:ti_sdo_ipc_SharedRegion_reserveMemory__E)
                  0082cd60    00000020     IpcMulticoreNavigator_pe66.oe66 (.text:ti_sdo_ipc_SharedRegion_start__E)
                  0082cd80    00000020     IpcMulticoreNavigator_pe66.oe66 (.text:ti_sdo_ipc_family_c647x_Interrupt_Module_startup__E)
                  0082cda0    00000020     ipc.lib : Ipc.obj (.text:ti_sdo_ipc_family_c647x_Interrupt_intDisable__E)
                  0082cdc0    00000020             : Ipc.obj (.text:ti_sdo_ipc_family_c647x_Interrupt_intEnable__E)
                  0082cde0    00000020             : Ipc.obj (.text:ti_sdo_ipc_family_c647x_NotifySetup_numIntLines__E)
                  0082ce00    00000020     IpcMulticoreNavigator_pe66.oe66 (.text:ti_sdo_ipc_gates_GateHWSem_Module_startup__E)
                  0082ce20    00000020     ipc.lib : Ipc.obj (.text:ti_sdo_ipc_gates_GateHWSem_getReservedMask__E)
                  0082ce40    00000020     IpcMulticoreNavigator_pe66.oe66 (.text:ti_sdo_ipc_gates_GateHWSem_query__E)
                  0082ce60    00000020     ipc.lib : Ipc.obj (.text:ti_sdo_ipc_gates_GateHWSem_query__F)
                  0082ce80    00000020             : Ipc.obj (.text:ti_sdo_ipc_gates_GateHWSem_sharedMemReq__E)
                  0082cea0    00000020             : Ipc.obj (.text:ti_sdo_ipc_gates_GateMPSupportNull_Instance_init__F)
                  0082cec0    00000020             : Ipc.obj (.text:ti_sdo_ipc_gates_GateMPSupportNull_getReservedMask__E)
                  0082cee0    00000020     IpcMulticoreNavigator_pe66.oe66 (.text:ti_sdo_ipc_gates_GateMPSupportNull_query__E)
                  0082cf00    00000020     ipc.lib : Ipc.obj (.text:ti_sdo_ipc_gates_GateMPSupportNull_query__F)
                  0082cf20    00000020             : Ipc.obj (.text:ti_sdo_ipc_gates_GateMPSupportNull_sharedMemReq__E)
                  0082cf40    00000020             : Ipc.obj (.text:ti_sdo_ipc_gates_GatePeterson_getReservedMask__E)
                  0082cf60    00000020     IpcMulticoreNavigator_pe66.oe66 (.text:ti_sdo_ipc_gates_GatePeterson_query__E)
                  0082cf80    00000020     ipc.lib : Ipc.obj (.text:ti_sdo_ipc_gates_GatePeterson_query__F)
                  0082cfa0    00000020     IpcMulticoreNavigator_pe66.oe66 (.text:ti_sdo_ipc_heaps_HeapBufMP_getStats__E)
                  0082cfc0    00000020     IpcMulticoreNavigator_pe66.oe66 (.text:ti_sdo_ipc_heaps_HeapBufMP_isBlocking__E)
                  0082cfe0    00000020     ipc.lib : Ipc.obj (.text:ti_sdo_ipc_heaps_HeapBufMP_isBlocking__F)
                  0082d000    00000020     IpcMulticoreNavigator_pe66.oe66 (.text:ti_sdo_ipc_heaps_HeapMemMP_isBlocking__E)
                  0082d020    00000020     ipc.lib : Ipc.obj (.text:ti_sdo_ipc_heaps_HeapMemMP_isBlocking__F)
                  0082d040    00000020     IpcMulticoreNavigator_pe66.oe66 (.text:ti_sdo_ipc_notifyDrivers_NotifyDriverShm_InterruptProxy_intClear__E)
                  0082d060    00000020     IpcMulticoreNavigator_pe66.oe66 (.text:ti_sdo_ipc_notifyDrivers_NotifyDriverShm_InterruptProxy_intDisable__E)
                  0082d080    00000020     IpcMulticoreNavigator_pe66.oe66 (.text:ti_sdo_ipc_notifyDrivers_NotifyDriverShm_InterruptProxy_intEnable__E)
                  0082d0a0    00000020     IpcMulticoreNavigator_pe66.oe66 (.text:ti_sdo_ipc_notifyDrivers_NotifyDriverShm_InterruptProxy_intSend__E)
                  0082d0c0    00000020     IpcMulticoreNavigator_pe66.oe66 (.text:ti_sdo_ipc_notifyDrivers_NotifyDriverShm_InterruptProxy_intUnregister__E)
                  0082d0e0    00000020     IpcMulticoreNavigator_pe66.oe66 (.text:ti_sdo_ipc_notifyDrivers_NotifyDriverShm_sharedMemReq__E)
                  0082d100    00000020     ipc.lib : Ipc.obj (.text:ti_sdo_ipc_nsremote_NameServerRemoteNotify_cbFxn__I)
                  0082d120    00000020             : Ipc.obj (.text:ti_sdo_utils_List_Instance_init__F)
                  0082d140    00000020     IpcMulticoreNavigator_pe66.oe66 (.text:ti_sdo_utils_MultiProc_getClusterId__E)
                  0082d160    00000020     ipc.lib : Ipc.obj (.text:ti_sdo_utils_MultiProc_getClusterId__F)
                  0082d180    00000020     IpcMulticoreNavigator_pe66.oe66 (.text:ti_sdo_utils_NameServer_Module__startupDone__S)
                  0082d1a0    00000020     IpcMulticoreNavigator_pe66.oe66 (.text:ti_sdo_utils_NameServer_Module_startup__E)
                  0082d1c0    00000020     IpcMulticoreNavigator_pe66.oe66 (.text:ti_sdo_utils_NameServer_SetupProxy_attach__E)
                  0082d1e0    00000020     IpcMulticoreNavigator_pe66.oe66 (.text:ti_sdo_utils_NameServer_SetupProxy_sharedMemReq__E)
                  0082d200    00000020     IpcMulticoreNavigator_pe66.oe66 (.text:ti_sysbios_BIOS_RtsGateProxy_enter__E)
                  0082d220    00000020     IpcMulticoreNavigator_pe66.oe66 (.text:ti_sysbios_BIOS_RtsGateProxy_leave__E)
                  0082d240    00000020     sysbios.lib : BIOS.obj (.text:ti_sysbios_BIOS_getThreadType__E)
                  0082d260    00000020                 : BIOS.obj (.text:ti_sysbios_BIOS_setThreadType__E)
                  0082d280    00000020     IpcMulticoreNavigator_pe66.oe66 (.text:ti_sysbios_family_c62_TaskSupport_Module__startupDone__S)
                  0082d2a0    00000020     sysbios.lib : BIOS.obj (.text:ti_sysbios_family_c62_TaskSupport_checkStack__E)
                  0082d2c0    00000020                 : BIOS.obj (.text:ti_sysbios_family_c62_TaskSupport_getStackAlignment__E)
                  0082d2e0    00000020     IpcMulticoreNavigator_pe66.oe66 (.text:ti_sysbios_family_c64p_Exception_Module_startup__E)
                  0082d300    00000020     IpcMulticoreNavigator_pe66.oe66 (.text:ti_sysbios_family_c64p_Hwi_Module__startupDone__S)
                  0082d320    00000020     IpcMulticoreNavigator_pe66.oe66 (.text:ti_sysbios_family_c64p_Hwi_Module_startup__E)
                  0082d340    00000020     sysbios.lib : BIOS.obj (.text:ti_sysbios_family_c64p_Hwi_clearInterrupt__E)
                  0082d360    00000020                 : BIOS.obj (.text:ti_sysbios_family_c64p_Hwi_getHandle__E)
                  0082d380    00000020                 : BIOS.obj (.text:ti_sysbios_family_c64p_Hwi_startup__E)
                  0082d3a0    00000020                 : BIOS.obj (.text:ti_sysbios_family_c64p_Hwi_switchFromBootStack__E)
                  0082d3c0    00000020                 : BIOS.obj (.text:ti_sysbios_family_c64p_Hwi_unPluggedInterrupt__I)
                  0082d3e0    00000020     IpcMulticoreNavigator_pe66.oe66 (.text:ti_sysbios_family_c64p_TimestampProvider_Module_startup__E)
                  0082d400    00000020     sysbios.lib : BIOS.obj (.text:ti_sysbios_family_c64p_TimestampProvider_Module_startup__F)
                  0082d420    00000020                 : BIOS.obj (.text:ti_sysbios_family_c64p_tci6488_TimerSupport_enable__E)
                  0082d440    00000020     IpcMulticoreNavigator_pe66.oe66 (.text:ti_sysbios_family_c66_Cache_Module_startup__E)
                  0082d460    00000020     sysbios.lib : BIOS.obj (.text:ti_sysbios_family_c66_Cache_inv__E)
                  0082d480    00000020                 : BIOS.obj (.text:ti_sysbios_family_c66_Cache_wbInv__E)
                  0082d4a0    00000020                 : BIOS.obj (.text:ti_sysbios_family_c66_Cache_wb__E)
                  0082d4c0    00000020     IpcMulticoreNavigator_pe66.oe66 (.text:ti_sysbios_family_c66_tci66xx_CpIntc_Module_startup__E)
                  0082d4e0    00000020     IpcMulticoreNavigator_pe66.oe66 (.text:ti_sysbios_family_c66_tci66xx_CpIntc_clearSysInt__E)
                  0082d500    00000020     sysbios.lib : BIOS.obj (.text:ti_sysbios_family_c66_tci66xx_CpIntc_clearSysInt__F)
                  0082d520    00000020     IpcMulticoreNavigator_pe66.oe66 (.text:ti_sysbios_family_c66_tci66xx_CpIntc_disableHostInt__E)
                  0082d540    00000020     sysbios.lib : BIOS.obj (.text:ti_sysbios_family_c66_tci66xx_CpIntc_disableHostInt__F)
                  0082d560    00000020     IpcMulticoreNavigator_pe66.oe66 (.text:ti_sysbios_family_c66_tci66xx_CpIntc_disableSysInt__E)
                  0082d580    00000020     sysbios.lib : BIOS.obj (.text:ti_sysbios_family_c66_tci66xx_CpIntc_disableSysInt__F)
                  0082d5a0    00000020     IpcMulticoreNavigator_pe66.oe66 (.text:ti_sysbios_family_c66_tci66xx_CpIntc_dispatch__E)
                  0082d5c0    00000020     IpcMulticoreNavigator_pe66.oe66 (.text:ti_sysbios_family_c66_tci66xx_CpIntc_enableHostInt__E)
                  0082d5e0    00000020     sysbios.lib : BIOS.obj (.text:ti_sysbios_family_c66_tci66xx_CpIntc_enableHostInt__F)
                  0082d600    00000020     IpcMulticoreNavigator_pe66.oe66 (.text:ti_sysbios_family_c66_tci66xx_CpIntc_enableSysInt__E)
                  0082d620    00000020     sysbios.lib : BIOS.obj (.text:ti_sysbios_family_c66_tci66xx_CpIntc_enableSysInt__F)
                  0082d640    00000020     IpcMulticoreNavigator_pe66.oe66 (.text:ti_sysbios_family_c66_tci66xx_CpIntc_getEventId__E)
                  0082d660    00000020     sysbios.lib : BIOS.obj (.text:ti_sysbios_family_c66_tci66xx_CpIntc_getEventId__F)
                  0082d680    00000020     IpcMulticoreNavigator_pe66.oe66 (.text:ti_sysbios_family_c66_tci66xx_CpIntc_mapSysIntToHostInt__E)
                  0082d6a0    00000020     IpcMulticoreNavigator_pe66.oe66 (.text:ti_sysbios_family_c66_tci66xx_CpIntc_unused__E)
                  0082d6c0    00000020     sysbios.lib : BIOS.obj (.text:ti_sysbios_gates_GateAll_Instance_init__F)
                  0082d6e0    00000020     IpcMulticoreNavigator_pe66.oe66 (.text:ti_sysbios_gates_GateAll_query__E)
                  0082d700    00000020     sysbios.lib : BIOS.obj (.text:ti_sysbios_gates_GateAll_query__F)
                  0082d720    00000020                 : BIOS.obj (.text:ti_sysbios_gates_GateHwi_Instance_init__F)
                  0082d740    00000020                 : BIOS.obj (.text:ti_sysbios_gates_GateHwi_enter__E)
                  0082d760    00000020                 : BIOS.obj (.text:ti_sysbios_gates_GateHwi_leave__E)
                  0082d780    00000020     IpcMulticoreNavigator_pe66.oe66 (.text:ti_sysbios_gates_GateHwi_query__E)
                  0082d7a0    00000020     sysbios.lib : BIOS.obj (.text:ti_sysbios_gates_GateHwi_query__F)
                  0082d7c0    00000020     IpcMulticoreNavigator_pe66.oe66 (.text:ti_sysbios_gates_GateMutexPri_query__E)
                  0082d7e0    00000020     sysbios.lib : BIOS.obj (.text:ti_sysbios_gates_GateMutexPri_query__F)
                  0082d800    00000020     IpcMulticoreNavigator_pe66.oe66 (.text:ti_sysbios_gates_GateMutex_query__E)
                  0082d820    00000020     sysbios.lib : BIOS.obj (.text:ti_sysbios_gates_GateMutex_query__F)
                  0082d840    00000020                 : BIOS.obj (.text:ti_sysbios_gates_GateSwi_Instance_init__F)
                  0082d860    00000020     IpcMulticoreNavigator_pe66.oe66 (.text:ti_sysbios_gates_GateSwi_query__E)
                  0082d880    00000020     sysbios.lib : BIOS.obj (.text:ti_sysbios_gates_GateSwi_query__F)
                  0082d8a0    00000020     IpcMulticoreNavigator_pe66.oe66 (.text:ti_sysbios_hal_Hwi_HwiProxy_Module__startupDone__S)
                  0082d8c0    00000020     IpcMulticoreNavigator_pe66.oe66 (.text:ti_sysbios_hal_Hwi_HwiProxy_clearInterrupt__E)
                  0082d8e0    00000020     IpcMulticoreNavigator_pe66.oe66 (.text:ti_sysbios_hal_Hwi_HwiProxy_disableInterrupt__E)
                  0082d900    00000020     IpcMulticoreNavigator_pe66.oe66 (.text:ti_sysbios_hal_Hwi_HwiProxy_enableInterrupt__E)
                  0082d920    00000020     IpcMulticoreNavigator_pe66.oe66 (.text:ti_sysbios_hal_Hwi_HwiProxy_startup__E)
                  0082d940    00000020     IpcMulticoreNavigator_pe66.oe66 (.text:ti_sysbios_hal_Hwi_HwiProxy_switchFromBootStack__E)
                  0082d960    00000020     IpcMulticoreNavigator_pe66.oe66 (.text:ti_sysbios_hal_Hwi_Module_startup__E)
                  0082d980    00000020     sysbios.lib : BIOS.obj (.text:ti_sysbios_hal_Hwi_Module_startup__F)
                  0082d9a0    00000020     IpcMulticoreNavigator_pe66.oe66 (.text:ti_sysbios_hal_Timer_Module__startupDone__S)
                  0082d9c0    00000020     IpcMulticoreNavigator_pe66.oe66 (.text:ti_sysbios_hal_Timer_Module_startup__E)
                  0082d9e0    00000020     sysbios.lib : BIOS.obj (.text:ti_sysbios_hal_Timer_Module_startup__F)
                  0082da00    00000020     IpcMulticoreNavigator_pe66.oe66 (.text:ti_sysbios_hal_Timer_TimerProxy_Module__startupDone__S)
                  0082da20    00000020     IpcMulticoreNavigator_pe66.oe66 (.text:ti_sysbios_hal_Timer_TimerProxy_getExpiredCounts__E)
                  0082da40    00000020     IpcMulticoreNavigator_pe66.oe66 (.text:ti_sysbios_hal_Timer_TimerProxy_getPeriod__E)
                  0082da60    00000020     IpcMulticoreNavigator_pe66.oe66 (.text:ti_sysbios_hal_Timer_TimerProxy_setNextTick__E)
                  0082da80    00000020     IpcMulticoreNavigator_pe66.oe66 (.text:ti_sysbios_hal_Timer_TimerProxy_startup__E)
                  0082daa0    00000020     IpcMulticoreNavigator_pe66.oe66 (.text:ti_sysbios_heaps_HeapMem_Module_GateProxy_enter__E)
                  0082dac0    00000020     IpcMulticoreNavigator_pe66.oe66 (.text:ti_sysbios_heaps_HeapMem_Module_GateProxy_leave__E)
                  0082dae0    00000020     IpcMulticoreNavigator_pe66.oe66 (.text:ti_sysbios_heaps_HeapMem_Module_GateProxy_query__E)
[...]
0083df8c   ti_sysbios_gates_GateSwi_A_badContext__C
0083df90   ti_sysbios_gates_GateSwi_Module__diagsEnabled__C
0083df94   ti_sysbios_gates_GateSwi_Module__diagsIncluded__C
0083df98   ti_sysbios_gates_GateSwi_Module__diagsMask__C
0083df9c   ti_sysbios_hal_Hwi_E_stackOverflow__C
0083dfa0   ti_sysbios_heaps_HeapMem_A_align__C
0083dfa4   ti_sysbios_heaps_HeapMem_A_heapSize__C
0083dfa8   ti_sysbios_heaps_HeapMem_A_invalidFree__C
0083dfac   ti_sysbios_heaps_HeapMem_A_zeroBlock__C
0083dfb0   ti_sysbios_heaps_HeapMem_E_memory__C
0083dfb4   ti_sysbios_heaps_HeapMem_Module__diagsEnabled__C
0083dfb8   ti_sysbios_heaps_HeapMem_Module__diagsIncluded__C
0083dfbc   ti_sysbios_heaps_HeapMem_Module__diagsMask__C
0083dfc0   ti_sysbios_heaps_HeapMem_Module__gateObj__C
0083dfc4   ti_sysbios_heaps_HeapMem_Object__count__C
0083dfc8   ti_sysbios_heaps_HeapMem_Object__table__C
0083dfcc   ti_sysbios_heaps_HeapMem_reqAlignMask__C
0083dfd0   ti_sysbios_heaps_HeapMem_reqAlign__C
0083dfd4   ti_sysbios_knl_Clock_A_badThreadType__C
0083dfd8   ti_sysbios_knl_Clock_LM_begin__C
0083dfdc   ti_sysbios_knl_Clock_LM_tick__C
0083dfe0   ti_sysbios_knl_Clock_LW_delayed__C
0083dfe4   ti_sysbios_knl_Clock_Module_State_clockQ__O
0083dfe8   ti_sysbios_knl_Clock_Module__diagsEnabled__C
0083dfec   ti_sysbios_knl_Clock_Module__diagsIncluded__C
0083dff0   ti_sysbios_knl_Clock_Module__diagsMask__C
0083dff4   ti_sysbios_knl_Clock_Module__loggerFxn1__C
0083dff8   ti_sysbios_knl_Clock_Module__loggerFxn2__C
0083dffc   ti_sysbios_knl_Clock_Module__loggerObj__C
0083e000   ti_sysbios_knl_Clock_tickMode__C
0083e004   ti_sysbios_knl_Clock_tickPeriod__C
0083e008   ti_sysbios_knl_Clock_tickSource__C
0083e00c   ti_sysbios_knl_Queue_Object__count__C
0083e010   ti_sysbios_knl_Idle_funcList__A
0083e014   ti_sysbios_knl_Queue_Object__table__C
0083e018   ti_sysbios_knl_Semaphore_A_badContext__C
0083e01c   ti_sysbios_knl_Semaphore_A_noEvents__C
0083e020   ti_sysbios_knl_Semaphore_Instance_State_pendQ__O
0083e024   ti_sysbios_knl_Semaphore_LM_pend__C
0083e028   ti_sysbios_knl_Semaphore_LM_post__C
0083e02c   ti_sysbios_knl_Semaphore_Module__diagsEnabled__C
0083e030   ti_sysbios_knl_Semaphore_Module__diagsIncluded__C
0083e034   ti_sysbios_knl_Semaphore_Module__diagsMask__C
0083e038   ti_sysbios_knl_Semaphore_Module__loggerFxn2__C
0083e03c   ti_sysbios_knl_Semaphore_Module__loggerFxn4__C
0083e040   ti_sysbios_knl_Semaphore_Module__loggerObj__C
0083e044   ti_sysbios_knl_Swi_A_badPriority__C
0083e048   ti_sysbios_knl_Swi_LD_end__C
0083e04c   ti_sysbios_knl_Swi_LM_begin__C
0083e050   ti_sysbios_knl_Swi_LM_post__C
0083e054   ti_sysbios_knl_Swi_Module__diagsEnabled__C
0083e058   ti_sysbios_knl_Swi_Module__diagsIncluded__C
0083e05c   ti_sysbios_knl_Swi_Module__diagsMask__C
0083e060   ti_sysbios_knl_Swi_Module__loggerFxn1__C
0083e064   ti_sysbios_knl_Swi_Module__loggerFxn4__C
0083e068   ti_sysbios_knl_Swi_Module__loggerObj__C
0083e06c   ti_sysbios_knl_Swi_Object__count__C
0083e070   ti_sysbios_knl_Swi_Object__table__C
0083e074   ti_sysbios_knl_Task_A_badPriority__C
0083e078   ti_sysbios_knl_Task_A_badTaskState__C
0083e07c   ti_sysbios_knl_Task_A_badThreadType__C
0083e080   ti_sysbios_knl_Task_A_badTimeout__C
0083e084   ti_sysbios_knl_Task_A_noPendElem__C
0083e088   ti_sysbios_knl_Task_E_spOutOfBounds__C
0083e08c   ti_sysbios_knl_Task_E_stackOverflow__C
0083e090   ti_sysbios_knl_Task_LD_block__C
0083e094   ti_sysbios_knl_Task_LD_exit__C
0083e098   ti_sysbios_knl_Task_LD_ready__C
0083e09c   ti_sysbios_knl_Task_LM_setPri__C
0083e0a0   ti_sysbios_knl_Task_LM_sleep__C
0083e0a4   ti_sysbios_knl_Task_LM_switch__C
0083e0a8   ti_sysbios_knl_Task_LM_yield__C
0083e0ac   ti_sysbios_knl_Task_Module_State_inactiveQ__O
0083e0b0   ti_sysbios_knl_Task_Module_State_terminatedQ__O
0083e0b4   ti_sysbios_knl_Task_Module__diagsEnabled__C
0083e0b8   ti_sysbios_knl_Task_Module__diagsIncluded__C
0083e0bc   ti_sysbios_knl_Task_Module__diagsMask__C
0083e0c0   ti_sysbios_knl_Task_Module__loggerFxn2__C
0083e0c4   ti_sysbios_knl_Task_Module__loggerFxn4__C
0083e0c8   ti_sysbios_knl_Task_Module__loggerObj__C
0083e0cc   ti_sysbios_knl_Task_Object__count__C
0083e0d0   ti_sysbios_knl_Task_Object__heap__C
0083e0d4   ti_sysbios_knl_Task_Object__table__C
0083e0d8   ti_sysbios_knl_Task_allBlockedFunc__C
0083e0dc   ti_sysbios_knl_Task_defaultStackHeap__C
0083e0e0   ti_sysbios_knl_Task_defaultStackSize__C
0083e0e4   ti_sysbios_knl_Task_numConstructedTasks__C
0083e0e8   ti_sysbios_knl_Task_numPriorities__C
0083e0ec   ti_sysbios_syncs_SyncSem_Module__diagsEnabled__C
0083e0f0   ti_sysbios_syncs_SyncSem_Module__diagsIncluded__C
0083e0f4   ti_sysbios_syncs_SyncSem_Module__diagsMask__C
0083e0f8   ti_sysbios_timers_timer64_Timer_A_notAvailable__C
0083e0fc   ti_sysbios_timers_timer64_Timer_E_cannotSupport__C
0083e100   ti_sysbios_timers_timer64_Timer_Module__diagsEnabled__C
0083e104   ti_sysbios_timers_timer64_Timer_Module__diagsIncluded__C
0083e108   ti_sysbios_timers_timer64_Timer_Module__diagsMask__C
0083e10c   ti_sysbios_timers_timer64_Timer_anyMask__C
0083e110   ti_sysbios_timers_timer64_Timer_freqDivisor__C
0083e114   ti_sysbios_timers_timer64_Timer_numLocalTimers__C
0083e118   ti_sysbios_timers_timer64_Timer_numTimerDevices__C
0083e11c   ti_sysbios_xdcruntime_GateThreadSupport_Instance_State_gate__O
0083e120   ti_transport_ipc_qmss_transports_TransportQmssSetup_descMemRegion__C
0083e124   ti_transport_ipc_qmss_transports_TransportQmssSetup_dspIntVectId__C
0083e128   ti_transport_ipc_qmss_transports_TransportQmss_A_AccumulatorListSize__C
0083e12c   ti_transport_ipc_qmss_transports_TransportQmss_A_descSzError__C
0083e130   ti_transport_ipc_qmss_transports_TransportQmss_A_qmssAccumulatorListNULL__C
0083e134   ti_transport_ipc_qmss_transports_TransportQmss_A_qmssError__C
0083e138   ti_transport_ipc_qmss_transports_TransportQmss_A_qmssIsrObjectNULL__C
0083e13c   ti_transport_ipc_qmss_transports_TransportQmss_A_qmssProcIdInvalid__C
0083e140   ti_transport_ipc_qmss_transports_TransportQmss_Module__diagsEnabled__C
0083e144   ti_transport_ipc_qmss_transports_TransportQmss_Module__diagsIncluded__C
0083e148   ti_transport_ipc_qmss_transports_TransportQmss_Module__diagsMask__C
0083e14c   ti_transport_ipc_qmss_transports_TransportQmss_accuHiPriListSize__C
0083e150   ti_transport_ipc_qmss_transports_TransportQmss_descriptorIsInSharedMem__C
0083e154   ti_transport_ipc_qmss_transports_TransportQmss_descriptorSize__C
0083e158   ti_transport_ipc_qmss_transports_TransportQmss_intThreshold__C
0083e15c   ti_transport_ipc_qmss_transports_TransportQmss_intcGemEvent__C
0083e160   ti_transport_ipc_qmss_transports_TransportQmss_numDescriptors__C
0083e164   ti_transport_ipc_qmss_transports_TransportQmss_pacingEnabled__C
0083e168   ti_transport_ipc_qmss_transports_TransportQmss_timerLoadCount__C
0083e16c   ti_transport_ipc_qmss_transports_TransportQmss_useAccumulatorLogic__C
0083e170   xdc_runtime_Assert_E_assertFailed__C
0083e174   xdc_runtime_Core_A_initializedParams__C
0083e178   xdc_runtime_Core_Module__diagsEnabled__C
0083e17c   xdc_runtime_Core_Module__diagsIncluded__C
0083e180   xdc_runtime_Core_Module__diagsMask__C
0083e184   xdc_runtime_Error_E_generic__C
0083e188   xdc_runtime_Error_E_memory__C
0083e18c   xdc_runtime_Error_Module__diagsEnabled__C
0083e190   xdc_runtime_Error_Module__diagsIncluded__C
0083e194   xdc_runtime_Error_Module__diagsMask__C
0083e198   xdc_runtime_Error_Module__loggerFxn8__C
0083e19c   xdc_runtime_Error_Module__loggerObj__C
0083e1a0   xdc_runtime_Error_policy__C
0083e1a4   xdc_runtime_Error_raiseHook__C
0083e1a8   xdc_runtime_IGateProvider_Interface__BASE__C
0083e1ac   xdc_runtime_IHeap_Interface__BASE__C
0083e1b0   xdc_runtime_IModule_Interface__BASE__C
0083e1b4   xdc_runtime_Log_L_error__C
0083e1b8   xdc_runtime_Memory_defaultHeapInstance__C
0083e1bc   xdc_runtime_Startup_execImpl__C
0083e1c0   xdc_runtime_Startup_lastFxns__A
0083e1c4   xdc_runtime_Startup_maxPasses__C
0083e1c8   xdc_runtime_Startup_sfxnRts__C
0083e1cc   xdc_runtime_Startup_sfxnTab__C
0083e1d0   xdc_runtime_Startup_startModsFxn__C
0083e1d4   xdc_runtime_System_Module__gateObj__C
0083e1d8   xdc_runtime_System_extendFxn__C
0083e1dc   xdc_runtime_System_maxAtexitHandlers__C
0083e1e0   xdc_runtime_Text_charTab__C
0083e1e4   xdc_runtime_Text_nameEmpty__C
0083e1e8   xdc_runtime_Text_nameStatic__C
0083e1ec   xdc_runtime_Text_nameUnknown__C
0083e1f0   xdc_runtime_Text_nodeTab__C
0083e1f4   xdc_runtime_Text_visitRopeFxn__C
0083e1f8   xdc_runtime_knl_ISync_Interface__BASE__C
0083e1fc   ti_sdo_ipc_GateMP_Module__id__C
0083e200   ti_sdo_ipc_GateMP_Module__loggerDefined__C
0083e204   ti_sdo_ipc_Ipc_Module__id__C
0083e208   ti_sdo_ipc_Ipc_generateSlaveDataForHost__C
0083e20c   ti_sdo_ipc_ListMP_Module__id__C
0083e210   ti_sdo_ipc_MessageQ_Module__id__C
0083e214   ti_sdo_ipc_MessageQ_Module__loggerDefined__C
0083e218   ti_sdo_ipc_Notify_Module__id__C
0083e21c   ti_sdo_ipc_Notify_numLines__C
0083e220   ti_sdo_ipc_Notify_reservedEvents__C
0083e224   ti_sdo_ipc_SharedRegion_Module__id__C
0083e228   ti_sdo_ipc_SharedRegion_numEntries__C
0083e22c   ti_sdo_ipc_SharedRegion_translate__C
0083e230   ti_sdo_ipc_family_c647x_Interrupt_enableKick__C
0083e234   ti_sdo_ipc_family_c647x_MultiProcSetup_Module__id__C
0083e238   ti_sdo_ipc_gates_GateHWSem_Module__id__C
0083e23c   ti_sdo_ipc_gates_GateMPSupportNull_Module__id__C
0083e240   ti_sdo_ipc_gates_GatePeterson_Module__id__C
0083e244   ti_sdo_ipc_heaps_HeapBufMP_Module__id__C
0083e248   ti_sdo_ipc_heaps_HeapBufMP_trackAllocs__C
0083e24c   ti_sdo_ipc_heaps_HeapMemMP_Module__id__C
0083e250   ti_sdo_ipc_notifyDrivers_NotifyDriverShm_Module__id__C
0083e254   ti_sdo_ipc_nsremote_NameServerRemoteNotify_Module__id__C
0083e258   ti_sdo_utils_MultiProc_Module__id__C
0083e25c   ti_sdo_utils_MultiProc_numProcessors__C
0083e260   ti_sdo_utils_MultiProc_numProcsInCluster__C
0083e264   ti_sdo_utils_NameServer_Module__id__C
0083e268   ti_sdo_utils_NameServer_singleProcessor__C
0083e26c   ti_sysbios_BIOS_Module__id__C
0083e270   ti_sysbios_family_c64p_Exception_Module__id__C
0083e274   ti_sysbios_family_c64p_Hwi_Module__id__C
0083e278   ti_sysbios_family_c64p_Hwi_Module__loggerDefined__C
0083e27c   ti_sysbios_family_c66_tci66xx_CpIntc_Module__id__C
0083e280   ti_sysbios_gates_GateMutexPri_Module__id__C
0083e284   ti_sysbios_gates_GateMutex_Module__id__C
0083e288   ti_sysbios_gates_GateSwi_Module__id__C
0083e28c   ti_sysbios_hal_Hwi_Module__id__C
0083e290   ti_sysbios_heaps_HeapMem_Module__id__C
0083e294   ti_sysbios_knl_Clock_Module__id__C
0083e298   ti_sysbios_knl_Clock_Module__loggerDefined__C
0083e29c   ti_sysbios_knl_Semaphore_Module__id__C
0083e2a0   ti_sysbios_knl_Semaphore_Module__loggerDefined__C
0083e2a4   ti_sysbios_knl_Swi_Module__id__C
0083e2a8   ti_sysbios_knl_Swi_Module__loggerDefined__C
0083e2ac   ti_sysbios_knl_Task_Module__id__C
0083e2b0   ti_sysbios_knl_Task_Module__loggerDefined__C
0083e2b4   ti_sysbios_knl_Task_deleteTerminatedTasks__C
0083e2b8   ti_sysbios_knl_Task_initStackFlag__C
0083e2bc   ti_sysbios_syncs_SyncSem_Module__id__C
0083e2c0   ti_sysbios_timers_timer64_Timer_Module__id__C
0083e2c4   ti_sysbios_timers_timer64_Timer_startupNeeded__C
0083e2c8   ti_transport_ipc_qmss_transports_TransportQmssSetup_cacheEnabled__C
0083e2cc   ti_transport_ipc_qmss_transports_TransportQmss_Module__id__C
0083e2d0   xdc_runtime_Core_Module__id__C
0083e2d4   xdc_runtime_Error_Module__loggerDefined__C
0083e2d8   xdc_runtime_Error_maxDepth__C
0083e2dc   xdc_runtime_Memory_Module__id__C
0083e2e0   xdc_runtime_Text_charCnt__C
0083e2e4   xdc_runtime_Text_isLoaded__C
0083e2e8   xdc_runtime_Text_registryModsLastId__C
0083e2ec   xdc_runtime_Text_unnamedModsLastId__C
0083e2f0   ti_sdo_ipc_GateMP_Module_State_0_remoteCustom1Gates__A
0083eaf0   ti_sysbios_family_c66_tci66xx_CpIntc_Module_State_0_dispatchTab__A
0083eff0   ti_sdo_ipc_GateMP_Module__root__V
0083eff8   ti_sdo_ipc_GateMP_Module__state__V
0083f040   ti_sdo_ipc_Ipc_Module__state__V
0083f04c   ti_sdo_ipc_ListMP_Module__root__V
0083f054   ti_sdo_ipc_ListMP_Module__state__V
0083f058   ti_sdo_ipc_MessageQ_Module__root__V
0083f060   ti_sdo_ipc_MessageQ_Module__state__V
0083f07c   ti_sdo_ipc_Notify_Module__root__V
0083f084   ti_sdo_ipc_Notify_Module__state__V
0083f08c   ti_sdo_ipc_SharedRegion_Module__state__V
0083f090   ti_sdo_ipc_family_c647x_Interrupt_Module__state__V
0083f098   ti_sdo_ipc_gates_GateHWSem_Module__root__V
0083f0a0   ti_sdo_ipc_gates_GateMPSupportNull_Module__root__V
0083f0a8   ti_sdo_ipc_gates_GatePeterson_Module__root__V
0083f0b0   ti_sdo_ipc_heaps_HeapBufMP_Module__root__V
0083f0b8   ti_sdo_ipc_heaps_HeapBufMP_Module__state__V
0083f0bc   ti_sdo_ipc_heaps_HeapMemMP_Module__root__V
0083f0c4   ti_sdo_ipc_heaps_HeapMemMP_Module__state__V
0083f0c8   ti_sdo_ipc_notifyDrivers_NotifyDriverShm_Module__root__V
0083f0d0   ti_sdo_ipc_nsremote_NameServerRemoteNotify_Module__root__V
0083f0d8   ti_sdo_ipc_transports_TransportShm_Module__root__V
0083f0e0   ti_sdo_ipc_transports_TransportShmSetup_Module__state__V
0083f0e4   ti_sdo_utils_List_Module__root__V
0083f0ec   ti_sdo_utils_MultiProc_Module__state__V
0083f0f0   ti_sdo_utils_NameServer_Module__root__V
0083f0f8   ti_sdo_utils_NameServer_Module__state__V
0083f100   ti_sdo_utils_NameServerRemoteNull_Module__root__V
0083f108   ti_sysbios_BIOS_Module__state__V
0083f124   ti_sysbios_family_c64p_Exception_Module__state__V
0083f150   ti_sysbios_family_c64p_Hwi_Module__root__V
0083f158   ti_sysbios_family_c64p_Hwi_Module__state__V
0083f1bc   ti_sysbios_family_c66_tci66xx_CpIntc_Module__state__V
0083f1cc   ti_sysbios_gates_GateAll_Module__root__V
0083f1d4   ti_sysbios_gates_GateHwi_Module__root__V
0083f1dc   ti_sysbios_gates_GateMutex_Module__root__V
0083f1e4   ti_sysbios_gates_GateMutexPri_Module__root__V
0083f1ec   ti_sysbios_gates_GateSwi_Module__root__V
0083f1f4   ti_sysbios_hal_Hwi_Module__root__V
0083f1fc   ti_sysbios_hal_Timer_Module__root__V
0083f204   ti_sysbios_heaps_HeapMem_Module__root__V
0083f20c   ti_sysbios_knl_Clock_Module__root__V
0083f214   ti_sysbios_knl_Clock_Module__state__V
0083f240   ti_sysbios_knl_Queue_Module__root__V
0083f248   ti_sysbios_knl_Semaphore_Module__root__V
0083f250   ti_sysbios_knl_Swi_Module__root__V
0083f258   ti_sysbios_knl_Swi_Module__state__V
0083f274   ti_sysbios_knl_Task_Module__root__V
0083f27c   ti_sysbios_knl_Task_Module__state__V
0083f2b0   ti_sysbios_syncs_SyncSem_Module__root__V
0083f2b8   ti_sysbios_timers_timer64_Timer_Module__root__V
0083f2c0   ti_sysbios_timers_timer64_Timer_Module__state__V
0083f2d4   ti_sysbios_xdcruntime_GateThreadSupport_Module__root__V
0083f2dc   ti_transport_ipc_qmss_transports_TransportQmss_Module__root__V
0083f2e4   ti_transport_ipc_qmss_transports_TransportQmss_Module__state__V
0083f2f8   ti_transport_ipc_qmss_transports_TransportQmssSetup_Module__state__V
0083f2fc   xdc_runtime_Error_Module__state__V
0083f300   xdc_runtime_GateNull_Module__root__V
0083f308   xdc_runtime_Memory_Module__state__V
0083f30c   xdc_runtime_Registry_Module__state__V
0083f314   xdc_runtime_Startup_Module__state__V
0083f31c   xdc_runtime_System_Module__state__V
0083f328   xdc_runtime_Text_Module__state__V
0083f330   xdc_runtime_knl_GateThread_Module__root__V
0083f338   __xdc__init__addr
0083f33c   _ft_end
0083f340   _ftable
0083f520   ti_sysbios_timers_timer64_Timer_Module_State_0_device__A
0083f6a0   qmssGblCfgParams
0083f7c0   ti_sdo_utils_NameServer_Object__table__V
0083f8d8   _lock
0083f8dc   _unlock
0083f980   ti_sdo_ipc_Ipc_Module_State_0_procEntry__A
0083fa20   ti_sdo_ipc_SharedRegion_Module_State_0_regions__A
0083fab0   ti_sdo_ipc_GateMP_Module_State_0_remoteSystemGates__A
0083fb30   ti_sysbios_knl_Swi_Module_State_0_readyQ__A
0083fbb0   ti_sysbios_knl_Task_Module_State_0_readyQ__A
0083fc30   ti_sysbios_timers_timer64_Timer_Module_State_0_gctrl__A
0083fcb0   ti_sysbios_timers_timer64_Timer_Module_State_0_handles__A
0083fd30   ti_sysbios_timers_timer64_Timer_Module_State_0_intFreqs__A
0083fe30   cppiGblCfgParams
0083fea8   cppiLObj
0083feb0   ti_sysbios_family_c66_tci66xx_CpIntc_Module_State_0_hostIntToSysInt__A
0083ff00   ti_sysbios_timers_timer64_Timer_Object__table__V
0083ff50   TSK_idle
0083ff50   ti_sysbios_knl_Task_Object__table__V
0083ff94   _cleanup_ptr
0083ff98   _dtors_ptr
0083ff9c   __TI_enable_exit_profile_output
0083ffa0   ti_sdo_ipc_MessageQ_Module_State_0_transports__A
0083ffe0   ti_sdo_ipc_family_c647x_Interrupt_Module_State_0_fxnTable__A
00840020   ti_sysbios_gates_GateMutex_Object__table__V
00840060   ti_sysbios_knl_Swi_Object__table__V
00840090   Qmss_highEoiVector
008400b0   ti_sdo_ipc_MessageQ_Module_State_0_heaps__A
008400d0   ti_sdo_ipc_Notify_Module_State_0_notifyHandles__A
008400f0   ti_sdo_ipc_transports_TransportShmSetup_Module_State_0_handles__A
00840110   ti_transport_ipc_qmss_transports_TransportQmssSetup_Module_State_0_handles__A
00840130   xdc_runtime_System_Module_State_0_atexitHandlers__A
00840150   ti_sysbios_family_c64p_Hwi_Object__table__V
00840170   ti_sysbios_gates_GateMutexPri_Object__table__V
00840190   ti_sysbios_family_c66_tci66xx_CpIntc_Module_State_0_initSIER__A
008401b0   ti_sysbios_heaps_HeapMem_Object__table__V
008401d0   Qmss_lowEoiVector
008401e0   ti_sysbios_family_c66_tci66xx_CpIntc_Module_State_0_controller__A
008401f0   ti_sysbios_gates_GateAll_Object__table__V
00840200   ti_sysbios_gates_GateSwi_Object__table__V
00840210   ti_sysbios_hal_Hwi_Object__table__V
00840220   ti_sysbios_hal_Timer_Object__table__V
00840230   ti_sdo_ipc_GateMP_Module_State_0_remoteCustom2Gates__A
00840240   ti_sdo_ipc_Notify_Module_State_0_notifyHandles_0__A
00840250   ti_sdo_ipc_Notify_Module_State_0_notifyHandles_1__A
00840260   ti_sdo_ipc_Notify_Module_State_0_notifyHandles_2__A
00840270   ti_sdo_ipc_Notify_Module_State_0_notifyHandles_3__A
00840280   ti_sdo_ipc_Notify_Module_State_0_notifyHandles_4__A
00840290   ti_sdo_ipc_Notify_Module_State_0_notifyHandles_5__A
008402a0   ti_sdo_ipc_Notify_Module_State_0_notifyHandles_6__A
008402b0   ti_sdo_ipc_Notify_Module_State_0_notifyHandles_7__A
008402c0   ti_sysbios_gates_GateHwi_Object__table__V
008402d0   xdc_runtime_GateNull_Object__table__V
008402e0   Qmss_cdmaEoiVector
008402e8   _stack
008412e8   __TI_STACK_END
00841400   ti_sysbios_family_c64p_Hwi0
00841420   ti_sysbios_family_c64p_Hwi1
00841440   ti_sysbios_family_c64p_Hwi2
00841460   ti_sysbios_family_c64p_Hwi3
00841480   ti_sysbios_family_c64p_Hwi4
008414a0   ti_sysbios_family_c64p_Hwi5
008414c0   ti_sysbios_family_c64p_Hwi6
008414e0   ti_sysbios_family_c64p_Hwi7
00841500   ti_sysbios_family_c64p_Hwi8
00841520   ti_sysbios_family_c64p_Hwi9
00841540   ti_sysbios_family_c64p_Hwi10
00841560   ti_sysbios_family_c64p_Hwi11
00841580   ti_sysbios_family_c64p_Hwi12
008415a0   ti_sysbios_family_c64p_Hwi13
008415c0   ti_sysbios_family_c64p_Hwi14
008415e0   ti_sysbios_family_c64p_Hwi15
00841670   __CIOBUF_
00841790   Ipc_sr0MemorySetup
00841790   __TI_STATIC_BASE
00841794   thisCoreNumber
00841798   gDataBufferMemMgrMaxSize
0084179c   qmssMallocCounter
008417a0   qmssFreeCounter
008417a4   cppiMallocCounter
008417a8   cppiFreeCounter
008417ac   srioMallocCounter
008417b0   srioFreeCounter
008417b4   srioDataBufferMallocCounter
008417b8   srioDataBufferFreeCounter
008417bc   qmssLObjIsValid
00842668   __TI_Handler_Table_Base
00842674   __TI_Handler_Table_Limit
00842750   __TI_CINIT_Base
00842820   __TI_CINIT_Limit
0c200000   monolithicDesc
0c240000   queueFree
0c242000   qmssGObj
0c242400   cppiObject
ffffffff   __TI_pprof_out_hndl
ffffffff   __TI_prof_data_size
ffffffff   __TI_prof_data_start
ffffffff   __binit__
ffffffff   __c_args__
ffffffff   binit

[1464 symbols]
