******************************************************************************
               TMS320C6x Linker PC v7.3.1                      
******************************************************************************
>> Linked Fri Mar 09 01:04:29 2012

OUTPUT FILE NAME:   <largeFIR_Energy.out>
ENTRY POINT SYMBOL: "_c_int00"  address: 0c006560


MEMORY CONFIGURATION

         name            origin    length      used     unused   attr    fill
----------------------  --------  ---------  --------  --------  ----  --------
  L2_SRAM               00800000   00080000  00042538  0003dac8  RWIX
  L1_SRAM               00f00000   00008000  00000000  00008000  RWIX
  MSMC_RAM              0c000000   000ec000  00006f94  000e506c  RWIX
  DDR3_RAM              80000000   04000000  00000020  03ffffe0  RWIX


SEGMENT ALLOCATION MAP

run origin  load origin   length   init length attrs members
----------  ----------- ---------- ----------- ----- -------
00800000    00800000    00042000   00000000    rw-
  00800000    00800000    00040000   00000000    rw- .L2
  00840000    00840000    00001000   00000000    rw- .stack
  00841000    00841000    00001000   00000000    rw- .sysmem
00842000    00842000    00000538   00000320    rw-
  00842000    00842000    00000320   00000320    rw- .fardata
  00842320    00842320    00000218   00000000    rw- .far
0c000000    0c000000    00006dbc   00006dbc    r-x
  0c000000    0c000000    00006be0   00006be0    r-x .text
  0c006be0    0c006be0    000001dc   000001dc    r-- .const
0c006dbc    0c006dbc    00000120   00000000    rw-
  0c006dbc    0c006dbc    00000120   00000000    rw- .cio
0c006edc    0c006edc    000000b8   000000b8    r--
  0c006edc    0c006edc    000000b8   000000b8    r-- .cinit
80000000    80000000    00000020   00000000    rw-
  80000000    80000000    00000020   00000000    rw- .DDR


SECTION ALLOCATION MAP

 output                                  attributes/
section   page    origin      length       input sections
--------  ----  ----------  ----------   ----------------
.L2        0    00800000    00040000     UNINITIALIZED
                  00800000    00040000     firMain.obj (.L2)

.stack     0    00840000    00001000     UNINITIALIZED
                  00840000    00000008     rts6600_elf.lib : boot.obj (.stack)
                  00840008    00000ff8     --HOLE--

.sysmem    0    00841000    00001000     UNINITIALIZED
                  00841000    00000008     rts6600_elf.lib : memory.obj (.sysmem)
                  00841008    00000ff8     --HOLE--

.fardata   0    00842000    00000320     
                  00842000    000001e0     rts6600_elf.lib : defs.obj (.fardata:_ftable)
                  008421e0    000000a0                     : lowlev.obj (.fardata:_stream)
                  00842280    00000078                     : lowlev.obj (.fardata:_device)
                  008422f8    0000000c                     : exit.obj (.fardata)
                  00842304    0000000c                     : memory.obj (.fardata)
                  00842310    00000008                     : _lock.obj (.fardata)
                  00842318    00000004                     : defs.obj (.fardata)
                  0084231c    00000004                     : rand.obj (.fardata)

.far       0    00842320    00000218     UNINITIALIZED
                  00842320    00000140     rts6600_elf.lib : defs.obj (.far)
                  00842460    000000d8                     : trgdrv.obj (.far)

.text      0    0c000000    00006be0     
                  0c000000    00000660     naturalCFilters.obj (.text)
                  0c000660    000005c0     rts6600_elf.lib : divd.obj (.text:__c6xabi_divd)
                  0c000c20    000005c0                     : _printfi.obj (.text:_getarg_diouxp)
                  0c0011e0    00000480                     : _printfi.obj (.text:_setfield)
                  0c001660    00000460                     : _printfi.obj (.text:_printfi)
                  0c001ac0    00000400     intrinsicCFilters.obj (.text)
                  0c001ec0    00000300     rts6600_elf.lib : fputs.obj (.text:fputs)
                  0c0021c0    000002e0                     : _printfi.obj (.text:_pproc_fwp)
                  0c0024a0    000002c0                     : _printfi.obj (.text:_pproc_fge)
                  0c002760    000002a0                     : _printfi.obj (.text:fcvt)
                  0c002a00    00000280                     : _printfi.obj (.text:ecvt)
                  0c002c80    00000280                     : memory.obj (.text:free)
                  0c002f00    00000240                     : imath64.obj (.text:__c6xabi_divull)
                  0c003140    00000240                     : _printfi.obj (.text:_pconv_e)
                  0c003380    00000240                     : _printfi.obj (.text:_pproc_diouxp)
                  0c0035c0    00000220                     : _printfi.obj (.text:_pproc_str)
                  0c0037e0    00000220     utilities.obj (.text)
                  0c003a00    00000200     rts6600_elf.lib : _printfi.obj (.text:_pconv_g)
                  0c003c00    000001c0                     : _printfi.obj (.text:_mcpy)
                  0c003dc0    000001c0                     : memory.obj (.text:malloc)
                  0c003f80    000001a0                     : trgdrv.obj (.text:HOSTrename)
                  0c004120    000001a0                     : imath40.obj (.text:__c6xabi_divul)
                  0c0042c0    00000180                     : copy_decompress_rle.obj (.text:__TI_decompress_rle_core)
                  0c004440    00000180                     : autoinit.obj (.text:_auto_init_elf)
                  0c0045c0    00000180                     : setvbuf.obj (.text:setvbuf)
                  0c004740    00000140                     : _printfi.obj (.text:_pproc_fflags)
                  0c004880    00000140                     : fputc.obj (.text:fputc)
                  0c0049c0    00000140                     : lowlev.obj (.text:getdevice)
                  0c004b00    00000120                     : _printfi.obj (.text:_ltostr)
                  0c004c20    00000120                     : _io_perm.obj (.text:_wrt_ok)
                  0c004d40    00000120                     : fclose.obj (.text:fclose)
                  0c004e60    00000120     firMain.obj (.text)
                  0c004f80    00000100     rts6600_elf.lib : trgdrv.obj (.text:HOSTlseek)
                  0c005080    00000100                     : cpy_tbl.obj (.text:copy_in)
                  0c005180    000000e0                     : trgdrv.obj (.text:HOSTopen)
                  0c005260    000000e0                     : _printfi.obj (.text:_div)
                  0c005340    000000e0                     : atoi.obj (.text:atoi)
                  0c005420    000000e0                     : lowlev.obj (.text:close)
                  0c005500    000000e0                     : copy_zero_init.obj (.text:decompress:ZI:__TI_zero_init)
                  0c0055e0    000000e0                     : exit.obj (.text:exit)
                  0c0056c0    000000e0                     : ltoa.obj (.text:ltoa)
                  0c0057a0    000000e0                     : memset.obj (.text:memset)
                  0c005880    000000c0                     : trgdrv.obj (.text:HOSTread)
                  0c005940    000000c0                     : trgdrv.obj (.text:HOSTunlink)
                  0c005a00    000000c0                     : trgdrv.obj (.text:HOSTwrite)
                  0c005ac0    000000c0                     : divu.obj (.text:__divu)
                  0c005b80    000000c0                     : fopen.obj (.text:_cleanup)
                  0c005c40    000000c0                     : fflush.obj (.text:_doflush)
                  0c005d00    000000c0                     : fseek.obj (.text:fseek)
                  0c005dc0    000000c0                     : lowlev.obj (.text:lseek)
                  0c005e80    000000c0                     : lowlev.obj (.text:write)
                  0c005f40    000000a0                     : trgdrv.obj (.text:HOSTclock)
                  0c005fe0    000000a0                     : trgdrv.obj (.text:HOSTclose)
                  0c006080    000000a0                     : _printfi.obj (.text:_ecpy)
                  0c006120    000000a0                     : _printfi.obj (.text:_fcpy)
                  0c0061c0    000000a0                     : _printfi.obj (.text:_pconv_f)
                  0c006260    000000a0                     : lowlev.obj (.text:finddevice)
                  0c006300    000000a0                     : memcpy64.obj (.text:memcpy)
                  0c0063a0    000000a0                     : memory.obj (.text:minsert)
                  0c006440    000000a0                     : memory.obj (.text:mremove)
                  0c0064e0    00000080                     : llshift.obj (.text:__c6xabi_llshl)
                  0c006560    00000080                     : boot.obj (.text:_c_int00)
                  0c0065e0    00000080                     : memory.obj (.text:_minit)
                  0c006660    00000080                     : printf.obj (.text:printf)
                  0c0066e0    00000080                     : rand.obj (.text:rand)
                  0c006760    00000080                     : trgmsg.obj (.text:readmsg)
                  0c0067e0    00000080                     : lowlev.obj (.text:unlink)
                  0c006860    00000060                     : frcmpyd_div.obj (.text:__c6xabi_frcmpyd_div)
                  0c0068c0    00000060                     : llshift.obj (.text:__c6xabi_llshru)
                  0c006920    00000060                     : imath64.obj (.text:_subcull)
                  0c006980    00000060                     : memccpy.obj (.text:memccpy)
                  0c0069e0    00000060                     : trgmsg.obj (.text:writemsg)
                  0c006a40    00000040                     : isinf.obj (.text:__c6xabi_isinf)
                  0c006a80    00000040                     : _printfi.obj (.text:__c6xabi_isnan)
                  0c006ac0    00000040                     : args_main.obj (.text:_args_main)
                  0c006b00    00000020                     : negll.obj (.text:__c6xabi_negll)
                  0c006b20    00000020                     : _lock.obj (.text:_nop)
                  0c006b40    00000020                     : printf.obj (.text:_outc)
                  0c006b60    00000020                     : printf.obj (.text:_outs)
                  0c006b80    00000020                     : exit.obj (.text:abort)
                  0c006ba0    00000020                     : copy_decompress_none.obj (.text:decompress:none:__TI_decompress_none)
                  0c006bc0    00000020                     : copy_decompress_rle.obj (.text:decompress:rle24:__TI_decompress_rle24)

.const     0    0c006be0    000001dc     
                  0c006be0    00000101     rts6600_elf.lib : ctype.obj (.const:_ctypes_)
                  0c006ce1    0000005e     firMain.obj (.const)
                  0c006d3f    0000005a     utilities.obj (.const)
                  0c006d99    00000023     rts6600_elf.lib : _printfi.obj (.const)

.cio       0    0c006dbc    00000120     UNINITIALIZED
                  0c006dbc    00000120     rts6600_elf.lib : trgmsg.obj (.cio)

.cinit     0    0c006edc    000000b8     
                  0c006edc    00000074     (.cinit..fardata.load) [load image, compression = rle]
                  0c006f50    0000000c     (__TI_handler_table)
                  0c006f5c    00000008     (.cinit..DDR.load) [load image, compression = zero_init]
                  0c006f64    00000008     (.cinit..L2.load) [load image, compression = zero_init]
                  0c006f6c    00000008     (.cinit..far.load) [load image, compression = zero_init]
                  0c006f74    00000020     (__TI_cinit_table)

.DDR       0    80000000    00000020     UNINITIALIZED
                  80000000    00000020     firMain.obj (.DDR)


LINKER GENERATED COPY TABLES

__TI_cinit_table @ 0c006f74 records: 4, size/record: 8, table size: 32
	.fardata: load addr=0c006edc, load size=00000074 bytes, run addr=00842000, run size=00000320 bytes, compression=rle
	.DDR: load addr=0c006f5c, load size=00000008 bytes, run addr=80000000, run size=00000020 bytes, compression=zero_init
	.L2: load addr=0c006f64, load size=00000008 bytes, run addr=00800000, run size=00040000 bytes, compression=zero_init
	.far: load addr=0c006f6c, load size=00000008 bytes, run addr=00842320, run size=00000218 bytes, compression=zero_init


LINKER GENERATED HANDLER TABLE

__TI_handler_table @ 0c006f50 records: 3, size/record: 4, table size: 12
	index: 0, handler: __TI_zero_init
	index: 1, handler: __TI_decompress_rle24
	index: 2, handler: __TI_decompress_none


GLOBAL SYMBOLS: SORTED ALPHABETICALLY BY Name 

address    name
--------   ----
0c006b80   C$$EXIT
0c006a38   C$$IO$$
0c005f40   HOSTclock
0c005fe0   HOSTclose
0c004f80   HOSTlseek
0c005180   HOSTopen
0c005880   HOSTread
0c003f80   HOSTrename
0c005940   HOSTunlink
0c005a00   HOSTwrite
0c006dbc   __CIOBUF_
0c006f74   __TI_CINIT_Base
0c006f94   __TI_CINIT_Limit
0c006f50   __TI_Handler_Table_Base
0c006f5c   __TI_Handler_Table_Limit
00841000   __TI_STACK_END
00001000   __TI_STACK_SIZE
00000000   __TI_STATIC_BASE
00001000   __TI_SYSMEM_SIZE
00000001   __TI_args_main
0c006ba0   __TI_decompress_none
0c006bc0   __TI_decompress_rle24
00842300   __TI_enable_exit_profile_output
ffffffff   __TI_pprof_out_hndl
ffffffff   __TI_prof_data_size
ffffffff   __TI_prof_data_start
0c005500   __TI_zero_init
ffffffff   __binit__
0c000660   __c6xabi_divd
0c005ac0   __c6xabi_divu
0c004120   __c6xabi_divul
0c002f00   __c6xabi_divull
0c006860   __c6xabi_frcmpyd_div
0c006a40   __c6xabi_isinf
0c0064e0   __c6xabi_llshl
0c0068c0   __c6xabi_llshru
0c006b00   __c6xabi_negll
ffffffff   __c_args__
0c005ac0   __divu
0c006ac0   _args_main
0c004440   _auto_init_elf
0c006560   _c_int00
0c005b80   _cleanup
008422f8   _cleanup_ptr
0c006be0   _ctypes_
0c005c40   _doflush
008422fc   _dtors_ptr
00842318   _ft_end
00842000   _ftable
00842310   _lock
0c0065e0   _minit
0c006b20   _nop
0c001660   _printfi
00840000   _stack
0c006920   _subcull
00841000   _sys_memory
00842320   _tmpnams
00842314   _unlock
0c004c20   _wrt_ok
0c006b80   abort
0c005340   atoi
ffffffff   binit
0c005f40   clock
0c005420   close
0c0038e4   compareValues
0c0038cc   complexMultiply
0c005080   copy_in
0c0055e0   exit
0c004d40   fclose
0c004880   fputc
0c001ec0   fputs
0c002c80   free
0c005d00   fseek
0c00386c   generateData
00800000   inputComplex
0c001ac0   intrinsicC_filters
0c005dc0   lseek
0c0056c0   ltoa
0c004e60   main
0c003dc0   malloc
0c006980   memccpy
0c006300   memcpy
0c0057a0   memset
0c000000   naturalC_filters
80000000   outputEnergy1
80000010   outputEnergy2
0c0037e0   printPower
0c006660   printf
0c004880   putc
0c0066e0   rand
0c006760   readmsg
0c0067e0   remove
0c0045c0   setvbuf
0c0067e0   unlink
0c005e80   write
0c0069e0   writemsg


GLOBAL SYMBOLS: SORTED BY Symbol Address 

address    name
--------   ----
00000000   __TI_STATIC_BASE
00000001   __TI_args_main
00001000   __TI_STACK_SIZE
00001000   __TI_SYSMEM_SIZE
00800000   inputComplex
00840000   _stack
00841000   __TI_STACK_END
00841000   _sys_memory
00842000   _ftable
008422f8   _cleanup_ptr
008422fc   _dtors_ptr
00842300   __TI_enable_exit_profile_output
00842310   _lock
00842314   _unlock
00842318   _ft_end
00842320   _tmpnams
0c000000   naturalC_filters
0c000660   __c6xabi_divd
0c001660   _printfi
0c001ac0   intrinsicC_filters
0c001ec0   fputs
0c002c80   free
0c002f00   __c6xabi_divull
0c0037e0   printPower
0c00386c   generateData
0c0038cc   complexMultiply
0c0038e4   compareValues
0c003dc0   malloc
0c003f80   HOSTrename
0c004120   __c6xabi_divul
0c004440   _auto_init_elf
0c0045c0   setvbuf
0c004880   fputc
0c004880   putc
0c004c20   _wrt_ok
0c004d40   fclose
0c004e60   main
0c004f80   HOSTlseek
0c005080   copy_in
0c005180   HOSTopen
0c005340   atoi
0c005420   close
0c005500   __TI_zero_init
0c0055e0   exit
0c0056c0   ltoa
0c0057a0   memset
0c005880   HOSTread
0c005940   HOSTunlink
0c005a00   HOSTwrite
0c005ac0   __c6xabi_divu
0c005ac0   __divu
0c005b80   _cleanup
0c005c40   _doflush
0c005d00   fseek
0c005dc0   lseek
0c005e80   write
0c005f40   HOSTclock
0c005f40   clock
0c005fe0   HOSTclose
0c006300   memcpy
0c0064e0   __c6xabi_llshl
0c006560   _c_int00
0c0065e0   _minit
0c006660   printf
0c0066e0   rand
0c006760   readmsg
0c0067e0   remove
0c0067e0   unlink
0c006860   __c6xabi_frcmpyd_div
0c0068c0   __c6xabi_llshru
0c006920   _subcull
0c006980   memccpy
0c0069e0   writemsg
0c006a38   C$$IO$$
0c006a40   __c6xabi_isinf
0c006ac0   _args_main
0c006b00   __c6xabi_negll
0c006b20   _nop
0c006b80   C$$EXIT
0c006b80   abort
0c006ba0   __TI_decompress_none
0c006bc0   __TI_decompress_rle24
0c006be0   _ctypes_
0c006dbc   __CIOBUF_
0c006f50   __TI_Handler_Table_Base
0c006f5c   __TI_Handler_Table_Limit
0c006f74   __TI_CINIT_Base
0c006f94   __TI_CINIT_Limit
80000000   outputEnergy1
80000010   outputEnergy2
ffffffff   __TI_pprof_out_hndl
ffffffff   __TI_prof_data_size
ffffffff   __TI_prof_data_start
ffffffff   __binit__
ffffffff   __c_args__
ffffffff   binit

[96 symbols]
