******************************************************************************
               TMS320C6x Linker PC v7.3.5                      
******************************************************************************
>> Linked Mon Sep 10 15:25:35 2012

OUTPUT FILE NAME:   <IpcSharedMemory.out>
ENTRY POINT SYMBOL: "_c_int00"  address: 00823620


MEMORY CONFIGURATION

         name            origin    length      used     unused   attr    fill
----------------------  --------  ---------  --------  --------  ----  --------
  L2SRAM                00800000   00040000  0003acc0  00005340  RW X
  MSMCSRAM              0c000000   00400000  00200000  00200000  RW X
  DDR3                  80000000   20000000  00000000  20000000  RWIX


SEGMENT ALLOCATION MAP

run origin  load origin   length   init length attrs members
----------  ----------- ---------- ----------- ----- -------
00800000    00800000    00028ac0   00028ac0    r-x
  00800000    00800000    00028ac0   00028ac0    r-x .text
00828ac0    00828ac0    0000a82e   00000000    rw-
  00828ac0    00828ac0    0000a828   00000000    rw- .far.1
  008332e8    008332e8    00000006   00000000    rw- .bss
008332f0    008332f0    00000218   00000000    rw-
  008332f0    008332f0    00000218   00000000    rw- .far.2
00833510    00833510    000000a0   00000000    rw-
  00833510    00833510    000000a0   00000000    rw- .far.3
008335b0    008335b0    000042ba   000042ba    r--
  008335b0    008335b0    000042ba   000042ba    r-- .const
00837870    00837870    00001718   00001718    rw-
  00837870    00837870    00001718   00001718    rw- .fardata.1
00838f90    00838f90    00000018   00000018    rw-
  00838f90    00838f90    00000018   00000018    rw- .fardata.2
00838fb0    00838fb0    00000014   00000014    rw-
  00838fb0    00838fb0    00000014   00000014    rw- .fardata.3
00838fd0    00838fd0    00000028   00000028    rw-
  00838fd0    00838fd0    00000028   00000028    rw- .fardata.4
00839000    00839000    00000008   00000008    rw-
  00839000    00839000    00000008   00000008    rw- .fardata.5
00839010    00839010    00000004   00000004    rw-
  00839010    00839010    00000004   00000004    rw- .fardata.6
00839020    00839020    00000004   00000004    rw-
  00839020    00839020    00000004   00000004    rw- .fardata.7
00839030    00839030    00000004   00000004    rw-
  00839030    00839030    00000004   00000004    rw- .fardata.8
00839040    00839040    00000004   00000004    rw-
  00839040    00839040    00000004   00000004    rw- .fardata.9
00839050    00839050    00000004   00000004    rw-
  00839050    00839050    00000004   00000004    rw- .fardata.10
00839060    00839060    00000004   00000004    rw-
  00839060    00839060    00000004   00000004    rw- .fardata.11
00839070    00839070    00000004   00000004    rw-
  00839070    00839070    00000004   00000004    rw- .fardata.12
00839080    00839080    00000004   00000004    rw-
  00839080    00839080    00000004   00000004    rw- .fardata.13
00839090    00839090    00000004   00000004    rw-
  00839090    00839090    00000004   00000004    rw- .fardata.14
008390a0    008390a0    00000004   00000004    rw-
  008390a0    008390a0    00000004   00000004    rw- .fardata.15
008390b0    008390b0    00000004   00000004    rw-
  008390b0    008390b0    00000004   00000004    rw- .fardata.16
008390b8    008390b8    00001120   00000000    rw-
  008390b8    008390b8    00001000   00000000    rw- .stack
  0083a0b8    0083a0b8    00000120   00000000    rw- .cio
0083a1d8    0083a1d8    00000010   00000010    r--
  0083a1d8    0083a1d8    00000010   00000010    r-- .switch
0083a400    0083a400    00000b90   00000b90    r-x
  0083a400    0083a400    00000200   00000200    r-x .vecs
  0083a600    0083a600    00000990   00000990    r-- .cinit


SECTION ALLOCATION MAP

 output                                  attributes/
section   page    origin      length       input sections
--------  ----  ----------  ----------   ----------------
.init_array 
*          0    00800000    00000000     UNINITIALIZED

xdc.meta   0    00800000    00000158     COPY SECTION
                  00800000    00000158     InterprocessorCommunication_pe66.oe66 (xdc.meta)

.text      0    00800000    00028ac0     
                  00800000    00001220     ipc.lib : Ipc.obj (.text:ti_sdo_ipc_GateMP_Instance_init__F)
                  00801220    00000a60             : Ipc.obj (.text:ti_sdo_ipc_heaps_HeapMemMP_alloc__E)
                  00801c80    000009e0             : Ipc.obj (.text:ti_sdo_ipc_heaps_HeapMemMP_free__E)
                  00802660    000009a0             : Ipc.obj (.text:Ipc_attach)
                  00803000    000009a0     ti.targets.rts6000.ae66 : System.oe66 (.text:xdc_runtime_System_doPrint__I)
                  008039a0    00000920     ipc.lib : Ipc.obj (.text:ti_sdo_ipc_transports_TransportShm_Instance_init__F)
                  008042c0    00000880             : Ipc.obj (.text:ti_sdo_ipc_ListMP_Instance_init__F)
                  00804b40    00000860             : Ipc.obj (.text:ti_sdo_ipc_GateMP_Instance_finalize__F)
                  008053a0    00000840             : Ipc.obj (.text:MessageQ_put)
                  00805be0    00000820             : Ipc.obj (.text:ti_sdo_ipc_heaps_HeapBufMP_Instance_init__F)
                  00806400    00000800             : Ipc.obj (.text:ti_sdo_ipc_heaps_HeapBufMP_postInit__I)
                  00806c00    00000780             : Ipc.obj (.text:ti_sdo_ipc_heaps_HeapMemMP_Instance_init__F)
                  00807380    00000780     sysbios.lib : BIOS.obj (.text:ti_sysbios_family_c64p_Exception_handler__I)
                  00807b00    000006c0     ipc.lib : Ipc.obj (.text:ti_sdo_ipc_nsremote_NameServerRemoteNotify_Instance_init__F)
                  008081c0    000006a0             : Ipc.obj (.text:NameServer_add)
                  00808860    00000660     sysbios.lib : BIOS.obj (.text:ti_sysbios_heaps_HeapMem_free__E)
                  00808ec0    00000620     ipc.lib : Ipc.obj (.text:Notify_sendEvent)
                  008094e0    00000620     sysbios.lib : BIOS.obj (.text:ti_sysbios_heaps_HeapMem_alloc__E)
                  00809b00    000005e0     ipc.lib : Ipc.obj (.text:Notify_registerEventSingle)
                  0080a0e0    000005c0             : Ipc.obj (.text:ListMP_getHead)
                  0080a6a0    000005c0             : Ipc.obj (.text:Notify_unregisterEventSingle)
                  0080ac60    000005c0             : Ipc.obj (.text:ti_sdo_ipc_SharedRegion_start__F)
                  0080b220    000005a0     sysbios.lib : BIOS.obj (.text:ti_sysbios_timers_timer64_Timer_Module_startup__F)
                  0080b7c0    00000580     ipc.lib : Ipc.obj (.text:ti_sdo_ipc_nsremote_NameServerRemoteNotify_get__F)
                  0080bd40    00000580             : Ipc.obj (.text:ti_sdo_ipc_transports_TransportShm_put__E)
                  0080c2c0    00000560             : Ipc.obj (.text:MessageQ_free)
                  0080c820    00000560             : Ipc.obj (.text:NameServer_get)
                  0080cd80    00000540             : Ipc.obj (.text:ti_sdo_ipc_Ipc_procSyncStart__I)
                  0080d2c0    00000500     sysbios.lib : BIOS.obj (.text:ti_sysbios_knl_Task_Instance_finalize__F)
                  0080d7c0    000004e0     ipc.lib : Ipc.obj (.text:ti_sdo_ipc_notifyDrivers_NotifyDriverShm_Instance_init__F)
                  0080dca0    000004a0             : Ipc.obj (.text:HeapBufMP_sharedMemReq)
                  0080e140    000004a0             : Ipc.obj (.text:ti_sdo_ipc_gates_GatePeterson_Instance_init__F)
                  0080e5e0    000004a0             : Ipc.obj (.text:ti_sdo_ipc_nsremote_NameServerRemoteNotify_swiFxn__I)
                  0080ea80    00000480     InterProcessorCommunication.obj (.text)
                  0080ef00    00000480     sysbios.lib : BIOS.obj (.text:ti_sysbios_knl_Task_Module_startup__F)
                  0080f380    00000460     ipc.lib : Ipc.obj (.text:ti_sdo_ipc_GateMP_setRegion0Reserved__F)
                  0080f7e0    00000460             : Ipc.obj (.text:ti_sdo_ipc_Ipc_procSyncFinish__I)
                  0080fc40    00000460             : Ipc.obj (.text:ti_sdo_ipc_MessageQ_Instance_init__F)
                  008100a0    00000440             : Ipc.obj (.text:ListMP_putTail)
                  008104e0    00000440             : Ipc.obj (.text:ti_sdo_ipc_heaps_HeapMemMP_getStats__E)
                  00810920    00000440             : Ipc.obj (.text:ti_sdo_ipc_heaps_HeapMemMP_postInit__I)
                  00810d60    00000400             : Ipc.obj (.text:ti_sdo_ipc_Notify_Instance_init__F)
                  00811160    00000400     sysbios.lib : BIOS.obj (.text:ti_sysbios_knl_Semaphore_pend__E)
                  00811560    000003c0     ipc.lib : Ipc.obj (.text:ti_sdo_ipc_SharedRegion_reserveMemory__F)
                  00811920    000003c0     sysbios.lib : BIOS.obj (.text:ti_sysbios_knl_Swi_schedule__I)
                  00811ce0    000003c0                 : BIOS.obj (.text:ti_sysbios_knl_Task_Instance_init__F)
                  008120a0    000003c0                 : BIOS.obj (.text:ti_sysbios_knl_Task_setPri__E)
                  00812460    00000380     ipc.lib : Ipc.obj (.text:HeapMemMP_sharedMemReq)
                  008127e0    00000380             : Ipc.obj (.text:MessageQ_alloc)
                  00812b60    00000340             : Ipc.obj (.text:GateMP_sharedMemReq)
                  00812ea0    00000340     sysbios.lib : BIOS.obj (.text:ti_sysbios_knl_Swi_restoreHwi__E)
                  008131e0    00000320     ipc.lib : Ipc.obj (.text:HeapBufMP_open)
                  00813500    00000300     sysbios.lib : BIOS.obj (.text:ti_sysbios_family_c64p_Hwi_dispatchC__I)
                  00813800    000002e0     ipc.lib : Ipc.obj (.text:GateMP_openByAddr)
                  00813ae0    000002e0             : Ipc.obj (.text:SharedRegion_getEntry)
                  00813dc0    000002e0             : Ipc.obj (.text:SharedRegion_getPtr)
                  008140a0    000002e0             : Ipc.obj (.text:ti_sdo_ipc_heaps_HeapBufMP_free__E)
                  00814380    000002e0             : Ipc.obj (.text:ti_sdo_ipc_transports_TransportShm_openByAddr__F)
                  00814660    000002e0     sysbios.lib : BIOS.obj (.text:ti_sysbios_gates_GateMutexPri_enter__E)
                  00814940    000002c0     ipc.lib : Ipc.obj (.text:MessageQ_open)
                  00814c00    000002c0             : Ipc.obj (.text:ti_sdo_ipc_notifyDrivers_NotifyDriverShm_isr__I)
                  00814ec0    000002a0             : Ipc.obj (.text:Ipc_start)
                  00815160    000002a0             : Ipc.obj (.text:NameServer_getLocal)
                  00815400    000002a0             : Ipc.obj (.text:ti_sdo_ipc_heaps_HeapBufMP_Instance_finalize__F)
                  008156a0    000002a0     sysbios.lib : BIOS.obj (.text:ti_sysbios_knl_Clock_workFunc__E)
                  00815940    000002a0                 : BIOS.obj (.text:ti_sysbios_knl_Task_sleep__E)
                  00815be0    00000280     ipc.lib : Ipc.obj (.text:SharedRegion_getSRPtr)
                  00815e60    00000280     sysbios.lib : BIOS.obj (.text:deviceConfig$44)
                  008160e0    00000280     ipc.lib : Ipc.obj (.text:ti_sdo_ipc_notifyDrivers_NotifyDriverShm_sharedMemReq__F)
                  00816360    00000280     sysbios.lib : BIOS.obj (.text:ti_sysbios_knl_Clock_Instance_init__F)
                  008165e0    00000280                 : BIOS.obj (.text:ti_sysbios_knl_Task_exit__E)
                  00816860    00000280     ti.targets.rts6000.ae66 : Core-mem.oe66 (.text:xdc_runtime_Core_createObject__I)
                  00816ae0    00000280                             : Error.oe66 (.text:xdc_runtime_Error_raiseX__F)
                  00816d60    00000260     ipc.lib : Ipc.obj (.text:ListMP_sharedMemReq)
                  00816fc0    00000260             : Ipc.obj (.text:ti_sdo_ipc_ListMP_Instance_finalize__F)
                  00817220    00000260             : Ipc.obj (.text:ti_sdo_ipc_heaps_HeapMemMP_Instance_finalize__F)
                  00817480    00000260             : Ipc.obj (.text:ti_sdo_ipc_notifyDrivers_NotifyDriverShm_disableEvent__E)
                  008176e0    00000260     ti.targets.rts6000.ae66 : Startup.oe66 (.text:xdc_runtime_Startup_startMods__I)
                  00817940    00000260     InterprocessorCommunication_pe66.oe66 (.text:xdc_runtime_System_printfExtend__I)
                  00817ba0    00000240     rts6600_elf.lib : imath64.obj (.text:__c6xabi_divull)
                  00817de0    00000240     ipc.lib : Ipc.obj (.text:ti_sdo_ipc_MessageQ_Instance_finalize__F)
                  00818020    00000240     sysbios.lib : BIOS.obj (.text:ti_sysbios_family_c64p_Exception_internalHandler__I)
                  00818260    00000220                 : BIOS.obj (.text:ti_sysbios_knl_Task_schedule__I)
                  00818480    00000220                 : BIOS.obj (.text:ti_sysbios_knl_Task_startup__E)
                  008186a0    00000200     ipc.lib : Ipc.obj (.text:GateMP_enter)
                  008188a0    00000200             : Ipc.obj (.text:GateMP_leave)
                  00818aa0    00000200             : Ipc.obj (.text:ListMP_openByAddr)
                  00818ca0    00000200     sysbios.lib : c64p_Hwi_disp_always.obj (.text:_ti_sysbios_family_c64p_Hwi_dispatchAlways)
                  00818ea0    00000200                 : BIOS.obj (.text:block$54)
                  008190a0    00000200     ipc.lib : Ipc.obj (.text:ti_sdo_ipc_family_c647x_MultiProcSetup_init__I)
                  008192a0    00000200             : Ipc.obj (.text:ti_sdo_ipc_heaps_HeapBufMP_alloc__E)
                  008194a0    00000200             : Ipc.obj (.text:ti_sdo_ipc_notifyDrivers_NotifyDriverShm_sendEvent__E)
                  008196a0    00000200             : Ipc.obj (.text:ti_sdo_ipc_transports_TransportShm_Instance_finalize__F)
                  008198a0    00000200     sysbios.lib : BIOS.obj (.text:ti_sysbios_family_c64p_Hwi_reconfig__E)
                  00819aa0    000001e0     ipc.lib : Ipc.obj (.text:ti_sdo_ipc_GateMP_attach__F)
                  00819c80    000001e0             : Ipc.obj (.text:ti_sdo_ipc_GateMP_getFreeResource__I)
                  00819e60    000001e0     sysbios.lib : BIOS.obj (.text:ti_sysbios_knl_Task_postInit__I)
                  0081a040    000001e0                 : BIOS.obj (.text:ti_sysbios_timers_timer64_Timer_getFreq__E)
                  0081a220    000001c0     ipc.lib : Ipc.obj (.text:HeapBufMP_openByAddr)
                  0081a3e0    000001c0             : Ipc.obj (.text:HeapMemMP_openByAddr)
                  0081a5a0    000001c0             : Ipc.obj (.text:ti_sdo_ipc_notifyDrivers_NotifyDriverShm_registerEvent__E)
                  0081a760    000001c0     sysbios.lib : BIOS.obj (.text:ti_sysbios_knl_Swi_Instance_init__F)
                  0081a920    000001c0                 : BIOS.obj (.text:ti_sysbios_knl_Task_checkStacks__E)
                  0081aae0    000001c0                 : BIOS.obj (.text:ti_sysbios_timers_timer64_Timer_setPeriodMicroSecs__E)
                  0081aca0    000001a0     rts6600_elf.lib : trgdrv.obj (.text:HOSTrename)
                  0081ae40    000001a0     ipc.lib : Ipc.obj (.text:SharedRegion_getCacheLineSize)
                  0081afe0    000001a0             : Ipc.obj (.text:SharedRegion_getHeap)
                  0081b180    000001a0             : Ipc.obj (.text:SharedRegion_isCacheEnabled)
                  0081b320    000001a0             : Ipc.obj (.text:ti_sdo_ipc_GateMP_openRegion0Reserved__F)
                  0081b4c0    000001a0             : Ipc.obj (.text:ti_sdo_ipc_notifyDrivers_NotifyDriverShm_enableEvent__E)
                  0081b660    000001a0             : Ipc.obj (.text:ti_sdo_ipc_notifyDrivers_NotifyDriverShm_unregisterEvent__E)
                  0081b800    000001a0             : Ipc.obj (.text:ti_sdo_ipc_nsremote_NameServerRemoteNotify_attach__E)
                  0081b9a0    000001a0     sysbios.lib : BIOS.obj (.text:ti_sysbios_gates_GateMutex_enter__E)
                  0081bb40    000001a0                 : BIOS.obj (.text:ti_sysbios_timers_timer64_Timer_start__E)
                  0081bce0    00000180     ipc.lib : Ipc.obj (.text:MultiProc_getName)
                  0081be60    00000180             : Ipc.obj (.text:MultiProc_setLocalId)
                  0081bfe0    00000180             : Ipc.obj (.text:Notify_intLineRegistered)
                  0081c160    00000180     rts6600_elf.lib : copy_decompress_rle.obj (.text:__TI_decompress_rle_core)
                  0081c2e0    00000180                     : setvbuf.obj (.text:setvbuf)
                  0081c460    00000180     sysbios.lib : c64p_Exception_asm.obj (.text)
                  0081c5e0    00000180     ipc.lib : Ipc.obj (.text:ti_sdo_ipc_MessageQ_registerTransport__F)
                  0081c760    00000180             : Ipc.obj (.text:ti_sdo_ipc_Notify_Module_startup__F)
                  0081c8e0    00000180             : Ipc.obj (.text:ti_sdo_ipc_gates_GatePeterson_enter__E)
                  0081ca60    00000180             : Ipc.obj (.text:ti_sdo_utils_NameServer_Module_startup__F)
                  0081cbe0    00000180     sysbios.lib : BIOS.obj (.text:ti_sysbios_heaps_HeapMem_Instance_init__F)
                  0081cd60    00000180                 : BIOS.obj (.text:ti_sysbios_knl_Semaphore_post__E)
                  0081cee0    00000180                 : BIOS.obj (.text:ti_sysbios_knl_Task_unblockI__E)
                  0081d060    00000180     ti.targets.rts6000.ae66 : Text.oe66 (.text:xdc_runtime_Text_putSite__F)
                  0081d1e0    00000160     ipc.lib : Ipc.obj (.text:ti_sdo_ipc_GateMP_createLocal__F)
                  0081d340    00000160             : Ipc.obj (.text:ti_sdo_ipc_MessageQ_unregisterTransport__F)
                  0081d4a0    00000160             : Ipc.obj (.text:ti_sdo_ipc_gates_GateHWSem_Instance_init__F)
                  0081d600    00000160             : Ipc.obj (.text:ti_sdo_ipc_transports_TransportShm_sharedMemReq__F)
                  0081d760    00000160             : Ipc.obj (.text:ti_sdo_utils_NameServer_isRegistered__E)
                  0081d8c0    00000160             : Ipc.obj (.text:ti_sdo_utils_NameServer_registerRemoteDriver__E)
                  0081da20    00000160             : Ipc.obj (.text:ti_sdo_utils_NameServer_unregisterRemoteDriver__E)
                  0081db80    00000160     sysbios.lib : BIOS.obj (.text:ti_sysbios_syncs_SyncSem_Instance_init__F)
                  0081dce0    00000140     ipc.lib : Ipc.obj (.text:GateMP_close)
                  0081de20    00000140             : Ipc.obj (.text:MessageQ_registerHeap)
                  0081df60    00000140             : Ipc.obj (.text:Notify_attach)
                  0081e0a0    00000140     boot.ae66 : autoinit.oe66 (.text:_auto_init_elf)
                  0081e1e0    00000140     rts6600_elf.lib : fputc.obj (.text:fputc)
                  0081e320    00000140                     : lowlev.obj (.text:getdevice)
                  0081e460    00000140     ipc.lib : Ipc.obj (.text:ti_sdo_ipc_Notify_exec__F)
                  0081e5a0    00000140     sysbios.lib : BIOS.obj (.text:ti_sysbios_family_c64p_Hwi_Module_startup__F)
                  0081e6e0    00000140                 : BIOS.obj (.text:ti_sysbios_family_c66_Cache_Module_startup__F)
                  0081e820    00000140                 : BIOS.obj (.text:ti_sysbios_gates_GateSwi_enter__E)
                  0081e960    00000140                 : BIOS.obj (.text:ti_sysbios_knl_Clock_Instance_finalize__F)
                  0081eaa0    00000140                 : BIOS.obj (.text:ti_sysbios_knl_Semaphore_Instance_init__F)
                  0081ebe0    00000140                 : BIOS.obj (.text:ti_sysbios_knl_Swi_post__E)
                  0081ed20    00000140                 : BIOS.obj (.text:ti_sysbios_knl_Task_blockI__E)
                  0081ee60    00000140                 : BIOS.obj (.text:ti_sysbios_knl_Task_yield__E)
                  0081efa0    00000120     rts6600_elf.lib : imath64.obj (.text:__c6xabi_divlli)
                  0081f0c0    00000120                     : _io_perm.obj (.text:_wrt_ok)
                  0081f1e0    00000120                     : fclose.obj (.text:fclose)
                  0081f300    00000120     sysbios.lib : BIOS.obj (.text:rtsUnlock$0)
                  0081f420    00000120     ipc.lib : Ipc.obj (.text:ti_sdo_ipc_MessageQ_Module_startup__F)
                  0081f540    00000120             : Ipc.obj (.text:ti_sdo_ipc_family_c647x_Interrupt_intRegister__E)
                  0081f660    00000120             : Ipc.obj (.text:ti_sdo_ipc_nsremote_NameServerRemoteNotify_Instance_finalize__F)
                  0081f780    00000120     sysbios.lib : BIOS.obj (.text:ti_sysbios_xdcruntime_GateThreadSupport_leave__F)
                  0081f8a0    00000120     ti.targets.rts6000.ae66 : Text.oe66 (.text:xdc_runtime_Text_putLab__F)
                  0081f9c0    00000100     rts6600_elf.lib : trgdrv.obj (.text:HOSTlseek)
                  0081fac0    00000100                     : fflush.obj (.text:fflush)
                  0081fbc0    00000100     sysbios.lib : BIOS.obj (.text:initDevice$44)
                  0081fcc0    00000100     ipc.lib : Ipc.obj (.text:ti_sdo_ipc_GateMP_start__F)
                  0081fdc0    00000100             : Ipc.obj (.text:ti_sdo_ipc_Notify_Instance_finalize__F)
                  0081fec0    00000100             : Ipc.obj (.text:ti_sdo_ipc_SharedRegion_attach__F)
                  0081ffc0    00000100             : Ipc.obj (.text:ti_sdo_ipc_SharedRegion_clearReservedMemory__F)
                  008200c0    00000100             : Ipc.obj (.text:ti_sdo_ipc_family_c647x_Interrupt_Module_startup__F)
                  008201c0    00000100             : Ipc.obj (.text:ti_sdo_ipc_gates_GateHWSem_Module_startup__F)
                  008202c0    00000100             : Ipc.obj (.text:ti_sdo_ipc_gates_GateMPSupportNull_enter__E)
                  008203c0    00000100             : Ipc.obj (.text:ti_sdo_ipc_gates_GateMPSupportNull_leave__E)
                  008204c0    00000100             : Ipc.obj (.text:ti_sdo_ipc_transports_TransportShmSetup_attach__E)
                  008205c0    00000100     sysbios.lib : BIOS.obj (.text:ti_sysbios_gates_GateMutexPri_leave__E)
                  008206c0    00000100                 : BIOS.obj (.text:ti_sysbios_knl_Clock_startI__E)
                  008207c0    00000100     ti.targets.rts6000.ae66 : Core-mem.oe66 (.text:xdc_runtime_Core_deleteObject__I)
                  008208c0    00000100                             : Startup.oe66 (.text:xdc_runtime_Startup_exec__F)
                  008209c0    00000100                             : Text.oe66 (.text:xdc_runtime_Text_putMod__F)
                  00820ac0    00000100                             : Text.oe66 (.text:xdc_runtime_Text_visitRope2__I)
                  00820bc0    000000e0     rts6600_elf.lib : trgdrv.obj (.text:HOSTopen)
                  00820ca0    000000e0     ipc.lib : Ipc.obj (.text:HeapBufMP_create)
                  00820d80    000000e0     rts6600_elf.lib : lowlev.obj (.text:close)
                  00820e60    000000e0                     : copy_zero_init.obj (.text:decompress:ZI:__TI_zero_init)
                  00820f40    000000e0                     : exit.obj (.text:exit)
                  00821020    000000e0                     : memset.obj (.text:memset)
                  00821100    000000e0     ipc.lib : Ipc.obj (.text:ti_sdo_ipc_family_c647x_NotifySetup_attach__E)
                  008211e0    000000e0             : Ipc.obj (.text:ti_sdo_ipc_gates_GateHWSem_enter__E)
                  008212c0    000000e0             : Ipc.obj (.text:ti_sdo_ipc_heaps_HeapBufMP_getStats__F)
                  008213a0    000000e0     sysbios.lib : BIOS.obj (.text:ti_sysbios_knl_Clock_start__E)
                  00821480    000000e0                 : BIOS.obj (.text:ti_sysbios_timers_timer64_Timer_startup__E)
                  00821560    000000e0     ti.targets.rts6000.ae66 : Error.oe66 (.text:xdc_runtime_Error_print__F)
                  00821640    000000e0                             : Memory.oe66 (.text:xdc_runtime_Memory_alloc__F)
                  00821720    000000c0     rts6600_elf.lib : trgdrv.obj (.text:HOSTread)
                  008217e0    000000c0                     : trgdrv.obj (.text:HOSTunlink)
                  008218a0    000000c0                     : trgdrv.obj (.text:HOSTwrite)
                  00821960    000000c0     ipc.lib : Ipc.obj (.text:HeapMemMP_create)
                  00821a20    000000c0             : Ipc.obj (.text:ListMP_create)
                  00821ae0    000000c0     rts6600_elf.lib : dtor_list.obj (.text:__cxa_finalize)
                  00821ba0    000000c0                     : divu.obj (.text:__divu)
                  00821c60    000000c0                     : fopen.obj (.text:_cleanup)
                  00821d20    000000c0                     : fflush.obj (.text:_doflush)
                  00821de0    000000c0                     : fseek.obj (.text:fseek)
                  00821ea0    000000c0                     : lowlev.obj (.text:lseek)
                  00821f60    000000c0     InterprocessorCommunication_pe66.oe66 (.text:ti_sdo_ipc_GateMP_Object__create__S)
                  00822020    000000c0     ipc.lib : Ipc.obj (.text:ti_sdo_ipc_GateMP_getRegion0ReservedSize__F)
                  008220e0    000000c0     InterprocessorCommunication_pe66.oe66 (.text:ti_sdo_ipc_ListMP_Object__create__S)
                  008221a0    000000c0     InterprocessorCommunication_pe66.oe66 (.text:ti_sdo_ipc_MessageQ_Object__create__S)
                  00822260    000000c0     InterprocessorCommunication_pe66.oe66 (.text:ti_sdo_ipc_Notify_Object__create__S)
                  00822320    000000c0     ipc.lib : Ipc.obj (.text:ti_sdo_ipc_family_c647x_Interrupt_intShmStub__I)
                  008223e0    000000c0     InterprocessorCommunication_pe66.oe66 (.text:ti_sdo_ipc_gates_GatePeterson_Object__create__S)
                  008224a0    000000c0     InterprocessorCommunication_pe66.oe66 (.text:ti_sdo_ipc_heaps_HeapBufMP_Object__create__S)
                  00822560    000000c0     InterprocessorCommunication_pe66.oe66 (.text:ti_sdo_ipc_heaps_HeapMemMP_Object__create__S)
                  00822620    000000c0     InterprocessorCommunication_pe66.oe66 (.text:ti_sdo_ipc_notifyDrivers_NotifyDriverShm_Object__create__S)
                  008226e0    000000c0     InterprocessorCommunication_pe66.oe66 (.text:ti_sdo_ipc_nsremote_NameServerRemoteNotify_Object__create__S)
                  008227a0    000000c0     InterprocessorCommunication_pe66.oe66 (.text:ti_sdo_ipc_transports_TransportShm_Object__create__S)
                  00822860    000000c0     sysbios.lib : BIOS.obj (.text:ti_sysbios_BIOS_errorRaiseHook__I)
                  00822920    000000c0                 : BIOS.obj (.text:ti_sysbios_family_c64p_Hwi_Instance_init__F)
                  008229e0    000000c0     InterprocessorCommunication_pe66.oe66 (.text:ti_sysbios_family_c64p_Hwi_Object__create__S)
                  00822aa0    000000c0     sysbios.lib : BIOS.obj (.text:ti_sysbios_gates_GateAll_leave__E)
                  00822b60    000000c0                 : BIOS.obj (.text:ti_sysbios_heaps_HeapMem_getStats__E)
                  00822c20    000000c0                 : BIOS.obj (.text:ti_sysbios_knl_Clock_logTick__E)
                  00822ce0    000000c0                 : BIOS.obj (.text:ti_sysbios_knl_Idle_loop__E)
                  00822da0    000000c0                 : BIOS.obj (.text:ti_sysbios_knl_Swi_Instance_finalize__F)
                  00822e60    000000c0     InterprocessorCommunication_pe66.oe66 (.text:ti_sysbios_knl_Swi_Object__create__S)
                  00822f20    000000c0     InterprocessorCommunication_pe66.oe66 (.text:ti_sysbios_knl_Task_Object__create__S)
                  00822fe0    000000c0     InterprocessorCommunication_pe66.oe66 (.text:ti_sysbios_syncs_SyncSem_Object__create__S)
                  008230a0    000000c0     sysbios.lib : BIOS.obj (.text:ti_sysbios_timers_timer64_Timer_stop__E)
                  00823160    000000c0     rts6600_elf.lib : lowlev.obj (.text:write)
                  00823220    000000c0     ti.targets.rts6000.ae66 : System.oe66 (.text:xdc_runtime_System_formatNum__I)
                  008232e0    000000c0     InterprocessorCommunication_pe66.oe66 (.text:xdc_runtime_knl_GateThread_Object__create__S)
                  008233a0    000000a0     rts6600_elf.lib : trgdrv.obj (.text:HOSTclose)
                  00823440    000000a0                     : trgdrv.obj (.text:HOSTtime)
                  008234e0    000000a0     ipc.lib : Ipc.obj (.text:MessageQ_create)
                  00823580    000000a0     rts6600_elf.lib : remu.obj (.text:__remu)
                  00823620    000000a0     boot.ae66 : boot.oe66 (.text:_c_int00)
                  008236c0    000000a0     sysbios.lib : c64p_Hwi_asm.obj (.text:_ti_sysbios_family_c64p_Hwi_plug__E)
                  00823760    000000a0     rts6600_elf.lib : lowlev.obj (.text:finddevice)
                  00823800    000000a0                     : memcpy64.obj (.text:memcpy)
                  008238a0    000000a0     ipc.lib : Ipc.obj (.text:ti_sdo_ipc_family_c647x_Interrupt_intUnregister__E)
                  00823940    000000a0             : Ipc.obj (.text:ti_sdo_ipc_gates_GatePeterson_leave__E)
                  008239e0    000000a0             : Ipc.obj (.text:ti_sdo_ipc_notifyDrivers_NotifyDriverShm_Instance_finalize__F)
                  00823a80    000000a0     sysbios.lib : BIOS.obj (.text:ti_sysbios_heaps_HeapMem_init__I)
                  00823b20    000000a0                 : BIOS.obj (.text:ti_sysbios_syncs_SyncSem_wait__F)
                  00823bc0    000000a0     ti.targets.rts6000.ae66 : Assert.oe66 (.text:xdc_runtime_Assert_raise__I)
                  00823c60    00000080     ipc.lib : Ipc.obj (.text:HeapBufMP_Params_init)
                  00823ce0    00000080     rts6600_elf.lib : dtor_list.obj (.text:_Z11__TI_atexitPFYvPvES_S_)
                  00823d60    00000080                     : llshift.obj (.text:__c6xabi_llshl)
                  00823de0    00000080     sysbios.lib : c62_TaskSupport_asm.obj (.text:_ti_sysbios_family_c62_TaskSupport_swap__E)
                  00823e60    00000080     InterprocessorCommunication_pe66.oe66 (.text:malloc)
                  00823ee0    00000080     rts6600_elf.lib : rand.obj (.text:rand)
                  00823f60    00000080                     : trgmsg.obj (.text:readmsg)
                  00823fe0    00000080     InterprocessorCommunication_pe66.oe66 (.text:ti_sdo_ipc_gates_GateHWSem_Object__create__S)
                  00824060    00000080     InterprocessorCommunication_pe66.oe66 (.text:ti_sdo_ipc_gates_GateMPSupportNull_Object__create__S)
                  008240e0    00000080     ipc.lib : Ipc.obj (.text:ti_sdo_ipc_nsremote_NameServerRemoteNotify_detach__E)
                  00824160    00000080             : Ipc.obj (.text:ti_sdo_ipc_transports_TransportShm_swiFxn__I)
                  008241e0    00000080     InterprocessorCommunication_pe66.oe66 (.text:ti_sdo_utils_List_Object__create__S)
                  00824260    00000080     sysbios.lib : BIOS.obj (.text:ti_sysbios_BIOS_exit__E)
                  008242e0    00000080                 : BIOS.obj (.text:ti_sysbios_family_c62_TaskSupport_start__E)
                  00824360    00000080                 : BIOS.obj (.text:ti_sysbios_family_c64p_Exception_Module_startup__F)
                  008243e0    00000080                 : BIOS.obj (.text:ti_sysbios_family_c64p_Hwi_Instance_finalize__F)
                  00824460    00000080                 : BIOS.obj (.text:ti_sysbios_family_c66_Cache_invL1pAll__E)
                  008244e0    00000080     InterprocessorCommunication_pe66.oe66 (.text:ti_sysbios_gates_GateAll_Object__create__S)
                  00824560    00000080     InterprocessorCommunication_pe66.oe66 (.text:ti_sysbios_gates_GateHwi_Object__create__S)
                  008245e0    00000080     InterprocessorCommunication_pe66.oe66 (.text:ti_sysbios_gates_GateMutexPri_Object__create__S)
                  00824660    00000080     InterprocessorCommunication_pe66.oe66 (.text:ti_sysbios_gates_GateMutex_Object__create__S)
                  008246e0    00000080     InterprocessorCommunication_pe66.oe66 (.text:ti_sysbios_gates_GateSwi_Object__create__S)
                  00824760    00000080     sysbios.lib : BIOS.obj (.text:ti_sysbios_gates_GateSwi_leave__E)
                  008247e0    00000080                 : BIOS.obj (.text:ti_sysbios_hal_Hwi_checkStack:ti_sysbios_hal_Hwi_checkStack)
                  00824860    00000080     InterprocessorCommunication_pe66.oe66 (.text:ti_sysbios_heaps_HeapMem_Object__create__S)
                  008248e0    00000080     sysbios.lib : BIOS.obj (.text:ti_sysbios_knl_Clock_Module_startup__F)
                  00824960    00000080     InterprocessorCommunication_pe66.oe66 (.text:ti_sysbios_knl_Clock_Object__create__S)
                  008249e0    00000080     InterprocessorCommunication_pe66.oe66 (.text:ti_sysbios_knl_Clock_doTick__I)
                  00824a60    00000080     sysbios.lib : BIOS.obj (.text:ti_sysbios_knl_Clock_getTicks__E)
                  00824ae0    00000080     InterprocessorCommunication_pe66.oe66 (.text:ti_sysbios_knl_Queue_Object__create__S)
                  00824b60    00000080     InterprocessorCommunication_pe66.oe66 (.text:ti_sysbios_knl_Semaphore_Object__create__S)
                  00824be0    00000080     sysbios.lib : BIOS.obj (.text:ti_sysbios_knl_Semaphore_pendTimeout__I)
                  00824c60    00000080                 : BIOS.obj (.text:ti_sysbios_knl_Swi_startup__E)
                  00824ce0    00000080                 : BIOS.obj (.text:ti_sysbios_knl_Task_restore__E)
                  00824d60    00000080                 : BIOS.obj (.text:ti_sysbios_timers_timer64_Timer_getCount__E)
                  00824de0    00000080                 : BIOS.obj (.text:ti_sysbios_timers_timer64_Timer_getPeriod__E)
                  00824e60    00000080     InterprocessorCommunication_pe66.oe66 (.text:ti_sysbios_xdcruntime_GateThreadSupport_Object__create__S)
                  00824ee0    00000080     rts6600_elf.lib : lowlev.obj (.text:unlink)
                  00824f60    00000080     ti.targets.rts6000.ae66 : Core-label.oe66 (.text:xdc_runtime_Core_assignLabel__I)
                  00824fe0    00000080                             : Core-params.oe66 (.text:xdc_runtime_Core_assignParams__I)
                  00825060    00000080                             : System.oe66 (.text:xdc_runtime_System_atexit__F)
                  008250e0    00000080                             : System.oe66 (.text:xdc_runtime_System_rtsExit__I)
                  00825160    00000080                             : Text.oe66 (.text:xdc_runtime_Text_printVisFxn__I)
                  008251e0    00000080                             : Text.oe66 (.text:xdc_runtime_Text_xprintf__I)
                  00825260    00000060     ipc.lib : Ipc.obj (.text:GateMP_Params_init)
                  008252c0    00000060             : Ipc.obj (.text:HeapMemMP_Params_init)
                  00825320    00000060     rts6600_elf.lib : llshift.obj (.text:__c6xabi_llshru)
                  00825380    00000060                     : imath64.obj (.text:_subcull)
                  008253e0    00000060                     : rand.obj (.text:srand)
                  00825440    00000060     InterprocessorCommunication_pe66.oe66 (.text:ti_sdo_ipc_GateMP_Object__delete__S)
                  008254a0    00000060     InterprocessorCommunication_pe66.oe66 (.text:ti_sdo_ipc_ListMP_Object__delete__S)
                  00825500    00000060     ipc.lib : Ipc.obj (.text:ti_sdo_ipc_family_c647x_NotifySetup_sharedMemReq__E)
                  00825560    00000060             : Ipc.obj (.text:ti_sdo_ipc_gates_GateHWSem_leave__E)
                  008255c0    00000060             : Ipc.obj (.text:ti_sdo_ipc_gates_GatePeterson_Instance_finalize__F)
                  00825620    00000060     InterprocessorCommunication_pe66.oe66 (.text:ti_sdo_ipc_gates_GatePeterson_Object__delete__S)
                  00825680    00000060     ipc.lib : Ipc.obj (.text:ti_sdo_ipc_gates_GatePeterson_sharedMemReq__E)
                  008256e0    00000060     InterprocessorCommunication_pe66.oe66 (.text:ti_sdo_ipc_heaps_HeapBufMP_Object__delete__S)
                  00825740    00000060     InterprocessorCommunication_pe66.oe66 (.text:ti_sdo_ipc_heaps_HeapMemMP_Object__delete__S)
                  008257a0    00000060     InterprocessorCommunication_pe66.oe66 (.text:ti_sdo_ipc_notifyDrivers_NotifyDriverShm_Object__delete__S)
                  00825800    00000060     ipc.lib : Ipc.obj (.text:ti_sdo_ipc_notifyDrivers_NotifyDriverShm_setNotifyHandle__E)
                  00825860    00000060     InterprocessorCommunication_pe66.oe66 (.text:ti_sdo_ipc_nsremote_NameServerRemoteNotify_Object__delete__S)
                  008258c0    00000060     ipc.lib : Ipc.obj (.text:ti_sdo_ipc_transports_TransportShmSetup_sharedMemReq__E)
                  00825920    00000060     InterprocessorCommunication_pe66.oe66 (.text:ti_sdo_ipc_transports_TransportShm_Object__delete__S)
                  00825980    00000060     InterprocessorCommunication_pe66.oe66 (.text:ti_sysbios_BIOS_exitFunc__I)
                  008259e0    00000060     sysbios.lib : BIOS.obj (.text:ti_sysbios_BIOS_registerRTSLock__I)
                  00825a40    00000060     InterprocessorCommunication_pe66.oe66 (.text:ti_sysbios_family_c64p_Hwi_Object__delete__S)
                  00825aa0    00000060     sysbios.lib : BIOS.obj (.text:ti_sysbios_gates_GateAll_enter__E)
                  00825b00    00000060     InterprocessorCommunication_pe66.oe66 (.text:ti_sysbios_gates_GateMutexPri_Object__delete__S)
                  00825b60    00000060     sysbios.lib : BIOS.obj (.text:ti_sysbios_gates_GateMutex_Instance_init__F)
                  00825bc0    00000060     InterprocessorCommunication_pe66.oe66 (.text:ti_sysbios_gates_GateMutex_Object__delete__S)
                  00825c20    00000060     sysbios.lib : BIOS.obj (.text:ti_sysbios_hal_Hwi_initStack:ti_sysbios_hal_Hwi_initStack)
                  00825c80    00000060     InterprocessorCommunication_pe66.oe66 (.text:ti_sysbios_knl_Semaphore_Object__delete__S)
                  00825ce0    00000060     sysbios.lib : BIOS.obj (.text:ti_sysbios_knl_Swi_Module_startup__F)
                  00825d40    00000060                 : BIOS.obj (.text:ti_sysbios_knl_Task_allBlockedFunction__I)
                  00825da0    00000060                 : BIOS.obj (.text:ti_sysbios_knl_Task_enter__I)
                  00825e00    00000060     InterprocessorCommunication_pe66.oe66 (.text:ti_sysbios_syncs_SyncSem_Object__delete__S)
                  00825e60    00000060     InterprocessorCommunication_pe66.oe66 (.text:ti_sysbios_xdcruntime_GateThreadSupport_Object__delete__S)
                  00825ec0    00000060     rts6600_elf.lib : trgmsg.obj (.text:writemsg)
                  00825f20    00000060     ti.targets.rts6000.ae66 : Memory.oe66 (.text:xdc_runtime_Memory_calloc__F)
                  00825f80    00000060                             : Memory.oe66 (.text:xdc_runtime_Memory_valloc__F)
                  00825fe0    00000060                             : SysStd.oe66 (.text:xdc_runtime_SysStd_abort__F)
                  00826040    00000060                             : System.oe66 (.text:xdc_runtime_System_avprintf__F)
                  008260a0    00000060                             : System.oe66 (.text:xdc_runtime_System_vprintf__F)
                  00826100    00000060                             : Text.oe66 (.text:xdc_runtime_Text_cordText__F)
                  00826160    00000060     InterprocessorCommunication_pe66.oe66 (.text:xdc_runtime_knl_GateThread_Object__delete__S)
                  008261c0    00000040     rts6600_elf.lib : args_main.obj (.text:_args_main)
                  00826200    00000040     sysbios.lib : c62_TaskSupport_asm.obj (.text:_ti_sysbios_family_c62_TaskSupport_buildTaskStack)
                  00826240    00000040                 : c64p_Hwi_asm_switch.obj (.text:_ti_sysbios_family_xxx_Hwi_switchToIsrStack)
                  00826280    00000040     InterprocessorCommunication_pe66.oe66 (.text:free)
                  008262c0    00000040     rts6600_elf.lib : abs.obj (.text:llabs)
                  00826300    00000040     sysbios.lib : BIOS.obj (.text:rtsLock$0)
                  00826340    00000040     InterprocessorCommunication_pe66.oe66 (.text:ti_sdo_ipc_GateMP_Params__init__S)
                  00826380    00000040     InterprocessorCommunication_pe66.oe66 (.text:ti_sdo_ipc_ListMP_Params__init__S)
                  008263c0    00000040     InterprocessorCommunication_pe66.oe66 (.text:ti_sdo_ipc_MessageQ_Params__init__S)
                  00826400    00000040     ipc.lib : Ipc.obj (.text:ti_sdo_ipc_family_c647x_Interrupt_intClear__E)
                  00826440    00000040             : Ipc.obj (.text:ti_sdo_ipc_family_c647x_Interrupt_intSend__E)
                  00826480    00000040     InterprocessorCommunication_pe66.oe66 (.text:ti_sdo_ipc_gates_GateHWSem_Handle__label__S)
                  008264c0    00000040     InterprocessorCommunication_pe66.oe66 (.text:ti_sdo_ipc_gates_GateHWSem_Object__delete__S)
                  00826500    00000040     InterprocessorCommunication_pe66.oe66 (.text:ti_sdo_ipc_gates_GateHWSem_Params__init__S)
                  00826540    00000040     InterprocessorCommunication_pe66.oe66 (.text:ti_sdo_ipc_gates_GateMPSupportNull_Handle__label__S)
                  00826580    00000040     InterprocessorCommunication_pe66.oe66 (.text:ti_sdo_ipc_gates_GateMPSupportNull_Object__delete__S)
                  008265c0    00000040     InterprocessorCommunication_pe66.oe66 (.text:ti_sdo_ipc_gates_GateMPSupportNull_Params__init__S)
                  00826600    00000040     InterprocessorCommunication_pe66.oe66 (.text:ti_sdo_ipc_gates_GatePeterson_Handle__label__S)
                  00826640    00000040     InterprocessorCommunication_pe66.oe66 (.text:ti_sdo_ipc_gates_GatePeterson_Params__init__S)
                  00826680    00000040     InterprocessorCommunication_pe66.oe66 (.text:ti_sdo_ipc_heaps_HeapBufMP_Handle__label__S)
                  008266c0    00000040     InterprocessorCommunication_pe66.oe66 (.text:ti_sdo_ipc_heaps_HeapBufMP_Params__init__S)
                  00826700    00000040     InterprocessorCommunication_pe66.oe66 (.text:ti_sdo_ipc_heaps_HeapMemMP_Handle__label__S)
                  00826740    00000040     InterprocessorCommunication_pe66.oe66 (.text:ti_sdo_ipc_heaps_HeapMemMP_Params__init__S)
                  00826780    00000040     InterprocessorCommunication_pe66.oe66 (.text:ti_sdo_ipc_notifyDrivers_NotifyDriverShm_Handle__label__S)
                  008267c0    00000040     InterprocessorCommunication_pe66.oe66 (.text:ti_sdo_ipc_notifyDrivers_NotifyDriverShm_Params__init__S)
                  00826800    00000040     ipc.lib : Ipc.obj (.text:ti_sdo_ipc_notifyDrivers_NotifyDriverShm_disable__E)
                  00826840    00000040             : Ipc.obj (.text:ti_sdo_ipc_notifyDrivers_NotifyDriverShm_enable__E)
                  00826880    00000040     InterprocessorCommunication_pe66.oe66 (.text:ti_sdo_ipc_nsremote_NameServerRemoteNotify_Handle__label__S)
                  008268c0    00000040     InterprocessorCommunication_pe66.oe66 (.text:ti_sdo_ipc_nsremote_NameServerRemoteNotify_Params__init__S)
                  00826900    00000040     ipc.lib : Ipc.obj (.text:ti_sdo_ipc_nsremote_NameServerRemoteNotify_sharedMemReq__E)
                  00826940    00000040     InterprocessorCommunication_pe66.oe66 (.text:ti_sdo_ipc_transports_TransportShm_Handle__label__S)
                  00826980    00000040     InterprocessorCommunication_pe66.oe66 (.text:ti_sdo_ipc_transports_TransportShm_Params__init__S)
                  008269c0    00000040     InterprocessorCommunication_pe66.oe66 (.text:ti_sdo_utils_List_Object__destruct__S)
                  00826a00    00000040     InterprocessorCommunication_pe66.oe66 (.text:ti_sdo_utils_NameServer_Module__startupDone__F)
                  00826a40    00000040     InterprocessorCommunication_pe66.oe66 (.text:ti_sdo_utils_NameServer_Object__get__S)
                  00826a80    00000040     InterprocessorCommunication_pe66.oe66 (.text:ti_sysbios_BIOS_startFunc__I)
                  00826ac0    00000040     sysbios.lib : BIOS.obj (.text:ti_sysbios_BIOS_start__E)
                  00826b00    00000040     InterprocessorCommunication_pe66.oe66 (.text:ti_sysbios_family_c64p_Hwi_Module__startupDone__F)
                  00826b40    00000040     InterprocessorCommunication_pe66.oe66 (.text:ti_sysbios_family_c64p_Hwi_Params__init__S)
                  00826b80    00000040     sysbios.lib : BIOS.obj (.text:ti_sysbios_family_c64p_Hwi_disableInterrupt__E)
                  00826bc0    00000040                 : BIOS.obj (.text:ti_sysbios_family_c64p_Hwi_enableInterrupt__E)
                  00826c00    00000040     InterprocessorCommunication_pe66.oe66 (.text:ti_sysbios_gates_GateAll_Handle__label__S)
                  00826c40    00000040     InterprocessorCommunication_pe66.oe66 (.text:ti_sysbios_gates_GateAll_Object__delete__S)
                  00826c80    00000040     InterprocessorCommunication_pe66.oe66 (.text:ti_sysbios_gates_GateHwi_Handle__label__S)
                  00826cc0    00000040     InterprocessorCommunication_pe66.oe66 (.text:ti_sysbios_gates_GateHwi_Object__delete__S)
                  00826d00    00000040     InterprocessorCommunication_pe66.oe66 (.text:ti_sysbios_gates_GateMutexPri_Handle__label__S)
                  00826d40    00000040     sysbios.lib : BIOS.obj (.text:ti_sysbios_gates_GateMutexPri_Instance_finalize__F)
                  00826d80    00000040                 : BIOS.obj (.text:ti_sysbios_gates_GateMutexPri_Instance_init__F)
                  00826dc0    00000040     InterprocessorCommunication_pe66.oe66 (.text:ti_sysbios_gates_GateMutexPri_Object__destruct__S)
                  00826e00    00000040     InterprocessorCommunication_pe66.oe66 (.text:ti_sysbios_gates_GateMutex_Handle__label__S)
                  00826e40    00000040     sysbios.lib : BIOS.obj (.text:ti_sysbios_gates_GateMutex_Instance_finalize__F)
                  00826e80    00000040                 : BIOS.obj (.text:ti_sysbios_gates_GateMutex_leave__E)
                  00826ec0    00000040     InterprocessorCommunication_pe66.oe66 (.text:ti_sysbios_gates_GateSwi_Handle__label__S)
                  00826f00    00000040     InterprocessorCommunication_pe66.oe66 (.text:ti_sysbios_gates_GateSwi_Object__delete__S)
                  00826f40    00000040     InterprocessorCommunication_pe66.oe66 (.text:ti_sysbios_hal_Timer_Module__startupDone__F)
                  00826f80    00000040     InterprocessorCommunication_pe66.oe66 (.text:ti_sysbios_heaps_HeapMem_Handle__label__S)
                  00826fc0    00000040     InterprocessorCommunication_pe66.oe66 (.text:ti_sysbios_heaps_HeapMem_Object__delete__S)
                  00827000    00000040     InterprocessorCommunication_pe66.oe66 (.text:ti_sysbios_heaps_HeapMem_Object__get__S)
                  00827040    00000040     InterprocessorCommunication_pe66.oe66 (.text:ti_sysbios_knl_Clock_Object__destruct__S)
                  00827080    00000040     InterprocessorCommunication_pe66.oe66 (.text:ti_sysbios_knl_Clock_Params__init__S)
                  008270c0    00000040     InterprocessorCommunication_pe66.oe66 (.text:ti_sysbios_knl_Queue_Object__destruct__S)
                  00827100    00000040     sysbios.lib : BIOS.obj (.text:ti_sysbios_knl_Semaphore_Instance_finalize__F)
                  00827140    00000040     InterprocessorCommunication_pe66.oe66 (.text:ti_sysbios_knl_Semaphore_Object__destruct__S)
                  00827180    00000040     InterprocessorCommunication_pe66.oe66 (.text:ti_sysbios_knl_Semaphore_Params__init__S)
                  008271c0    00000040     InterprocessorCommunication_pe66.oe66 (.text:ti_sysbios_knl_Swi_Object__destruct__S)
                  00827200    00000040     InterprocessorCommunication_pe66.oe66 (.text:ti_sysbios_knl_Swi_Object__get__S)
                  00827240    00000040     InterprocessorCommunication_pe66.oe66 (.text:ti_sysbios_knl_Swi_Params__init__S)
                  00827280    00000040     InterprocessorCommunication_pe66.oe66 (.text:ti_sysbios_knl_Task_Object__get__S)
                  008272c0    00000040     InterprocessorCommunication_pe66.oe66 (.text:ti_sysbios_knl_Task_Params__init__S)
                  00827300    00000040     sysbios.lib : BIOS.obj (.text:ti_sysbios_knl_Task_sleepTimeout__I)
                  00827340    00000040     InterprocessorCommunication_pe66.oe66 (.text:ti_sysbios_syncs_SyncSem_Handle__label__S)
                  00827380    00000040     sysbios.lib : BIOS.obj (.text:ti_sysbios_syncs_SyncSem_Instance_finalize__F)
                  008273c0    00000040     InterprocessorCommunication_pe66.oe66 (.text:ti_sysbios_timers_timer64_Timer_Module__startupDone__F)
                  00827400    00000040     sysbios.lib : BIOS.obj (.text:ti_sysbios_xdcruntime_GateThreadSupport_Instance_finalize__F)
                  00827440    00000040                 : BIOS.obj (.text:ti_sysbios_xdcruntime_GateThreadSupport_Instance_init__F)
                  00827480    00000040                 : BIOS.obj (.text:ti_sysbios_xdcruntime_GateThreadSupport_enter__F)
                  008274c0    00000040     rts6600_elf.lib : time.obj (.text:time)
                  00827500    00000040     ti.targets.rts6000.ae66 : Error.oe66 (.text:xdc_runtime_Error_check__F)
                  00827540    00000040                             : Error.oe66 (.text:xdc_runtime_Error_init__F)
                  00827580    00000040     InterprocessorCommunication_pe66.oe66 (.text:xdc_runtime_GateNull_Handle__label__S)
                  008275c0    00000040     InterprocessorCommunication_pe66.oe66 (.text:xdc_runtime_GateNull_Object__create__S)
                  00827600    00000040     InterprocessorCommunication_pe66.oe66 (.text:xdc_runtime_GateNull_Object__delete__S)
                  00827640    00000040     ti.targets.rts6000.ae66 : Gate.oe66 (.text:xdc_runtime_Gate_leaveSystem__F)
                  00827680    00000040                             : Memory.oe66 (.text:xdc_runtime_Memory_free__F)
                  008276c0    00000040                             : Registry.oe66 (.text:xdc_runtime_Registry_findById__F)
                  00827700    00000040                             : System.oe66 (.text:xdc_runtime_System_abort__F)
                  00827740    00000040     InterprocessorCommunication_pe66.oe66 (.text:xdc_runtime_System_aprintf__E)
                  00827780    00000040     InterprocessorCommunication_pe66.oe66 (.text:xdc_runtime_System_printf__E)
                  008277c0    00000040     InterprocessorCommunication_pe66.oe66 (.text:xdc_runtime_System_sprintf__E)
                  00827800    00000040     ti.targets.rts6000.ae66 : Text.oe66 (.text:xdc_runtime_Text_ropeText__F)
                  00827840    00000040     InterprocessorCommunication_pe66.oe66 (.text:xdc_runtime_knl_GateThread_Handle__label__S)
                  00827880    00000040     ti.targets.rts6000.ae66 : GateThread.oe66 (.text:xdc_runtime_knl_GateThread_Instance_finalize__F)
                  008278c0    00000040                             : GateThread.oe66 (.text:xdc_runtime_knl_GateThread_Instance_init__F)
                  00827900    00000020     ipc.lib : Ipc.obj (.text:MessageQ_setReplyQueue)
                  00827920    00000020             : Ipc.obj (.text:MultiProc_self)
                  00827940    00000020     rts6600_elf.lib : negll.obj (.text:__c6xabi_negll)
                  00827960    00000020                     : dtor_list.obj (.text:__cxa_atexit)
                  00827980    00000020                     : dtor_list.obj (.text:__cxa_ia64_exit)
                  008279a0    00000020     ti.targets.rts6000.ae66 : xdc_noinit.oe66 (.text:__xdc__init)
                  008279c0    00000020     rts6600_elf.lib : _lock.obj (.text:_nop)
                  008279e0    00000020                     : _lock.obj (.text:_register_lock)
                  00827a00    00000020                     : _lock.obj (.text:_register_unlock)
                  00827a20    00000020     sysbios.lib : c62_TaskSupport_asm.obj (.text:_ti_sysbios_family_c62_TaskSupport_glue)
                  00827a40    00000020                 : c64p_Hwi_asm_switch.obj (.text:_ti_sysbios_family_xxx_Hwi_switchToTaskStack)
                  00827a60    00000020     rts6600_elf.lib : exit.obj (.text:abort)
                  00827a80    00000020                     : dtor_list.obj (.text:atexit)
                  00827aa0    00000020                     : copy_decompress_none.obj (.text:decompress:none:__TI_decompress_none)
                  00827ac0    00000020                     : copy_decompress_rle.obj (.text:decompress:rle24:__TI_decompress_rle24)
                  00827ae0    00000020     sysbios.lib : BIOS.obj (.text:nullFunc$0)
                  00827b00    00000020     rts6600_elf.lib : fputc.obj (.text:putc)
                  00827b20    00000020                     : fputc.obj (.text:putchar)
                  00827b40    00000020     InterprocessorCommunication_pe66.oe66 (.text:ti_sdo_ipc_GateMP_RemoteCustom1Proxy_Object__create__S)
                  00827b60    00000020     InterprocessorCommunication_pe66.oe66 (.text:ti_sdo_ipc_GateMP_RemoteCustom1Proxy_Object__delete__S)
                  00827b80    00000020     InterprocessorCommunication_pe66.oe66 (.text:ti_sdo_ipc_GateMP_RemoteCustom1Proxy_Params__init__S)
                  00827ba0    00000020     InterprocessorCommunication_pe66.oe66 (.text:ti_sdo_ipc_GateMP_RemoteCustom1Proxy_Proxy__abstract__S)
                  00827bc0    00000020     InterprocessorCommunication_pe66.oe66 (.text:ti_sdo_ipc_GateMP_RemoteCustom1Proxy_Proxy__delegate__S)
                  00827be0    00000020     InterprocessorCommunication_pe66.oe66 (.text:ti_sdo_ipc_GateMP_RemoteCustom2Proxy_Object__create__S)
                  00827c00    00000020     InterprocessorCommunication_pe66.oe66 (.text:ti_sdo_ipc_GateMP_RemoteCustom2Proxy_Object__delete__S)
                  00827c20    00000020     InterprocessorCommunication_pe66.oe66 (.text:ti_sdo_ipc_GateMP_RemoteCustom2Proxy_Params__init__S)
                  00827c40    00000020     InterprocessorCommunication_pe66.oe66 (.text:ti_sdo_ipc_GateMP_RemoteCustom2Proxy_Proxy__abstract__S)
                  00827c60    00000020     InterprocessorCommunication_pe66.oe66 (.text:ti_sdo_ipc_GateMP_RemoteCustom2Proxy_Proxy__delegate__S)
                  00827c80    00000020     InterprocessorCommunication_pe66.oe66 (.text:ti_sdo_ipc_GateMP_RemoteSystemProxy_Object__create__S)
                  00827ca0    00000020     InterprocessorCommunication_pe66.oe66 (.text:ti_sdo_ipc_GateMP_RemoteSystemProxy_Object__delete__S)
                  00827cc0    00000020     InterprocessorCommunication_pe66.oe66 (.text:ti_sdo_ipc_GateMP_RemoteSystemProxy_Params__init__S)
                  00827ce0    00000020     InterprocessorCommunication_pe66.oe66 (.text:ti_sdo_ipc_GateMP_RemoteSystemProxy_Proxy__abstract__S)
                  00827d00    00000020     InterprocessorCommunication_pe66.oe66 (.text:ti_sdo_ipc_GateMP_RemoteSystemProxy_Proxy__delegate__S)
                  00827d20    00000020     ipc.lib : Ipc.obj (.text:ti_sdo_ipc_GateMP_getSharedAddr__F)
                  00827d40    00000020     InterprocessorCommunication_pe66.oe66 (.text:ti_sdo_ipc_MessageQ_Object__get__S)
                  00827d60    00000020     InterprocessorCommunication_pe66.oe66 (.text:ti_sdo_ipc_Notify_Module_GateProxy_enter__E)
                  00827d80    00000020     InterprocessorCommunication_pe66.oe66 (.text:ti_sdo_ipc_Notify_Module_GateProxy_leave__E)
                  00827da0    00000020     ipc.lib : Ipc.obj (.text:ti_sdo_ipc_family_c647x_Interrupt_intDisable__E)
                  00827dc0    00000020             : Ipc.obj (.text:ti_sdo_ipc_family_c647x_Interrupt_intEnable__E)
                  00827de0    00000020             : Ipc.obj (.text:ti_sdo_ipc_family_c647x_NotifySetup_numIntLines__E)
                  00827e00    00000020             : Ipc.obj (.text:ti_sdo_ipc_gates_GateHWSem_getReservedMask__E)
                  00827e20    00000020             : Ipc.obj (.text:ti_sdo_ipc_gates_GateHWSem_query__F)
                  00827e40    00000020             : Ipc.obj (.text:ti_sdo_ipc_gates_GateHWSem_sharedMemReq__E)
                  00827e60    00000020             : Ipc.obj (.text:ti_sdo_ipc_gates_GateMPSupportNull_Instance_init__F)
                  00827e80    00000020             : Ipc.obj (.text:ti_sdo_ipc_gates_GateMPSupportNull_getReservedMask__E)
                  00827ea0    00000020             : Ipc.obj (.text:ti_sdo_ipc_gates_GateMPSupportNull_query__F)
                  00827ec0    00000020             : Ipc.obj (.text:ti_sdo_ipc_gates_GateMPSupportNull_sharedMemReq__E)
                  00827ee0    00000020             : Ipc.obj (.text:ti_sdo_ipc_gates_GatePeterson_getReservedMask__E)
                  00827f00    00000020             : Ipc.obj (.text:ti_sdo_ipc_gates_GatePeterson_query__F)
                  00827f20    00000020             : Ipc.obj (.text:ti_sdo_ipc_heaps_HeapBufMP_isBlocking__F)
                  00827f40    00000020             : Ipc.obj (.text:ti_sdo_ipc_heaps_HeapMemMP_isBlocking__F)
                  00827f60    00000020     InterprocessorCommunication_pe66.oe66 (.text:ti_sdo_ipc_nsremote_NameServerRemoteNotify_Object__first__S)
                  00827f80    00000020     InterprocessorCommunication_pe66.oe66 (.text:ti_sdo_ipc_nsremote_NameServerRemoteNotify_Object__next__S)
                  00827fa0    00000020     ipc.lib : Ipc.obj (.text:ti_sdo_ipc_nsremote_NameServerRemoteNotify_cbFxn__I)
                  00827fc0    00000020             : Ipc.obj (.text:ti_sdo_ipc_transports_TransportShmSetup_isRegistered__E)
                  00827fe0    00000020             : Ipc.obj (.text:ti_sdo_ipc_transports_TransportShm_control__E)
                  00828000    00000020             : Ipc.obj (.text:ti_sdo_ipc_transports_TransportShm_getStatus__E)
                  00828020    00000020             : Ipc.obj (.text:ti_sdo_ipc_transports_TransportShm_notifyFxn__I)
                  00828040    00000020             : Ipc.obj (.text:ti_sdo_ipc_transports_TransportShm_setErrFxn__F)
                  00828060    00000020             : Ipc.obj (.text:ti_sdo_utils_List_Instance_init__F)
                  00828080    00000020     InterprocessorCommunication_pe66.oe66 (.text:ti_sdo_utils_List_Object__get__S)
                  008280a0    00000020     ipc.lib : Ipc.obj (.text:ti_sdo_utils_MultiProc_getClusterId__F)
                  008280c0    00000020     InterprocessorCommunication_pe66.oe66 (.text:ti_sdo_utils_NameServer_Object__first__S)
                  008280e0    00000020     InterprocessorCommunication_pe66.oe66 (.text:ti_sdo_utils_NameServer_Object__next__S)
                  00828100    00000020     InterprocessorCommunication_pe66.oe66 (.text:ti_sysbios_BIOS_RtsGateProxy_enter__E)
                  00828120    00000020     InterprocessorCommunication_pe66.oe66 (.text:ti_sysbios_BIOS_RtsGateProxy_leave__E)
                  00828140    00000020     sysbios.lib : BIOS.obj (.text:ti_sysbios_BIOS_getThreadType__E)
                  00828160    00000020                 : BIOS.obj (.text:ti_sysbios_BIOS_setThreadType__E)
                  00828180    00000020     InterprocessorCommunication_pe66.oe66 (.text:ti_sysbios_family_c62_TaskSupport_Module__startupDone__S)
                  008281a0    00000020     sysbios.lib : BIOS.obj (.text:ti_sysbios_family_c62_TaskSupport_checkStack__E)
                  008281c0    00000020                 : BIOS.obj (.text:ti_sysbios_family_c62_TaskSupport_getStackAlignment__E)
                  008281e0    00000020                 : BIOS.obj (.text:ti_sysbios_family_c64p_Hwi_clearInterrupt__E)
                  00828200    00000020                 : BIOS.obj (.text:ti_sysbios_family_c64p_Hwi_getHandle__E)
                  00828220    00000020                 : BIOS.obj (.text:ti_sysbios_family_c64p_Hwi_startup__E)
                  00828240    00000020                 : BIOS.obj (.text:ti_sysbios_family_c64p_Hwi_switchFromBootStack__E)
                  00828260    00000020                 : BIOS.obj (.text:ti_sysbios_family_c64p_Hwi_unPluggedInterrupt__I)
                  00828280    00000020                 : BIOS.obj (.text:ti_sysbios_family_c64p_tci6488_TimerSupport_enable__E)
                  008282a0    00000020                 : BIOS.obj (.text:ti_sysbios_family_c66_Cache_inv__E)
                  008282c0    00000020                 : BIOS.obj (.text:ti_sysbios_family_c66_Cache_wbInv__E)
                  008282e0    00000020                 : BIOS.obj (.text:ti_sysbios_gates_GateAll_Instance_init__F)
                  00828300    00000020                 : BIOS.obj (.text:ti_sysbios_gates_GateAll_query__F)
                  00828320    00000020                 : BIOS.obj (.text:ti_sysbios_gates_GateHwi_Instance_init__F)
                  00828340    00000020                 : BIOS.obj (.text:ti_sysbios_gates_GateHwi_enter__E)
                  00828360    00000020                 : BIOS.obj (.text:ti_sysbios_gates_GateHwi_leave__E)
                  00828380    00000020                 : BIOS.obj (.text:ti_sysbios_gates_GateHwi_query__F)
                  008283a0    00000020                 : BIOS.obj (.text:ti_sysbios_gates_GateMutexPri_query__F)
                  008283c0    00000020                 : BIOS.obj (.text:ti_sysbios_gates_GateMutex_query__F)
                  008283e0    00000020                 : BIOS.obj (.text:ti_sysbios_gates_GateSwi_Instance_init__F)
                  00828400    00000020                 : BIOS.obj (.text:ti_sysbios_gates_GateSwi_query__F)
                  00828420    00000020     InterprocessorCommunication_pe66.oe66 (.text:ti_sysbios_hal_Hwi_HwiProxy_Module__startupDone__S)
                  00828440    00000020     sysbios.lib : BIOS.obj (.text:ti_sysbios_hal_Hwi_Module_startup__F)
                  00828460    00000020                 : BIOS.obj (.text:ti_sysbios_hal_Timer_Module_startup__F)
                  00828480    00000020     InterprocessorCommunication_pe66.oe66 (.text:ti_sysbios_hal_Timer_TimerProxy_Module__startupDone__S)
                  008284a0    00000020     InterprocessorCommunication_pe66.oe66 (.text:ti_sysbios_hal_Timer_TimerProxy_getExpiredCounts__E)
                  008284c0    00000020     InterprocessorCommunication_pe66.oe66 (.text:ti_sysbios_hal_Timer_TimerProxy_getPeriod__E)
                  008284e0    00000020     InterprocessorCommunication_pe66.oe66 (.text:ti_sysbios_hal_Timer_TimerProxy_setNextTick__E)
                  00828500    00000020     InterprocessorCommunication_pe66.oe66 (.text:ti_sysbios_heaps_HeapMem_Module_GateProxy_enter__E)
                  00828520    00000020     InterprocessorCommunication_pe66.oe66 (.text:ti_sysbios_heaps_HeapMem_Module_GateProxy_leave__E)
                  00828540    00000020     sysbios.lib : BIOS.obj (.text:ti_sysbios_heaps_HeapMem_isBlocking__E)
                  00828560    00000020                 : BIOS.obj (.text:ti_sysbios_knl_Queue_Instance_init__F)
                  00828580    00000020     InterprocessorCommunication_pe66.oe66 (.text:ti_sysbios_knl_Queue_Object__get__S)
                  008285a0    00000020     sysbios.lib : BIOS.obj (.text:ti_sysbios_knl_Queue_empty__E)
                  008285c0    00000020                 : BIOS.obj (.text:ti_sysbios_knl_Swi_disable__E)
                  008285e0    00000020     InterprocessorCommunication_pe66.oe66 (.text:ti_sysbios_knl_Task_Object__first__S)
                  00828600    00000020     InterprocessorCommunication_pe66.oe66 (.text:ti_sysbios_knl_Task_Object__next__S)
                  00828620    00000020     InterprocessorCommunication_pe66.oe66 (.text:ti_sysbios_knl_Task_SupportProxy_Module__startupDone__S)
                  00828640    00000020     sysbios.lib : BIOS.obj (.text:ti_sysbios_knl_Task_disable__E)
                  00828660    00000020                 : BIOS.obj (.text:ti_sysbios_knl_Task_getPri__E)
                  00828680    00000020                 : BIOS.obj (.text:ti_sysbios_knl_Task_self__E)
                  008286a0    00000020                 : BIOS.obj (.text:ti_sysbios_syncs_SyncSem_query__F)
                  008286c0    00000020                 : BIOS.obj (.text:ti_sysbios_syncs_SyncSem_signal__F)
                  008286e0    00000020                 : BIOS.obj (.text:ti_sysbios_timers_timer64_Timer_setNextTick__E)
                  00828700    00000020     ti.targets.rts6000.ae66 : GateNull.oe66 (.text:xdc_runtime_GateNull_enter__F)
                  00828720    00000020                             : GateNull.oe66 (.text:xdc_runtime_GateNull_leave__F)
                  00828740    00000020                             : GateNull.oe66 (.text:xdc_runtime_GateNull_query__F)
                  00828760    00000020                             : Gate.oe66 (.text:xdc_runtime_Gate_enterSystem__F)
                  00828780    00000020     InterprocessorCommunication_pe66.oe66 (.text:xdc_runtime_IHeap_alloc)
                  008287a0    00000020     InterprocessorCommunication_pe66.oe66 (.text:xdc_runtime_IHeap_free)
                  008287c0    00000020     InterprocessorCommunication_pe66.oe66 (.text:xdc_runtime_Memory_HeapProxy_alloc__E)
                  008287e0    00000020     InterprocessorCommunication_pe66.oe66 (.text:xdc_runtime_Memory_HeapProxy_free__E)
                  00828800    00000020     ti.targets.rts6000.ae66 : Memory.oe66 (.text:xdc_runtime_Memory_getMaxDefaultTypeAlign__F)
                  00828820    00000020     InterprocessorCommunication_pe66.oe66 (.text:xdc_runtime_Startup_Module__startupDone__S)
                  00828840    00000020     InterprocessorCommunication_pe66.oe66 (.text:xdc_runtime_Startup_exec__I)
                  00828860    00000020     InterprocessorCommunication_pe66.oe66 (.text:xdc_runtime_Startup_reset__I)
                  00828880    00000020     ti.targets.rts6000.ae66 : Startup.oe66 (.text:xdc_runtime_Startup_rtsDone__F)
                  008288a0    00000020                             : SysStd.oe66 (.text:xdc_runtime_SysStd_exit__F)
                  008288c0    00000020                             : SysStd.oe66 (.text:xdc_runtime_SysStd_putch__F)
                  008288e0    00000020                             : SysStd.oe66 (.text:xdc_runtime_SysStd_ready__F)
                  00828900    00000020     InterprocessorCommunication_pe66.oe66 (.text:xdc_runtime_System_Module_GateProxy_enter__E)
                  00828920    00000020     InterprocessorCommunication_pe66.oe66 (.text:xdc_runtime_System_Module_GateProxy_leave__E)
                  00828940    00000020     ti.targets.rts6000.ae66 : System.oe66 (.text:xdc_runtime_System_Module_startup__F)
                  00828960    00000020                             : System.oe66 (.text:xdc_runtime_System_exit__F)
                  00828980    00000020                             : System.oe66 (.text:xdc_runtime_System_lastFxn__I)
                  008289a0    00000020                             : System.oe66 (.text:xdc_runtime_System_vsprintf__F)
                  008289c0    00000020     InterprocessorCommunication_pe66.oe66 (.text:xdc_runtime_Text_visitRope__I)
                  008289e0    00000020     InterprocessorCommunication_pe66.oe66 (.text:xdc_runtime_knl_GateThread_Module__startupDone__S)
                  00828a00    00000020     InterprocessorCommunication_pe66.oe66 (.text:xdc_runtime_knl_GateThread_Proxy_Object__create__S)
                  00828a20    00000020     InterprocessorCommunication_pe66.oe66 (.text:xdc_runtime_knl_GateThread_Proxy_Object__delete__S)
                  00828a40    00000020     InterprocessorCommunication_pe66.oe66 (.text:xdc_runtime_knl_GateThread_Proxy_enter__E)
                  00828a60    00000020     InterprocessorCommunication_pe66.oe66 (.text:xdc_runtime_knl_GateThread_Proxy_leave__E)
                  00828a80    00000020     ti.targets.rts6000.ae66 : GateThread.oe66 (.text:xdc_runtime_knl_GateThread_enter__F)
                  00828aa0    00000020                             : GateThread.oe66 (.text:xdc_runtime_knl_GateThread_leave__F)

.far.1     0    00828ac0    0000a828     UNINITIALIZED
                  00828ac0    0000a024     InterprocessorCommunication_pe66.oe66 (.far)
                  00832ae4    00000004     --HOLE--
                  00832ae8    00000800     InterprocessorCommunication_pe66.oe66 (.far:taskStackSection)

.bss       0    008332e8    00000006     UNINITIALIZED
                  008332e8    00000004     InterprocessorCommunication_pe66.oe66 (.bss)
                  008332ec    00000002     InterProcessorCommunication.obj (.bss)

.neardata 
*          0    008332ee    00000000     UNINITIALIZED

.rodata    0    008332ee    00000000     UNINITIALIZED

.far.2     0    008332f0    00000218     UNINITIALIZED
                  008332f0    00000140     rts6600_elf.lib : defs.obj (.far)
                  00833430    000000d8                     : trgdrv.obj (.far)

.far.3     0    00833510    000000a0     UNINITIALIZED
                  00833510    000000a0     InterProcessorCommunication.obj (.far)

.const     0    008335b0    000042ba     
                  008335b0    00002534     InterprocessorCommunication_pe66.oe66 (.const:xdc_runtime_Text_charTab__A)
                  00835ae4    0000042c     sysbios.lib : BIOS.obj (.const:.string)
                  00835f10    00000400     InterprocessorCommunication_pe66.oe66 (.const:ti_sysbios_family_c66_Cache_marvalues__C)
                  00836310    0000016c     InterprocessorCommunication_pe66.oe66 (.const:xdc_runtime_Text_nodeTab__A)
                  0083647c    000000fc     InterProcessorCommunication.obj (.const:.string)
                  00836578    000000d0     InterprocessorCommunication_pe66.oe66 (.const:.string)
                  00836648    00000058     ti.targets.rts6000.ae66 : Error.oe66 (.const:.string)
                  008366a0    00000040                             : Text.oe66 (.const:.string)
                  008366e0    0000003c     InterprocessorCommunication_pe66.oe66 (.const:xdc_runtime_Startup_sfxnTab__A)
                  0083671c    00000038     InterprocessorCommunication_pe66.oe66 (.const:ti_sdo_ipc_heaps_HeapBufMP_Object__PARAMS__C)
                  00836754    00000038     InterprocessorCommunication_pe66.oe66 (.const:ti_sdo_ipc_notifyDrivers_NotifyDriverShm_Module__FXNS__C)
                  0083678c    00000038     InterprocessorCommunication_pe66.oe66 (.const:ti_sysbios_knl_Task_Object__PARAMS__C)
                  008367c4    00000034     InterprocessorCommunication_pe66.oe66 (.const:ti_sdo_ipc_GateMP_Object__PARAMS__C)
                  008367f8    00000034     InterprocessorCommunication_pe66.oe66 (.const:ti_sdo_ipc_notifyDrivers_NotifyDriverShm_Object__PARAMS__C)
                  0083682c    00000030     InterprocessorCommunication_pe66.oe66 (.const:ti_sdo_ipc_heaps_HeapMemMP_Object__PARAMS__C)
                  0083685c    00000030     InterprocessorCommunication_pe66.oe66 (.const:ti_sysbios_family_c64p_Hwi_Object__PARAMS__C)
                  0083688c    0000002c     ti.targets.rts6000.ae66 : Startup.oe66 (.const:.string)
                  008368b8    0000002c     InterprocessorCommunication_pe66.oe66 (.const:ti_sdo_ipc_ListMP_Object__PARAMS__C)
                  008368e4    0000002c     InterprocessorCommunication_pe66.oe66 (.const:ti_sdo_ipc_gates_GateHWSem_Module__FXNS__C)
                  00836910    0000002c     InterprocessorCommunication_pe66.oe66 (.const:ti_sdo_ipc_gates_GateMPSupportNull_Module__FXNS__C)
                  0083693c    0000002c     InterprocessorCommunication_pe66.oe66 (.const:ti_sdo_ipc_gates_GatePeterson_Module__FXNS__C)
                  00836968    00000028     InterprocessorCommunication_pe66.oe66 (.const:ti_sdo_ipc_heaps_HeapBufMP_Module__FXNS__C)
                  00836990    00000028     InterprocessorCommunication_pe66.oe66 (.const:ti_sdo_ipc_heaps_HeapMemMP_Module__FXNS__C)
                  008369b8    00000028     InterprocessorCommunication_pe66.oe66 (.const:ti_sdo_ipc_nsremote_NameServerRemoteNotify_Module__FXNS__C)
                  008369e0    00000028     InterprocessorCommunication_pe66.oe66 (.const:ti_sdo_ipc_transports_TransportShm_Module__FXNS__C)
                  00836a08    00000028     InterprocessorCommunication_pe66.oe66 (.const:ti_sdo_ipc_transports_TransportShm_Object__PARAMS__C)
                  00836a30    00000028     InterprocessorCommunication_pe66.oe66 (.const:ti_sysbios_heaps_HeapMem_Module__FXNS__C)
                  00836a58    00000028     InterprocessorCommunication_pe66.oe66 (.const:ti_sysbios_knl_Swi_Object__PARAMS__C)
                  00836a80    00000024     InterprocessorCommunication_pe66.oe66 (.const:ti_sdo_ipc_gates_GateHWSem_Object__PARAMS__C)
                  00836aa4    00000024     InterprocessorCommunication_pe66.oe66 (.const:ti_sdo_ipc_gates_GateMPSupportNull_Object__PARAMS__C)
                  00836ac8    00000024     InterprocessorCommunication_pe66.oe66 (.const:ti_sdo_ipc_gates_GatePeterson_Object__PARAMS__C)
                  00836aec    00000024     InterprocessorCommunication_pe66.oe66 (.const:ti_sysbios_gates_GateAll_Module__FXNS__C)
                  00836b10    00000024     InterprocessorCommunication_pe66.oe66 (.const:ti_sysbios_gates_GateHwi_Module__FXNS__C)
                  00836b34    00000024     InterprocessorCommunication_pe66.oe66 (.const:ti_sysbios_gates_GateMutexPri_Module__FXNS__C)
                  00836b58    00000024     InterprocessorCommunication_pe66.oe66 (.const:ti_sysbios_gates_GateMutex_Module__FXNS__C)
                  00836b7c    00000024     InterprocessorCommunication_pe66.oe66 (.const:ti_sysbios_gates_GateSwi_Module__FXNS__C)
                  00836ba0    00000024     InterprocessorCommunication_pe66.oe66 (.const:ti_sysbios_knl_Clock_Object__PARAMS__C)
                  00836bc4    00000024     InterprocessorCommunication_pe66.oe66 (.const:ti_sysbios_knl_Semaphore_Object__PARAMS__C)
                  00836be8    00000024     InterprocessorCommunication_pe66.oe66 (.const:ti_sysbios_syncs_SyncSem_Module__FXNS__C)
                  00836c0c    00000024     InterprocessorCommunication_pe66.oe66 (.const:xdc_runtime_GateNull_Module__FXNS__C)
                  00836c30    00000024     InterprocessorCommunication_pe66.oe66 (.const:xdc_runtime_knl_GateThread_Module__FXNS__C)
                  00836c54    00000020     ti.targets.rts6000.ae66 : Core-mem.oe66 (.const:.string)
                  00836c74    00000020     InterprocessorCommunication_pe66.oe66 (.const:ti_sdo_ipc_GateMP_Object__DESC__C)
                  00836c94    00000020     InterprocessorCommunication_pe66.oe66 (.const:ti_sdo_ipc_ListMP_Object__DESC__C)
                  00836cb4    00000020     InterprocessorCommunication_pe66.oe66 (.const:ti_sdo_ipc_MessageQ_Object__DESC__C)
                  00836cd4    00000020     InterprocessorCommunication_pe66.oe66 (.const:ti_sdo_ipc_Notify_Object__DESC__C)
                  00836cf4    00000020     InterprocessorCommunication_pe66.oe66 (.const:ti_sdo_ipc_gates_GateHWSem_Object__DESC__C)
                  00836d14    00000020     InterprocessorCommunication_pe66.oe66 (.const:ti_sdo_ipc_gates_GateMPSupportNull_Object__DESC__C)
                  00836d34    00000020     InterprocessorCommunication_pe66.oe66 (.const:ti_sdo_ipc_gates_GatePeterson_Object__DESC__C)
                  00836d54    00000020     InterprocessorCommunication_pe66.oe66 (.const:ti_sdo_ipc_heaps_HeapBufMP_Object__DESC__C)
                  00836d74    00000020     InterprocessorCommunication_pe66.oe66 (.const:ti_sdo_ipc_heaps_HeapMemMP_Object__DESC__C)
                  00836d94    00000020     InterprocessorCommunication_pe66.oe66 (.const:ti_sdo_ipc_notifyDrivers_NotifyDriverShm_Object__DESC__C)
                  00836db4    00000020     InterprocessorCommunication_pe66.oe66 (.const:ti_sdo_ipc_nsremote_NameServerRemoteNotify_Object__DESC__C)
                  00836dd4    00000020     InterprocessorCommunication_pe66.oe66 (.const:ti_sdo_ipc_nsremote_NameServerRemoteNotify_Object__PARAMS__C)
                  00836df4    00000020     InterprocessorCommunication_pe66.oe66 (.const:ti_sdo_ipc_transports_TransportShm_Object__DESC__C)
                  00836e14    00000020     InterprocessorCommunication_pe66.oe66 (.const:ti_sdo_utils_List_Object__DESC__C)
                  00836e34    0000000c     InterprocessorCommunication_pe66.oe66 (.const:ti_sysbios_family_c66_Cache_initSize__C)
                  00836e40    00000020     InterprocessorCommunication_pe66.oe66 (.const:ti_sdo_utils_MultiProc_nameList__A)
                  00836e60    00000020     InterprocessorCommunication_pe66.oe66 (.const:ti_sysbios_family_c64p_Hwi_Object__DESC__C)
                  00836e80    00000020     InterprocessorCommunication_pe66.oe66 (.const:ti_sysbios_gates_GateAll_Object__DESC__C)
                  00836ea0    00000020     InterprocessorCommunication_pe66.oe66 (.const:ti_sysbios_gates_GateHwi_Object__DESC__C)
                  00836ec0    00000020     InterprocessorCommunication_pe66.oe66 (.const:ti_sysbios_gates_GateMutexPri_Object__DESC__C)
                  00836ee0    00000020     InterprocessorCommunication_pe66.oe66 (.const:ti_sysbios_gates_GateMutex_Object__DESC__C)
                  00836f00    00000020     InterprocessorCommunication_pe66.oe66 (.const:ti_sysbios_gates_GateSwi_Object__DESC__C)
                  00836f20    00000020     InterprocessorCommunication_pe66.oe66 (.const:ti_sysbios_heaps_HeapMem_Object__DESC__C)
                  00836f40    00000020     InterprocessorCommunication_pe66.oe66 (.const:ti_sysbios_heaps_HeapMem_Object__PARAMS__C)
                  00836f60    00000020     InterprocessorCommunication_pe66.oe66 (.const:ti_sysbios_knl_Clock_Object__DESC__C)
                  00836f80    00000020     InterprocessorCommunication_pe66.oe66 (.const:ti_sysbios_knl_Queue_Object__DESC__C)
                  00836fa0    00000020     InterprocessorCommunication_pe66.oe66 (.const:ti_sysbios_knl_Semaphore_Object__DESC__C)
                  00836fc0    00000020     InterprocessorCommunication_pe66.oe66 (.const:ti_sysbios_knl_Swi_Object__DESC__C)
                  00836fe0    00000020     InterprocessorCommunication_pe66.oe66 (.const:ti_sysbios_knl_Task_Object__DESC__C)
[...]
00837498   ti_sdo_ipc_nsremote_NameServerRemoteNotify_Module__diagsMask__C
0083749c   ti_sdo_ipc_nsremote_NameServerRemoteNotify_notifyEventId__C
008374a0   ti_sdo_ipc_nsremote_NameServerRemoteNotify_timeout__C
008374a4   ti_sdo_ipc_transports_TransportShmSetup_priority__C
008374a8   ti_sdo_ipc_transports_TransportShm_Instance_State_swiObj__O
008374ac   ti_sdo_ipc_transports_TransportShm_Module__diagsEnabled__C
008374b0   ti_sdo_ipc_transports_TransportShm_Module__diagsIncluded__C
008374b4   ti_sdo_ipc_transports_TransportShm_Module__diagsMask__C
008374b8   ti_sdo_utils_INameServerRemote_Interface__BASE__C
008374bc   ti_sdo_utils_MultiProc_A_invalidMultiProcId__C
008374c0   ti_sdo_utils_MultiProc_Module__diagsEnabled__C
008374c4   ti_sdo_utils_MultiProc_Module__diagsIncluded__C
008374c8   ti_sdo_utils_MultiProc_Module__diagsMask__C
008374cc   ti_sdo_utils_MultiProc_nameList__C
008374d0   ti_sdo_utils_MultiProc_procIdList__C
008374d4   ti_sdo_utils_NameServer_A_invArgument__C
008374d8   ti_sdo_utils_NameServer_A_invalidLen__C
008374dc   ti_sdo_utils_NameServer_E_entryExists__C
008374e0   ti_sdo_utils_NameServer_E_maxReached__C
008374e4   ti_sdo_utils_NameServer_Instance_State_freeList__O
008374e8   ti_sdo_utils_NameServer_Instance_State_nameList__O
008374ec   ti_sdo_utils_NameServer_Module__diagsEnabled__C
008374f0   ti_sdo_utils_NameServer_Module__diagsIncluded__C
008374f4   ti_sdo_utils_NameServer_Module__diagsMask__C
008374f8   ti_sdo_utils_NameServer_Object__count__C
008374fc   ti_sysbios_BIOS_Module__diagsEnabled__C
00837500   ti_sysbios_BIOS_Module__diagsIncluded__C
00837504   ti_sysbios_BIOS_Module__diagsMask__C
00837508   ti_sysbios_BIOS_installedErrorHook__C
0083750c   ti_sysbios_family_c62_TaskSupport_stackAlignment__C
00837510   ti_sysbios_family_c64p_Exception_E_exceptionMin__C
00837514   ti_sysbios_family_c64p_Exception_exceptionHook__C
00837518   ti_sysbios_family_c64p_Exception_externalHook__C
0083751c   ti_sysbios_family_c64p_Exception_internalHook__C
00837520   ti_sysbios_family_c64p_Exception_nmiHook__C
00837524   ti_sysbios_family_c64p_Hwi_E_alreadyDefined__C
00837528   ti_sysbios_family_c64p_Hwi_LD_end__C
0083752c   ti_sysbios_family_c64p_Hwi_LM_begin__C
00837530   ti_sysbios_family_c64p_Hwi_Module__diagsEnabled__C
00837534   ti_sysbios_family_c64p_Hwi_Module__diagsIncluded__C
00837538   ti_sysbios_family_c64p_Hwi_Module__diagsMask__C
0083753c   ti_sysbios_family_c64p_Hwi_Module__loggerFxn1__C
00837540   ti_sysbios_family_c64p_Hwi_Module__loggerFxn8__C
00837544   ti_sysbios_family_c64p_Hwi_Module__loggerObj__C
00837548   ti_sysbios_family_c66_Cache_atomicBlockSize__C
0083754c   ti_sysbios_gates_GateMutexPri_A_badContext__C
00837550   ti_sysbios_gates_GateMutexPri_Instance_State_pendQ__O
00837554   ti_sysbios_gates_GateMutexPri_Module__diagsEnabled__C
00837558   ti_sysbios_gates_GateMutexPri_Module__diagsIncluded__C
0083755c   ti_sysbios_gates_GateMutexPri_Module__diagsMask__C
00837560   ti_sysbios_gates_GateMutex_A_badContext__C
00837564   ti_sysbios_gates_GateMutex_Instance_State_sem__O
00837568   ti_sysbios_gates_GateMutex_Module__diagsEnabled__C
0083756c   ti_sysbios_gates_GateMutex_Module__diagsIncluded__C
00837570   ti_sysbios_gates_GateMutex_Module__diagsMask__C
00837574   ti_sysbios_gates_GateSwi_A_badContext__C
00837578   ti_sysbios_gates_GateSwi_Module__diagsEnabled__C
0083757c   ti_sysbios_gates_GateSwi_Module__diagsIncluded__C
00837580   ti_sysbios_gates_GateSwi_Module__diagsMask__C
00837584   ti_sysbios_hal_Hwi_E_stackOverflow__C
00837588   ti_sysbios_heaps_HeapMem_A_align__C
0083758c   ti_sysbios_heaps_HeapMem_A_heapSize__C
00837590   ti_sysbios_heaps_HeapMem_A_invalidFree__C
00837594   ti_sysbios_heaps_HeapMem_A_zeroBlock__C
00837598   ti_sysbios_heaps_HeapMem_E_memory__C
0083759c   ti_sysbios_heaps_HeapMem_Module__diagsEnabled__C
008375a0   ti_sysbios_heaps_HeapMem_Module__diagsIncluded__C
008375a4   ti_sysbios_heaps_HeapMem_Module__diagsMask__C
008375a8   ti_sysbios_heaps_HeapMem_Module__gateObj__C
008375ac   ti_sysbios_heaps_HeapMem_Object__count__C
008375b0   ti_sysbios_heaps_HeapMem_reqAlignMask__C
008375b4   ti_sysbios_heaps_HeapMem_reqAlign__C
008375b8   ti_sysbios_knl_Clock_A_badThreadType__C
008375bc   ti_sysbios_knl_Clock_LM_begin__C
008375c0   ti_sysbios_knl_Clock_LM_tick__C
008375c4   ti_sysbios_knl_Clock_LW_delayed__C
008375c8   ti_sysbios_knl_Clock_Module_State_clockQ__O
008375cc   ti_sysbios_knl_Clock_Module__diagsEnabled__C
008375d0   ti_sysbios_knl_Clock_Module__diagsIncluded__C
008375d4   ti_sysbios_knl_Clock_Module__diagsMask__C
008375d8   ti_sysbios_knl_Clock_Module__loggerFxn1__C
008375dc   ti_sysbios_knl_Clock_Module__loggerFxn2__C
008375e0   ti_sysbios_knl_Clock_Module__loggerObj__C
008375e4   ti_sysbios_knl_Clock_tickMode__C
008375e8   ti_sysbios_knl_Clock_tickPeriod__C
008375ec   ti_sysbios_knl_Clock_tickSource__C
008375f0   ti_sysbios_knl_Idle_funcList__A
008375f4   ti_sysbios_knl_Semaphore_A_badContext__C
008375f8   ti_sysbios_knl_Semaphore_A_noEvents__C
008375fc   ti_sysbios_knl_Semaphore_Instance_State_pendQ__O
00837600   ti_sysbios_knl_Semaphore_LM_pend__C
00837604   ti_sysbios_knl_Semaphore_LM_post__C
00837608   ti_sysbios_knl_Semaphore_Module__diagsEnabled__C
0083760c   ti_sysbios_knl_Semaphore_Module__diagsIncluded__C
00837610   ti_sysbios_knl_Semaphore_Module__diagsMask__C
00837614   ti_sysbios_knl_Semaphore_Module__loggerFxn2__C
00837618   ti_sysbios_knl_Semaphore_Module__loggerFxn4__C
0083761c   ti_sysbios_knl_Semaphore_Module__loggerObj__C
00837620   ti_sysbios_knl_Swi_A_badPriority__C
00837624   ti_sysbios_knl_Swi_LD_end__C
00837628   ti_sysbios_knl_Swi_LM_begin__C
0083762c   ti_sysbios_knl_Swi_LM_post__C
00837630   ti_sysbios_knl_Swi_Module__diagsEnabled__C
00837634   ti_sysbios_knl_Swi_Module__diagsIncluded__C
00837638   ti_sysbios_knl_Swi_Module__diagsMask__C
0083763c   ti_sysbios_knl_Swi_Module__loggerFxn1__C
00837640   ti_sysbios_knl_Swi_Module__loggerFxn4__C
00837644   ti_sysbios_knl_Swi_Module__loggerObj__C
00837648   ti_sysbios_knl_Swi_Object__count__C
0083764c   ti_sysbios_knl_Task_A_badPriority__C
00837650   ti_sysbios_knl_Task_A_badTaskState__C
00837654   ti_sysbios_knl_Task_A_badThreadType__C
00837658   ti_sysbios_knl_Task_A_badTimeout__C
0083765c   ti_sysbios_knl_Task_A_noPendElem__C
00837660   ti_sysbios_knl_Task_E_spOutOfBounds__C
00837664   ti_sysbios_knl_Task_E_stackOverflow__C
00837668   ti_sysbios_knl_Task_LD_block__C
0083766c   ti_sysbios_knl_Task_LD_exit__C
00837670   ti_sysbios_knl_Task_LD_ready__C
00837674   ti_sysbios_knl_Task_LM_setPri__C
00837678   ti_sysbios_knl_Task_LM_sleep__C
0083767c   ti_sysbios_knl_Task_LM_switch__C
00837680   ti_sysbios_knl_Task_LM_yield__C
00837684   ti_sysbios_knl_Task_Module_State_inactiveQ__O
00837688   ti_sysbios_knl_Task_Module_State_terminatedQ__O
0083768c   ti_sysbios_knl_Task_Module__diagsEnabled__C
00837690   ti_sysbios_knl_Task_Module__diagsIncluded__C
00837694   ti_sysbios_knl_Task_Module__diagsMask__C
00837698   ti_sysbios_knl_Task_Module__loggerFxn2__C
0083769c   ti_sysbios_knl_Task_Module__loggerFxn4__C
008376a0   ti_sysbios_knl_Task_Module__loggerObj__C
008376a4   ti_sysbios_knl_Task_Object__count__C
008376a8   ti_sysbios_knl_Task_Object__heap__C
008376ac   ti_sysbios_knl_Task_allBlockedFunc__C
008376b0   ti_sysbios_knl_Task_defaultStackHeap__C
008376b4   ti_sysbios_knl_Task_defaultStackSize__C
008376b8   ti_sysbios_knl_Task_numConstructedTasks__C
008376bc   ti_sysbios_knl_Task_numPriorities__C
008376c0   ti_sysbios_syncs_SyncSem_Module__diagsEnabled__C
008376c4   ti_sysbios_syncs_SyncSem_Module__diagsIncluded__C
008376c8   ti_sysbios_syncs_SyncSem_Module__diagsMask__C
008376cc   ti_sysbios_timers_timer64_Timer_A_notAvailable__C
008376d0   ti_sysbios_timers_timer64_Timer_E_cannotSupport__C
008376d4   ti_sysbios_timers_timer64_Timer_Module__diagsEnabled__C
008376d8   ti_sysbios_timers_timer64_Timer_Module__diagsIncluded__C
008376dc   ti_sysbios_timers_timer64_Timer_Module__diagsMask__C
008376e0   ti_sysbios_timers_timer64_Timer_anyMask__C
008376e4   ti_sysbios_timers_timer64_Timer_freqDivisor__C
008376e8   ti_sysbios_timers_timer64_Timer_numLocalTimers__C
008376ec   ti_sysbios_timers_timer64_Timer_numTimerDevices__C
008376f0   ti_sysbios_xdcruntime_GateThreadSupport_Instance_State_gate__O
008376f4   xdc_runtime_Assert_E_assertFailed__C
008376f8   xdc_runtime_Core_A_initializedParams__C
008376fc   xdc_runtime_Core_Module__diagsEnabled__C
00837700   xdc_runtime_Core_Module__diagsIncluded__C
00837704   xdc_runtime_Core_Module__diagsMask__C
00837708   xdc_runtime_Error_E_generic__C
0083770c   xdc_runtime_Error_E_memory__C
00837710   xdc_runtime_Error_Module__diagsEnabled__C
00837714   xdc_runtime_Error_Module__diagsIncluded__C
00837718   xdc_runtime_Error_Module__diagsMask__C
0083771c   xdc_runtime_Error_Module__loggerFxn8__C
00837720   xdc_runtime_Error_Module__loggerObj__C
00837724   xdc_runtime_Error_policy__C
00837728   xdc_runtime_Error_raiseHook__C
0083772c   xdc_runtime_IGateProvider_Interface__BASE__C
00837730   xdc_runtime_IHeap_Interface__BASE__C
00837734   xdc_runtime_IModule_Interface__BASE__C
00837738   xdc_runtime_Log_L_error__C
0083773c   xdc_runtime_Memory_defaultHeapInstance__C
00837740   xdc_runtime_Startup_execImpl__C
00837744   xdc_runtime_Startup_maxPasses__C
00837748   xdc_runtime_Startup_sfxnRts__C
0083774c   xdc_runtime_Startup_sfxnTab__C
00837750   xdc_runtime_Startup_lastFxns__A
00837754   xdc_runtime_System_Module__gateObj__C
00837758   xdc_runtime_System_extendFxn__C
0083775c   xdc_runtime_System_maxAtexitHandlers__C
00837760   xdc_runtime_Text_charTab__C
00837764   xdc_runtime_Text_nameEmpty__C
00837768   xdc_runtime_Text_nameStatic__C
0083776c   xdc_runtime_Text_nameUnknown__C
00837770   xdc_runtime_Text_nodeTab__C
00837774   xdc_runtime_Text_visitRopeFxn__C
00837778   xdc_runtime_knl_ISync_Interface__BASE__C
0083777c   ti_sdo_ipc_GateMP_Module__id__C
00837780   ti_sdo_ipc_GateMP_Module__loggerDefined__C
00837784   ti_sdo_ipc_Ipc_Module__id__C
00837788   ti_sdo_ipc_Ipc_generateSlaveDataForHost__C
0083778c   ti_sdo_ipc_ListMP_Module__id__C
00837790   ti_sdo_ipc_MessageQ_Module__id__C
00837794   ti_sdo_ipc_MessageQ_Module__loggerDefined__C
00837798   ti_sdo_ipc_Notify_Module__id__C
0083779c   ti_sdo_ipc_Notify_numLines__C
008377a0   ti_sdo_ipc_Notify_reservedEvents__C
008377a4   ti_sdo_ipc_SharedRegion_Module__id__C
008377a8   ti_sdo_ipc_SharedRegion_numEntries__C
008377ac   ti_sdo_ipc_SharedRegion_translate__C
008377b0   ti_sdo_ipc_family_c647x_Interrupt_enableKick__C
008377b4   ti_sdo_ipc_family_c647x_MultiProcSetup_Module__id__C
008377b8   ti_sdo_ipc_gates_GateHWSem_Module__id__C
008377bc   ti_sdo_ipc_gates_GateMPSupportNull_Module__id__C
008377c0   ti_sdo_ipc_gates_GatePeterson_Module__id__C
008377c4   ti_sdo_ipc_heaps_HeapBufMP_Module__id__C
008377c8   ti_sdo_ipc_heaps_HeapBufMP_trackAllocs__C
008377cc   ti_sdo_ipc_heaps_HeapMemMP_Module__id__C
008377d0   ti_sdo_ipc_notifyDrivers_NotifyDriverShm_Module__id__C
008377d4   ti_sdo_ipc_nsremote_NameServerRemoteNotify_Module__id__C
008377d8   ti_sdo_ipc_transports_TransportShm_Module__id__C
008377dc   ti_sdo_ipc_transports_TransportShm_notifyEventId__C
008377e0   ti_sdo_utils_MultiProc_Module__id__C
008377e4   ti_sdo_utils_MultiProc_numProcessors__C
008377e8   ti_sdo_utils_MultiProc_numProcsInCluster__C
008377ec   ti_sdo_utils_NameServer_Module__id__C
008377f0   ti_sdo_utils_NameServer_singleProcessor__C
008377f4   ti_sysbios_BIOS_Module__id__C
008377f8   ti_sysbios_family_c64p_Exception_Module__id__C
008377fc   ti_sysbios_family_c64p_Hwi_Module__id__C
00837800   ti_sysbios_family_c64p_Hwi_Module__loggerDefined__C
00837804   ti_sysbios_gates_GateMutexPri_Module__id__C
00837808   ti_sysbios_gates_GateMutex_Module__id__C
0083780c   ti_sysbios_gates_GateSwi_Module__id__C
00837810   ti_sysbios_hal_Hwi_Module__id__C
00837814   ti_sysbios_heaps_HeapMem_Module__id__C
00837818   ti_sysbios_knl_Clock_Module__id__C
0083781c   ti_sysbios_knl_Clock_Module__loggerDefined__C
00837820   ti_sysbios_knl_Semaphore_Module__id__C
00837824   ti_sysbios_knl_Semaphore_Module__loggerDefined__C
00837828   ti_sysbios_knl_Swi_Module__id__C
0083782c   ti_sysbios_knl_Swi_Module__loggerDefined__C
00837830   ti_sysbios_knl_Task_Module__id__C
00837834   ti_sysbios_knl_Task_Module__loggerDefined__C
00837838   ti_sysbios_knl_Task_deleteTerminatedTasks__C
0083783c   ti_sysbios_knl_Task_initStackFlag__C
00837840   ti_sysbios_syncs_SyncSem_Module__id__C
00837844   ti_sysbios_timers_timer64_Timer_Module__id__C
00837848   ti_sysbios_timers_timer64_Timer_startupNeeded__C
0083784c   xdc_runtime_Core_Module__id__C
00837850   xdc_runtime_Error_Module__loggerDefined__C
00837854   xdc_runtime_Error_maxDepth__C
00837858   xdc_runtime_Memory_Module__id__C
0083785c   xdc_runtime_Text_charCnt__C
00837860   xdc_runtime_Text_isLoaded__C
00837864   xdc_runtime_Text_registryModsLastId__C
00837868   xdc_runtime_Text_unnamedModsLastId__C
00837870   ti_sdo_ipc_GateMP_Module_State_0_remoteCustom1Gates__A
00838070   ti_sdo_ipc_GateMP_Module__root__V
00838078   ti_sdo_ipc_GateMP_Module__state__V
008380c0   ti_sdo_ipc_Ipc_Module__state__V
008380cc   ti_sdo_ipc_ListMP_Module__root__V
008380d4   ti_sdo_ipc_ListMP_Module__state__V
008380d8   ti_sdo_ipc_MessageQ_Module__root__V
008380e0   ti_sdo_ipc_MessageQ_Module__state__V
008380fc   ti_sdo_ipc_Notify_Module__root__V
00838104   ti_sdo_ipc_Notify_Module__state__V
0083810c   ti_sdo_ipc_SharedRegion_Module__state__V
00838110   ti_sdo_ipc_family_c647x_Interrupt_Module__state__V
00838118   ti_sdo_ipc_gates_GateHWSem_Module__root__V
00838120   ti_sdo_ipc_gates_GateMPSupportNull_Module__root__V
00838128   ti_sdo_ipc_gates_GatePeterson_Module__root__V
00838130   ti_sdo_ipc_heaps_HeapBufMP_Module__root__V
00838138   ti_sdo_ipc_heaps_HeapBufMP_Module__state__V
0083813c   ti_sdo_ipc_heaps_HeapMemMP_Module__root__V
00838144   ti_sdo_ipc_heaps_HeapMemMP_Module__state__V
00838148   ti_sdo_ipc_notifyDrivers_NotifyDriverShm_Module__root__V
00838150   ti_sdo_ipc_nsremote_NameServerRemoteNotify_Module__root__V
00838158   ti_sdo_ipc_transports_TransportShm_Module__root__V
00838160   ti_sdo_ipc_transports_TransportShmSetup_Module__state__V
00838164   ti_sdo_utils_List_Module__root__V
0083816c   ti_sdo_utils_MultiProc_Module__state__V
00838170   ti_sdo_utils_NameServer_Module__root__V
00838178   ti_sdo_utils_NameServer_Module__state__V
00838180   ti_sdo_utils_NameServerRemoteNull_Module__root__V
00838188   ti_sysbios_BIOS_Module__state__V
008381a4   ti_sysbios_family_c64p_Exception_Module__state__V
008381d0   ti_sysbios_family_c64p_Hwi_Module__root__V
008381d8   ti_sysbios_family_c64p_Hwi_Module__state__V
0083823c   ti_sysbios_gates_GateAll_Module__root__V
00838244   ti_sysbios_gates_GateHwi_Module__root__V
0083824c   ti_sysbios_gates_GateMutex_Module__root__V
00838254   ti_sysbios_gates_GateMutexPri_Module__root__V
0083825c   ti_sysbios_gates_GateSwi_Module__root__V
00838264   ti_sysbios_hal_Hwi_Module__root__V
0083826c   ti_sysbios_hal_Timer_Module__root__V
00838274   ti_sysbios_heaps_HeapMem_Module__root__V
0083827c   ti_sysbios_knl_Clock_Module__root__V
00838284   ti_sysbios_knl_Clock_Module__state__V
008382b0   ti_sysbios_knl_Queue_Module__root__V
008382b8   ti_sysbios_knl_Semaphore_Module__root__V
008382c0   ti_sysbios_knl_Swi_Module__root__V
008382c8   ti_sysbios_knl_Swi_Module__state__V
008382e4   ti_sysbios_knl_Task_Module__root__V
008382ec   ti_sysbios_knl_Task_Module__state__V
00838320   ti_sysbios_syncs_SyncSem_Module__root__V
00838328   ti_sysbios_timers_timer64_Timer_Module__root__V
00838330   ti_sysbios_timers_timer64_Timer_Module__state__V
00838344   ti_sysbios_xdcruntime_GateThreadSupport_Module__root__V
0083834c   xdc_runtime_Error_Module__state__V
00838350   xdc_runtime_GateNull_Module__root__V
00838358   xdc_runtime_Memory_Module__state__V
0083835c   xdc_runtime_Registry_Module__state__V
00838364   xdc_runtime_Startup_Module__state__V
0083836c   xdc_runtime_System_Module__state__V
00838378   xdc_runtime_Text_Module__state__V
00838380   xdc_runtime_knl_GateThread_Module__root__V
00838388   __xdc__init__addr
0083838c   _ft_end
00838390   _ftable
00838570   ti_sysbios_timers_timer64_Timer_Module_State_0_device__A
008386f0   ti_sdo_utils_NameServer_Object__table__V
00838808   _lock
0083880c   _unlock
008388b0   ti_sdo_ipc_Ipc_Module_State_0_procEntry__A
00838950   ti_sdo_ipc_SharedRegion_Module_State_0_regions__A
008389e0   ti_sdo_ipc_GateMP_Module_State_0_remoteSystemGates__A
00838a60   ti_sysbios_knl_Swi_Module_State_0_readyQ__A
00838ae0   ti_sysbios_knl_Task_Module_State_0_readyQ__A
00838b60   ti_sysbios_timers_timer64_Timer_Module_State_0_gctrl__A
00838be0   ti_sysbios_timers_timer64_Timer_Module_State_0_handles__A
00838c60   ti_sysbios_timers_timer64_Timer_Module_State_0_intFreqs__A
00838d60   ti_sysbios_timers_timer64_Timer_Object__table__V
00838db0   TSK_idle
00838db0   ti_sysbios_knl_Task_Object__table__V
00838df4   _cleanup_ptr
00838df8   _dtors_ptr
00838dfc   __TI_enable_exit_profile_output
00838e00   ti_sdo_ipc_MessageQ_Module_State_0_transports__A
00838e40   ti_sdo_ipc_family_c647x_Interrupt_Module_State_0_fxnTable__A
00838e80   ti_sysbios_gates_GateMutex_Object__table__V
00838ec0   ti_sysbios_knl_Swi_Object__table__V
00838ef0   ti_sdo_ipc_MessageQ_Module_State_0_heaps__A
00838f10   ti_sdo_ipc_Notify_Module_State_0_notifyHandles__A
00838f30   ti_sdo_ipc_transports_TransportShmSetup_Module_State_0_handles__A
00838f50   xdc_runtime_System_Module_State_0_atexitHandlers__A
00838f70   ti_sysbios_family_c64p_Hwi_Object__table__V
00838f90   ti_sysbios_gates_GateMutexPri_Object__table__V
00838fb0   ti_sysbios_heaps_HeapMem_Object__table__V
00838fd0   ti_sysbios_gates_GateAll_Object__table__V
00838fe0   ti_sysbios_gates_GateSwi_Object__table__V
00838ff0   ti_sysbios_hal_Hwi_Object__table__V
00839000   ti_sysbios_hal_Timer_Object__table__V
00839010   ti_sdo_ipc_GateMP_Module_State_0_remoteCustom2Gates__A
00839020   ti_sdo_ipc_Notify_Module_State_0_notifyHandles_0__A
00839030   ti_sdo_ipc_Notify_Module_State_0_notifyHandles_1__A
00839040   ti_sdo_ipc_Notify_Module_State_0_notifyHandles_2__A
00839050   ti_sdo_ipc_Notify_Module_State_0_notifyHandles_3__A
00839060   ti_sdo_ipc_Notify_Module_State_0_notifyHandles_4__A
00839070   ti_sdo_ipc_Notify_Module_State_0_notifyHandles_5__A
00839080   ti_sdo_ipc_Notify_Module_State_0_notifyHandles_6__A
00839090   ti_sdo_ipc_Notify_Module_State_0_notifyHandles_7__A
008390a0   ti_sysbios_gates_GateHwi_Object__table__V
008390b0   xdc_runtime_GateNull_Object__table__V
008390b8   _stack
0083a0b8   __CIOBUF_
0083a0b8   __TI_STACK_END
0083a400   ti_sysbios_family_c64p_Hwi0
0083a420   ti_sysbios_family_c64p_Hwi1
0083a440   ti_sysbios_family_c64p_Hwi2
0083a460   ti_sysbios_family_c64p_Hwi3
0083a480   ti_sysbios_family_c64p_Hwi4
0083a4a0   ti_sysbios_family_c64p_Hwi5
0083a4c0   ti_sysbios_family_c64p_Hwi6
0083a4e0   ti_sysbios_family_c64p_Hwi7
0083a500   ti_sysbios_family_c64p_Hwi8
0083a520   ti_sysbios_family_c64p_Hwi9
0083a540   ti_sysbios_family_c64p_Hwi10
0083a560   ti_sysbios_family_c64p_Hwi11
0083a580   ti_sysbios_family_c64p_Hwi12
0083a5a0   ti_sysbios_family_c64p_Hwi13
0083a5c0   ti_sysbios_family_c64p_Hwi14
0083a5e0   ti_sysbios_family_c64p_Hwi15
0083ae40   __TI_Handler_Table_Base
0083ae4c   __TI_Handler_Table_Limit
0083aef0   __TI_CINIT_Base
0083af90   __TI_CINIT_Limit
ffffffff   __TI_pprof_out_hndl
ffffffff   __TI_prof_data_size
ffffffff   __TI_prof_data_start
ffffffff   __binit__
ffffffff   __c_args__
ffffffff   binit

[1348 symbols]
